Archive member included to satisfy reference by file (symbol)

/usr/lib/gcc/arm-none-eabi/8.3.1/thumb/v6-m/nofp/libgcc.a(_dvmd_tls.o)
                              CMakeFiles/FatFS_SPI_example.dir/home/steve/pico/pico-sdk/src/rp2_common/pico_divider/divider.S.obj (__aeabi_idiv0)
/usr/lib/gcc/arm-none-eabi/8.3.1/../../../arm-none-eabi/lib/thumb/v6-m/nofp/libc.a(lib_a-atexit.o)
                              /usr/lib/gcc/arm-none-eabi/8.3.1/../../../arm-none-eabi/lib/thumb/v6-m/nofp/crt0.o (atexit)
/usr/lib/gcc/arm-none-eabi/8.3.1/../../../arm-none-eabi/lib/thumb/v6-m/nofp/libc.a(lib_a-atoi.o)
                              CMakeFiles/FatFS_SPI_example.dir/FatFS_SPI_example.cpp.obj (atoi)
/usr/lib/gcc/arm-none-eabi/8.3.1/../../../arm-none-eabi/lib/thumb/v6-m/nofp/libc.a(lib_a-calloc.o)
                              CMakeFiles/FatFS_SPI_example.dir/home/steve/pico/pico-sdk/src/rp2_common/pico_malloc/pico_malloc.c.obj (calloc)
/usr/lib/gcc/arm-none-eabi/8.3.1/../../../arm-none-eabi/lib/thumb/v6-m/nofp/libc.a(lib_a-callocr.o)
                              /usr/lib/gcc/arm-none-eabi/8.3.1/../../../arm-none-eabi/lib/thumb/v6-m/nofp/libc.a(lib_a-calloc.o) (_calloc_r)
/usr/lib/gcc/arm-none-eabi/8.3.1/../../../arm-none-eabi/lib/thumb/v6-m/nofp/libc.a(lib_a-errno.o)
                              CMakeFiles/FatFS_SPI_example.dir/tests/big_file_test.c.obj (__errno)
/usr/lib/gcc/arm-none-eabi/8.3.1/../../../arm-none-eabi/lib/thumb/v6-m/nofp/libc.a(lib_a-fflush.o)
                              CMakeFiles/FatFS_SPI_example.dir/tests/simple.c.obj (fflush)
/usr/lib/gcc/arm-none-eabi/8.3.1/../../../arm-none-eabi/lib/thumb/v6-m/nofp/libc.a(lib_a-findfp.o)
                              /usr/lib/gcc/arm-none-eabi/8.3.1/../../../arm-none-eabi/lib/thumb/v6-m/nofp/libc.a(lib_a-fflush.o) (__sinit)
/usr/lib/gcc/arm-none-eabi/8.3.1/../../../arm-none-eabi/lib/thumb/v6-m/nofp/libc.a(lib_a-fini.o)
                              /usr/lib/gcc/arm-none-eabi/8.3.1/../../../arm-none-eabi/lib/thumb/v6-m/nofp/crt0.o (__libc_fini_array)
/usr/lib/gcc/arm-none-eabi/8.3.1/../../../arm-none-eabi/lib/thumb/v6-m/nofp/libc.a(lib_a-freer.o)
                              /usr/lib/gcc/arm-none-eabi/8.3.1/../../../arm-none-eabi/lib/thumb/v6-m/nofp/libc.a(lib_a-fflush.o) (_free_r)
/usr/lib/gcc/arm-none-eabi/8.3.1/../../../arm-none-eabi/lib/thumb/v6-m/nofp/libc.a(lib_a-fwalk.o)
                              /usr/lib/gcc/arm-none-eabi/8.3.1/../../../arm-none-eabi/lib/thumb/v6-m/nofp/libc.a(lib_a-findfp.o) (_fwalk)
/usr/lib/gcc/arm-none-eabi/8.3.1/../../../arm-none-eabi/lib/thumb/v6-m/nofp/libc.a(lib_a-impure.o)
                              /usr/lib/gcc/arm-none-eabi/8.3.1/../../../arm-none-eabi/lib/thumb/v6-m/nofp/libc.a(lib_a-fflush.o) (_global_impure_ptr)
/usr/lib/gcc/arm-none-eabi/8.3.1/../../../arm-none-eabi/lib/thumb/v6-m/nofp/libc.a(lib_a-init.o)
                              /usr/lib/gcc/arm-none-eabi/8.3.1/../../../arm-none-eabi/lib/thumb/v6-m/nofp/crt0.o (__libc_init_array)
/usr/lib/gcc/arm-none-eabi/8.3.1/../../../arm-none-eabi/lib/thumb/v6-m/nofp/libc.a(lib_a-isprint.o)
                              CMakeFiles/FatFS_SPI_example.dir/FatFS_SPI_example.cpp.obj (isprint)
/usr/lib/gcc/arm-none-eabi/8.3.1/../../../arm-none-eabi/lib/thumb/v6-m/nofp/libc.a(lib_a-isspace.o)
                              CMakeFiles/FatFS_SPI_example.dir/FatFS_SPI_example.cpp.obj (isspace)
/usr/lib/gcc/arm-none-eabi/8.3.1/../../../arm-none-eabi/lib/thumb/v6-m/nofp/libc.a(lib_a-lcltime.o)
                              CMakeFiles/FatFS_SPI_example.dir/FatFS_SPI_example.cpp.obj (localtime)
/usr/lib/gcc/arm-none-eabi/8.3.1/../../../arm-none-eabi/lib/thumb/v6-m/nofp/libc.a(lib_a-lcltime_r.o)
                              CMakeFiles/FatFS_SPI_example.dir/data_log_demo.c.obj (localtime_r)
/usr/lib/gcc/arm-none-eabi/8.3.1/../../../arm-none-eabi/lib/thumb/v6-m/nofp/libc.a(lib_a-malloc.o)
                              CMakeFiles/FatFS_SPI_example.dir/home/steve/pico/pico-sdk/src/rp2_common/pico_malloc/pico_malloc.c.obj (malloc)
/usr/lib/gcc/arm-none-eabi/8.3.1/../../../arm-none-eabi/lib/thumb/v6-m/nofp/libc.a(lib_a-mallocr.o)
                              /usr/lib/gcc/arm-none-eabi/8.3.1/../../../arm-none-eabi/lib/thumb/v6-m/nofp/libc.a(lib_a-callocr.o) (_malloc_r)
/usr/lib/gcc/arm-none-eabi/8.3.1/../../../arm-none-eabi/lib/thumb/v6-m/nofp/libc.a(lib_a-memcmp.o)
                              CMakeFiles/FatFS_SPI_example.dir/tests/ff_stdio_tests_with_cwd.c.obj (memcmp)
/usr/lib/gcc/arm-none-eabi/8.3.1/../../../arm-none-eabi/lib/thumb/v6-m/nofp/libc.a(lib_a-mktime.o)
                              CMakeFiles/FatFS_SPI_example.dir/home/steve/apricot-hd/c/no-OS-FatFS/FatFs_SPI/src/rtc.c.obj (mktime)
/usr/lib/gcc/arm-none-eabi/8.3.1/../../../arm-none-eabi/lib/thumb/v6-m/nofp/libc.a(lib_a-mlock.o)
                              /usr/lib/gcc/arm-none-eabi/8.3.1/../../../arm-none-eabi/lib/thumb/v6-m/nofp/libc.a(lib_a-freer.o) (__malloc_lock)
[...]
Memory Configuration

Name             Origin             Length             Attributes
FLASH            0x0000000010000000 0x0000000000200000 xr
RAM              0x0000000020000000 0x0000000000040000 xrw
SCRATCH_X        0x0000000020040000 0x0000000000001000 xrw
SCRATCH_Y        0x0000000020041000 0x0000000000001000 xrw
*default*        0x0000000000000000 0xffffffffffffffff

Linker script and memory map

LOAD /usr/lib/gcc/arm-none-eabi/8.3.1/thumb/v6-m/nofp/crti.o
LOAD /usr/lib/gcc/arm-none-eabi/8.3.1/thumb/v6-m/nofp/crtbegin.o
LOAD /usr/lib/gcc/arm-none-eabi/8.3.1/../../../arm-none-eabi/lib/thumb/v6-m/nofp/crt0.o

.flash_begin    0x0000000010000000        0x0
                0x0000000010000000                __flash_binary_start = .

.boot2          0x0000000010000000      0x100
                0x0000000010000000                __boot2_start__ = .
 *(.boot2)
 .boot2         0x0000000010000000      0x100 /tmp/ccjmC00p.o
                0x0000000010000100                __boot2_end__ = .
                0x0000000000000001                ASSERT (((__boot2_end__ - __boot2_start__) == 0x100), ERROR: Pico second stage bootloader must be 256 bytes in size)

.text           0x0000000010000100    0x1ec90
                0x0000000010000100                __logical_binary_start = .
 *(.vectors)
 .vectors       0x0000000010000100       0xd4 CMakeFiles/FatFS_SPI_example.dir/home/steve/pico/pico-sdk/src/rp2_common/pico_standard_link/crt0.S.obj
                0x0000000010000100                __vectors
                0x0000000010000100                __VECTOR_TABLE
                0x00000000100001c0                isr_invalid
                0x00000000100001c0                __default_isrs_start
                0x00000000100001c2                isr_nmi
                0x00000000100001c4                isr_hardfault
                0x00000000100001c6                isr_svcall
                0x00000000100001c8                isr_pendsv
                0x00000000100001ca                isr_systick
                0x00000000100001cc                isr_irq30
                0x00000000100001cc                __unhandled_user_irq
                0x00000000100001cc                isr_irq13
                0x00000000100001cc                isr_irq27
                0x00000000100001cc                isr_irq31
                0x00000000100001cc                isr_irq5
                0x00000000100001cc                isr_irq11
                0x00000000100001cc                isr_irq23
                0x00000000100001cc                isr_irq18
                0x00000000100001cc                isr_irq28
                0x00000000100001cc                isr_irq19
                0x00000000100001cc                isr_irq0
                0x00000000100001cc                isr_irq6
                0x00000000100001cc                isr_irq22
                0x00000000100001cc                isr_irq17
                0x00000000100001cc                isr_irq14
                0x00000000100001cc                isr_irq2
                0x00000000100001cc                isr_irq10
                0x00000000100001cc                isr_irq8
                0x00000000100001cc                isr_irq24
                0x00000000100001cc                isr_irq1
                0x00000000100001cc                isr_irq7
                0x00000000100001cc                isr_irq21
                0x00000000100001cc                isr_irq20
                0x00000000100001cc                isr_irq15
                0x00000000100001cc                isr_irq25
                0x00000000100001cc                isr_irq4
                0x00000000100001cc                isr_irq16
                0x00000000100001cc                isr_irq29
                0x00000000100001cc                isr_irq26
                0x00000000100001cc                __default_isrs_end
                0x00000000100001cc                isr_irq3
                0x00000000100001cc                isr_irq12
                0x00000000100001cc                isr_irq9
                0x00000000100001d2                unhandled_user_irq_num_in_r0
 *(.binary_info_header)
 .binary_info_header
                0x00000000100001d4       0x14 CMakeFiles/FatFS_SPI_example.dir/home/steve/pico/pico-sdk/src/rp2_common/pico_standard_link/crt0.S.obj
                0x00000000100001e8                __binary_info_header_end = .
 *(.reset)
 .reset         0x00000000100001e8       0xa8 CMakeFiles/FatFS_SPI_example.dir/home/steve/pico/pico-sdk/src/rp2_common/pico_standard_link/crt0.S.obj
                0x00000000100001e8                _entry_point
                0x0000000010000266                __get_current_exception
 .reset         0x0000000010000290       0x30 CMakeFiles/FatFS_SPI_example.dir/home/steve/pico/pico-sdk/src/rp2_common/pico_standard_link/binary_info.c.obj
 *(.init)
 .init          0x00000000100002c0        0x4 /usr/lib/gcc/arm-none-eabi/8.3.1/thumb/v6-m/nofp/crti.o
                0x00000000100002c0                _init
 *(EXCLUDE_FILE(*libm.a: *libc.a:*lib_a-mem*.o *libgcc.a:) .text*)
 .text          0x00000000100002c4       0x98 /usr/lib/gcc/arm-none-eabi/8.3.1/thumb/v6-m/nofp/crtbegin.o
 .text._ZL15run_stop_loggerv
                0x000000001000035c        0xc CMakeFiles/FatFS_SPI_example.dir/FatFS_SPI_example.cpp.obj
 .text._ZL8run_helpv
                0x0000000010000368       0x24 CMakeFiles/FatFS_SPI_example.dir/FatFS_SPI_example.cpp.obj
 .text._ZL16run_start_loggerv
                0x000000001000038c       0x3c CMakeFiles/FatFS_SPI_example.dir/FatFS_SPI_example.cpp.obj
 .text._ZL8del_nodePKc
                0x00000000100003c8       0x58 CMakeFiles/FatFS_SPI_example.dir/FatFS_SPI_example.cpp.obj
 .text._ZL10run_swcwdtv
                0x0000000010000420       0x10 CMakeFiles/FatFS_SPI_example.dir/FatFS_SPI_example.cpp.obj
 .text._ZL8run_cdefv
                0x0000000010000430       0x18 CMakeFiles/FatFS_SPI_example.dir/FatFS_SPI_example.cpp.obj
 .text._ZL15run_loop_swcwdtv
                0x0000000010000448       0x2c CMakeFiles/FatFS_SPI_example.dir/FatFS_SPI_example.cpp.obj
 .text._ZL12run_del_nodev
                0x0000000010000474       0x24 CMakeFiles/FatFS_SPI_example.dir/FatFS_SPI_example.cpp.obj
 .text._ZL9run_mkdirv
                0x0000000010000498       0x3c CMakeFiles/FatFS_SPI_example.dir/FatFS_SPI_example.cpp.obj
 .text._ZL17run_big_file_testv
                0x00000000100004d4       0x54 CMakeFiles/FatFS_SPI_example.dir/FatFS_SPI_example.cpp.obj
 .text._ZL7run_catv
                0x0000000010000528       0x7c CMakeFiles/FatFS_SPI_example.dir/FatFS_SPI_example.cpp.obj
 .text._ZL6run_cdv
                0x00000000100005a4       0x3c CMakeFiles/FatFS_SPI_example.dir/FatFS_SPI_example.cpp.obj
 .text._ZL11run_chdrivev
                0x00000000100005e0       0x38 CMakeFiles/FatFS_SPI_example.dir/FatFS_SPI_example.cpp.obj
 .text._ZL9run_lliotv
                0x0000000010000618       0x28 CMakeFiles/FatFS_SPI_example.dir/FatFS_SPI_example.cpp.obj
 .text._ZL8run_datev
                0x0000000010000640       0x74 CMakeFiles/FatFS_SPI_example.dir/FatFS_SPI_example.cpp.obj
 .text._ZL10run_setrtcv
                0x00000000100006b4       0xb8 CMakeFiles/FatFS_SPI_example.dir/FatFS_SPI_example.cpp.obj
 .text._ZL20card_detect_callbackjm
                0x000000001000076c       0xb0 CMakeFiles/FatFS_SPI_example.dir/FatFS_SPI_example.cpp.obj
 .text._ZL11run_unmountv
                0x000000001000081c       0xf4 CMakeFiles/FatFS_SPI_example.dir/FatFS_SPI_example.cpp.obj
 .text._ZL10run_formatv
                0x0000000010000910       0x8c CMakeFiles/FatFS_SPI_example.dir/FatFS_SPI_example.cpp.obj
 .text._ZL9run_mountv
                0x000000001000099c       0xec CMakeFiles/FatFS_SPI_example.dir/FatFS_SPI_example.cpp.obj
 .text._ZL11run_getfreev
                0x0000000010000a88       0xb4 CMakeFiles/FatFS_SPI_example.dir/FatFS_SPI_example.cpp.obj
 .text.ls       0x0000000010000b3c       0xe4 CMakeFiles/FatFS_SPI_example.dir/FatFS_SPI_example.cpp.obj
                0x0000000010000b3c                ls
 .text._ZL6run_lsv
                0x0000000010000c20       0x20 CMakeFiles/FatFS_SPI_example.dir/FatFS_SPI_example.cpp.obj
 .text.startup.main
                0x0000000010000c40      0x1e4 CMakeFiles/FatFS_SPI_example.dir/FatFS_SPI_example.cpp.obj
                0x0000000010000c40                main
 .text.spi_dma_isr
                0x0000000010000e24       0x10 CMakeFiles/FatFS_SPI_example.dir/hw_config.c.obj
                0x0000000010000e24                spi_dma_isr
 .text.sd_get_num
                0x0000000010000e34        0x4 CMakeFiles/FatFS_SPI_example.dir/hw_config.c.obj
                0x0000000010000e34                sd_get_num
 .text.sd_get_by_num
                0x0000000010000e38       0x1c CMakeFiles/FatFS_SPI_example.dir/hw_config.c.obj
                0x0000000010000e38                sd_get_by_num
 .text.spi_get_num
                0x0000000010000e54        0x4 CMakeFiles/FatFS_SPI_example.dir/hw_config.c.obj
                0x0000000010000e54                spi_get_num
 .text.spi_get_by_num
                0x0000000010000e58       0x14 CMakeFiles/FatFS_SPI_example.dir/hw_config.c.obj
                0x0000000010000e58                spi_get_by_num
 .text.process_logger
                0x0000000010000e6c      0x25c CMakeFiles/FatFS_SPI_example.dir/data_log_demo.c.obj
                0x0000000010000e6c                process_logger
 .text.simple   0x00000000100010c8      0x42c CMakeFiles/FatFS_SPI_example.dir/tests/simple.c.obj
                0x00000000100010c8                simple
 .text.pn       0x00000000100014f4       0x30 CMakeFiles/FatFS_SPI_example.dir/tests/app4-IO_module_function_checker.c.obj
 .text.test_diskio
                0x0000000010001524      0x81c CMakeFiles/FatFS_SPI_example.dir/tests/app4-IO_module_function_checker.c.obj
                0x0000000010001524                test_diskio
 .text.lliot    0x0000000010001d40       0x40 CMakeFiles/FatFS_SPI_example.dir/tests/app4-IO_module_function_checker.c.obj
                0x0000000010001d40                lliot
 .text.pn       0x0000000010001d80       0x30 CMakeFiles/FatFS_SPI_example.dir/tests/big_file_test.c.obj
 .text.big_file_test
                0x0000000010001db0      0x3e4 CMakeFiles/FatFS_SPI_example.dir/tests/big_file_test.c.obj
                0x0000000010001db0                big_file_test
 .text.vCreateAndVerifyExampleFiles
                0x0000000010002194      0x690 CMakeFiles/FatFS_SPI_example.dir/tests/CreateAndVerifyExampleFiles.c.obj
                0x0000000010002194                vCreateAndVerifyExampleFiles
 .text.vStdioWithCWDTest
                0x0000000010002824     0x1c7c CMakeFiles/FatFS_SPI_example.dir/tests/ff_stdio_tests_with_cwd.c.obj
                0x0000000010002824                vStdioWithCWDTest
 .text.gpio_default_irq_handler
                0x00000000100044a0      0x24c CMakeFiles/FatFS_SPI_example.dir/home/steve/pico/pico-sdk/src/rp2_common/hardware_gpio/gpio.c.obj
 .text.gpio_set_function
                0x00000000100046ec       0x30 CMakeFiles/FatFS_SPI_example.dir/home/steve/pico/pico-sdk/src/rp2_common/hardware_gpio/gpio.c.obj
                0x00000000100046ec                gpio_set_function
 .text.gpio_set_pulls
                0x000000001000471c       0x30 CMakeFiles/FatFS_SPI_example.dir/home/steve/pico/pico-sdk/src/rp2_common/hardware_gpio/gpio.c.obj
                0x000000001000471c                gpio_set_pulls
 .text.gpio_set_drive_strength
                0x000000001000474c       0x20 CMakeFiles/FatFS_SPI_example.dir/home/steve/pico/pico-sdk/src/rp2_common/hardware_gpio/gpio.c.obj
                0x000000001000474c                gpio_set_drive_strength
 .text.gpio_set_irq_enabled_with_callback
                0x000000001000476c       0xac CMakeFiles/FatFS_SPI_example.dir/home/steve/pico/pico-sdk/src/rp2_common/hardware_gpio/gpio.c.obj
                0x000000001000476c                gpio_set_irq_enabled_with_callback
 .text.gpio_init
                0x0000000010004818       0x3c CMakeFiles/FatFS_SPI_example.dir/home/steve/pico/pico-sdk/src/rp2_common/hardware_gpio/gpio.c.obj
                0x0000000010004818                gpio_init
 .text.hw_claim_or_assert
                0x0000000010004854       0x44 CMakeFiles/FatFS_SPI_example.dir/home/steve/pico/pico-sdk/src/rp2_common/hardware_claim/claim.c.obj
                0x0000000010004854                hw_claim_or_assert
 .text.hw_claim_unused_from_range
                0x0000000010004898       0x9c CMakeFiles/FatFS_SPI_example.dir/home/steve/pico/pico-sdk/src/rp2_common/hardware_claim/claim.c.obj
                0x0000000010004898                hw_claim_unused_from_range
 .text.running_on_fpga
                0x0000000010004934       0x10 CMakeFiles/FatFS_SPI_example.dir/home/steve/pico/pico-sdk/src/rp2_common/pico_platform/platform.c.obj
                0x0000000010004934                running_on_fpga
 .text.spin_locks_reset
                0x0000000010004944       0x1c CMakeFiles/FatFS_SPI_example.dir/home/steve/pico/pico-sdk/src/rp2_common/hardware_sync/sync.c.obj
                0x0000000010004944                spin_locks_reset
 .text.next_striped_spin_lock_num
                0x0000000010004960       0x18 CMakeFiles/FatFS_SPI_example.dir/home/steve/pico/pico-sdk/src/rp2_common/hardware_sync/sync.c.obj
                0x0000000010004960                next_striped_spin_lock_num
 .text.spin_lock_claim_unused
                0x0000000010004978       0x20 CMakeFiles/FatFS_SPI_example.dir/home/steve/pico/pico-sdk/src/rp2_common/hardware_sync/sync.c.obj
                0x0000000010004978                spin_lock_claim_unused
 .text.irq_set_enabled
                0x0000000010004998       0x24 CMakeFiles/FatFS_SPI_example.dir/home/steve/pico/pico-sdk/src/rp2_common/hardware_irq/irq.c.obj
                0x0000000010004998                irq_set_enabled
 .text.irq_set_pending
                0x00000000100049bc       0x10 CMakeFiles/FatFS_SPI_example.dir/home/steve/pico/pico-sdk/src/rp2_common/hardware_irq/irq.c.obj
                0x00000000100049bc                irq_set_pending
 .text.irq_has_shared_handler
                0x00000000100049cc       0x2c CMakeFiles/FatFS_SPI_example.dir/home/steve/pico/pico-sdk/src/rp2_common/hardware_irq/irq.c.obj
                0x00000000100049cc                irq_has_shared_handler
 .text.irq_get_vtable_handler
                0x00000000100049f8       0x10 CMakeFiles/FatFS_SPI_example.dir/home/steve/pico/pico-sdk/src/rp2_common/hardware_irq/irq.c.obj
                0x00000000100049f8                irq_get_vtable_handler
 .text.irq_set_exclusive_handler
                0x0000000010004a08       0x54 CMakeFiles/FatFS_SPI_example.dir/home/steve/pico/pico-sdk/src/rp2_common/hardware_irq/irq.c.obj
                0x0000000010004a08                irq_set_exclusive_handler
 .text.irq_add_shared_handler
                0x0000000010004a5c      0x1c8 CMakeFiles/FatFS_SPI_example.dir/home/steve/pico/pico-sdk/src/rp2_common/hardware_irq/irq.c.obj
                0x0000000010004a5c                irq_add_shared_handler
 .text.irq_remove_handler
                0x0000000010004c24      0x1b4 CMakeFiles/FatFS_SPI_example.dir/home/steve/pico/pico-sdk/src/rp2_common/hardware_irq/irq.c.obj
                0x0000000010004c24                irq_remove_handler
 .text.irq_add_tail_to_free_list
                0x0000000010004dd8       0xb4 CMakeFiles/FatFS_SPI_example.dir/home/steve/pico/pico-sdk/src/rp2_common/hardware_irq/irq.c.obj
                0x0000000010004dd8                irq_add_tail_to_free_list
 .text.irq_init_priorities
                0x0000000010004e8c       0x24 CMakeFiles/FatFS_SPI_example.dir/home/steve/pico/pico-sdk/src/rp2_common/hardware_irq/irq.c.obj
                0x0000000010004e8c                irq_init_priorities
 .text.user_irq_claim_unused
                0x0000000010004eb0       0x30 CMakeFiles/FatFS_SPI_example.dir/home/steve/pico/pico-sdk/src/rp2_common/hardware_irq/irq.c.obj
                0x0000000010004eb0                user_irq_claim_unused
 .text.sem_init
                0x0000000010004ee0       0x20 CMakeFiles/FatFS_SPI_example.dir/home/steve/pico/pico-sdk/src/common/pico_sync/sem.c.obj
                0x0000000010004ee0                sem_init
 .text.lock_init
                0x0000000010004f00       0x10 CMakeFiles/FatFS_SPI_example.dir/home/steve/pico/pico-sdk/src/common/pico_sync/lock_core.c.obj
                0x0000000010004f00                lock_init
 .text.timer_pool_entry_comparator
                0x0000000010004f10       0x34 CMakeFiles/FatFS_SPI_example.dir/home/steve/pico/pico-sdk/src/common/pico_time/time.c.obj
                0x0000000010004f10                timer_pool_entry_comparator
 .text.sleep_until_callback
                0x0000000010004f44       0x30 CMakeFiles/FatFS_SPI_example.dir/home/steve/pico/pico-sdk/src/common/pico_time/time.c.obj
 .text.add_alarm_under_lock
                0x0000000010004f74      0x114 CMakeFiles/FatFS_SPI_example.dir/home/steve/pico/pico-sdk/src/common/pico_time/time.c.obj
 .text.alarm_pool_alarm_callback
                0x0000000010005088      0x1d0 CMakeFiles/FatFS_SPI_example.dir/home/steve/pico/pico-sdk/src/common/pico_time/time.c.obj
 .text.alarm_pool_init_default
                0x0000000010005258       0x64 CMakeFiles/FatFS_SPI_example.dir/home/steve/pico/pico-sdk/src/common/pico_time/time.c.obj
                0x0000000010005258                alarm_pool_init_default
 .text.alarm_pool_get_default
                0x00000000100052bc        0x8 CMakeFiles/FatFS_SPI_example.dir/home/steve/pico/pico-sdk/src/common/pico_time/time.c.obj
                0x00000000100052bc                alarm_pool_get_default
 .text.alarm_pool_add_alarm_at
                0x00000000100052c4      0x19c CMakeFiles/FatFS_SPI_example.dir/home/steve/pico/pico-sdk/src/common/pico_time/time.c.obj
                0x00000000100052c4                alarm_pool_add_alarm_at
 .text.alarm_pool_cancel_alarm
                0x0000000010005460       0x70 CMakeFiles/FatFS_SPI_example.dir/home/steve/pico/pico-sdk/src/common/pico_time/time.c.obj
                0x0000000010005460                alarm_pool_cancel_alarm
 .text.best_effort_wfe_or_timeout
                0x00000000100054d0       0x58 CMakeFiles/FatFS_SPI_example.dir/home/steve/pico/pico-sdk/src/common/pico_time/time.c.obj
                0x00000000100054d0                best_effort_wfe_or_timeout
 .text.hardware_alarm_irq_handler
                0x0000000010005528       0xb0 CMakeFiles/FatFS_SPI_example.dir/home/steve/pico/pico-sdk/src/rp2_common/hardware_timer/timer.c.obj
 .text.hardware_alarm_claim
                0x00000000100055d8       0x18 CMakeFiles/FatFS_SPI_example.dir/home/steve/pico/pico-sdk/src/rp2_common/hardware_timer/timer.c.obj
                0x00000000100055d8                hardware_alarm_claim
 .text.time_us_64
                0x00000000100055f0       0x18 CMakeFiles/FatFS_SPI_example.dir/home/steve/pico/pico-sdk/src/rp2_common/hardware_timer/timer.c.obj
                0x00000000100055f0                time_us_64
 .text.busy_wait_us
                0x0000000010005608       0x60 CMakeFiles/FatFS_SPI_example.dir/home/steve/pico/pico-sdk/src/rp2_common/hardware_timer/timer.c.obj
                0x0000000010005608                busy_wait_us
 .text.hardware_alarm_set_callback
                0x0000000010005668       0x8c CMakeFiles/FatFS_SPI_example.dir/home/steve/pico/pico-sdk/src/rp2_common/hardware_timer/timer.c.obj
                0x0000000010005668                hardware_alarm_set_callback
 .text.hardware_alarm_set_target
                0x00000000100056f4       0xe8 CMakeFiles/FatFS_SPI_example.dir/home/steve/pico/pico-sdk/src/rp2_common/hardware_timer/timer.c.obj
                0x00000000100056f4                hardware_alarm_set_target
 .text.hardware_alarm_cancel
                0x00000000100057dc       0x40 CMakeFiles/FatFS_SPI_example.dir/home/steve/pico/pico-sdk/src/rp2_common/hardware_timer/timer.c.obj
                0x00000000100057dc                hardware_alarm_cancel
 .text.ph_merge_nodes
                0x000000001000581c       0x5c CMakeFiles/FatFS_SPI_example.dir/home/steve/pico/pico-sdk/src/common/pico_util/pheap.c.obj
 .text.ph_post_alloc_init
                0x0000000010005878      0x1b8 CMakeFiles/FatFS_SPI_example.dir/home/steve/pico/pico-sdk/src/common/pico_util/pheap.c.obj
                0x0000000010005878                ph_post_alloc_init
 .text.ph_merge_two_pass
                0x0000000010005a30       0x4c CMakeFiles/FatFS_SPI_example.dir/home/steve/pico/pico-sdk/src/common/pico_util/pheap.c.obj
                0x0000000010005a30                ph_merge_two_pass
 .text.ph_remove_any_head
                0x0000000010005a7c      0x1b8 CMakeFiles/FatFS_SPI_example.dir/home/steve/pico/pico-sdk/src/common/pico_util/pheap.c.obj
 .text.ph_remove_head
                0x0000000010005c34      0x1bc CMakeFiles/FatFS_SPI_example.dir/home/steve/pico/pico-sdk/src/common/pico_util/pheap.c.obj
                0x0000000010005c34                ph_remove_head
 .text.ph_remove_and_free_node
                0x0000000010005df0       0x7c CMakeFiles/FatFS_SPI_example.dir/home/steve/pico/pico-sdk/src/common/pico_util/pheap.c.obj
                0x0000000010005df0                ph_remove_and_free_node
 .text.mutex_init
                0x0000000010005e6c       0x1c CMakeFiles/FatFS_SPI_example.dir/home/steve/pico/pico-sdk/src/common/pico_sync/mutex.c.obj
                0x0000000010005e6c                mutex_init
 .text.recursive_mutex_init
                0x0000000010005e88       0x1c CMakeFiles/FatFS_SPI_example.dir/home/steve/pico/pico-sdk/src/common/pico_sync/mutex.c.obj
                0x0000000010005e88                recursive_mutex_init
 .text.critical_section_init
                0x0000000010005ea4       0x20 CMakeFiles/FatFS_SPI_example.dir/home/steve/pico/pico-sdk/src/common/pico_sync/critical_section.c.obj
                0x0000000010005ea4                critical_section_init
 .text.uart_init
                0x0000000010005ec4       0xe4 CMakeFiles/FatFS_SPI_example.dir/home/steve/pico/pico-sdk/src/rp2_common/hardware_uart/uart.c.obj
                0x0000000010005ec4                uart_init
 .text.runtime_init
                0x0000000010005fa8       0xf4 CMakeFiles/FatFS_SPI_example.dir/home/steve/pico/pico-sdk/src/rp2_common/pico_runtime/runtime.c.obj
                0x0000000010005fa8                runtime_init
 .text._sbrk    0x000000001000609c       0x34 CMakeFiles/FatFS_SPI_example.dir/home/steve/pico/pico-sdk/src/rp2_common/pico_runtime/runtime.c.obj
                0x000000001000609c                _sbrk
 .text.exit     0x00000000100060d0        0x4 CMakeFiles/FatFS_SPI_example.dir/home/steve/pico/pico-sdk/src/rp2_common/pico_runtime/runtime.c.obj
                0x00000000100060d0                exit
 .text.panic    0x00000000100060d4       0x30 CMakeFiles/FatFS_SPI_example.dir/home/steve/pico/pico-sdk/src/rp2_common/pico_runtime/runtime.c.obj
                0x00000000100060d4                panic
 .text.hard_assertion_failure
                0x0000000010006104        0xc CMakeFiles/FatFS_SPI_example.dir/home/steve/pico/pico-sdk/src/rp2_common/pico_runtime/runtime.c.obj
                0x0000000010006104                hard_assertion_failure
 .text.clocks_init
                0x0000000010006110      0x2c0 CMakeFiles/FatFS_SPI_example.dir/home/steve/pico/pico-sdk/src/rp2_common/hardware_clocks/clocks.c.obj
                0x0000000010006110                clocks_init
 .text.clock_get_hz
                0x00000000100063d0        0xc CMakeFiles/FatFS_SPI_example.dir/home/steve/pico/pico-sdk/src/rp2_common/hardware_clocks/clocks.c.obj
                0x00000000100063d0                clock_get_hz
 .text.pll_init
                0x00000000100063dc       0xa8 CMakeFiles/FatFS_SPI_example.dir/home/steve/pico/pico-sdk/src/rp2_common/hardware_pll/pll.c.obj
                0x00000000100063dc                pll_init
 .text.watchdog_start_tick
                0x0000000010006484       0x10 CMakeFiles/FatFS_SPI_example.dir/home/steve/pico/pico-sdk/src/rp2_common/hardware_watchdog/watchdog.c.obj
                0x0000000010006484                watchdog_start_tick
 .text.watchdog_reboot
                0x0000000010006494       0x98 CMakeFiles/FatFS_SPI_example.dir/home/steve/pico/pico-sdk/src/rp2_common/hardware_watchdog/watchdog.c.obj
                0x0000000010006494                watchdog_reboot
 .text.xosc_init
                0x000000001000652c       0x28 CMakeFiles/FatFS_SPI_example.dir/home/steve/pico/pico-sdk/src/rp2_common/hardware_xosc/xosc.c.obj
                0x000000001000652c                xosc_init
 .text._out_buffer
                0x0000000010006554        0x8 CMakeFiles/FatFS_SPI_example.dir/home/steve/pico/pico-sdk/src/rp2_common/pico_printf/printf.c.obj
 .text._out_null
                0x000000001000655c        0x4 CMakeFiles/FatFS_SPI_example.dir/home/steve/pico/pico-sdk/src/rp2_common/pico_printf/printf.c.obj
 .text._out_rev
                0x0000000010006560       0x9c CMakeFiles/FatFS_SPI_example.dir/home/steve/pico/pico-sdk/src/rp2_common/pico_printf/printf.c.obj
 .text._ntoa_format
                0x00000000100065fc      0x1c8 CMakeFiles/FatFS_SPI_example.dir/home/steve/pico/pico-sdk/src/rp2_common/pico_printf/printf.c.obj
 .text._out_char
                0x00000000100067c4       0x10 CMakeFiles/FatFS_SPI_example.dir/home/steve/pico/pico-sdk/src/rp2_common/pico_printf/printf.c.obj
 .text._out_fct
                0x00000000100067d4       0x10 CMakeFiles/FatFS_SPI_example.dir/home/steve/pico/pico-sdk/src/rp2_common/pico_printf/printf.c.obj
 .text._etoa    0x00000000100067e4      0x45c CMakeFiles/FatFS_SPI_example.dir/home/steve/pico/pico-sdk/src/rp2_common/pico_printf/printf.c.obj
 .text._ftoa    0x0000000010006c40      0x4c0 CMakeFiles/FatFS_SPI_example.dir/home/steve/pico/pico-sdk/src/rp2_common/pico_printf/printf.c.obj
 .text._vsnprintf
                0x0000000010007100      0xad0 CMakeFiles/FatFS_SPI_example.dir/home/steve/pico/pico-sdk/src/rp2_common/pico_printf/printf.c.obj
 .text.__wrap_sprintf
                0x0000000010007bd0       0x28 CMakeFiles/FatFS_SPI_example.dir/home/steve/pico/pico-sdk/src/rp2_common/pico_printf/printf.c.obj
                0x0000000010007bd0                __wrap_sprintf
 .text.__wrap_snprintf
                0x0000000010007bf8       0x28 CMakeFiles/FatFS_SPI_example.dir/home/steve/pico/pico-sdk/src/rp2_common/pico_printf/printf.c.obj
                0x0000000010007bf8                __wrap_snprintf
 .text.__wrap_vsnprintf
                0x0000000010007c20       0x1c CMakeFiles/FatFS_SPI_example.dir/home/steve/pico/pico-sdk/src/rp2_common/pico_printf/printf.c.obj
                0x0000000010007c20                __wrap_vsnprintf
 .text.vfctprintf
                0x0000000010007c3c       0x20 CMakeFiles/FatFS_SPI_example.dir/home/steve/pico/pico-sdk/src/rp2_common/pico_printf/printf.c.obj
                0x0000000010007c3c                vfctprintf
 .text.weak_raw_vprintf
                0x0000000010007c5c       0x30 CMakeFiles/FatFS_SPI_example.dir/home/steve/pico/pico-sdk/src/rp2_common/pico_printf/printf.c.obj
                0x0000000010007c5c                weak_raw_vprintf
 .text          0x0000000010007c8c       0x10 CMakeFiles/FatFS_SPI_example.dir/home/steve/pico/pico-sdk/src/rp2_common/pico_bit_ops/bit_ops_aeabi.S.obj
 .text.rom_func_lookup
                0x0000000010007c9c       0x10 CMakeFiles/FatFS_SPI_example.dir/home/steve/pico/pico-sdk/src/rp2_common/pico_bootrom/bootrom.c.obj
                0x0000000010007c9c                rom_func_lookup
 .text.rom_data_lookup
                0x0000000010007cac       0x10 CMakeFiles/FatFS_SPI_example.dir/home/steve/pico/pico-sdk/src/rp2_common/pico_bootrom/bootrom.c.obj
                0x0000000010007cac                rom_data_lookup
 .text.rom_funcs_lookup
                0x0000000010007cbc       0x3c CMakeFiles/FatFS_SPI_example.dir/home/steve/pico/pico-sdk/src/rp2_common/pico_bootrom/bootrom.c.obj
                0x0000000010007cbc                rom_funcs_lookup
 .text.__wrap___aeabi_idiv
                0x0000000010007cf8       0x50 CMakeFiles/FatFS_SPI_example.dir/home/steve/pico/pico-sdk/src/rp2_common/pico_divider/divider.S.obj
                0x0000000010007cf8                __wrap___aeabi_idivmod
                0x0000000010007cf8                divmod_s32s32
                0x0000000010007cf8                div_s32s32
                0x0000000010007cf8                __wrap___aeabi_idiv
                0x0000000010007d00                divmod_s32s32_unsafe
                0x0000000010007d2c                divmod_s32s32_savestate
 .text.__wrap___aeabi_uidiv
                0x0000000010007d48       0x4c CMakeFiles/FatFS_SPI_example.dir/home/steve/pico/pico-sdk/src/rp2_common/pico_divider/divider.S.obj
                0x0000000010007d48                __wrap___aeabi_uidiv
                0x0000000010007d48                __wrap___aeabi_uidivmod
                0x0000000010007d48                div_u32u32
                0x0000000010007d48                divmod_u32u32
                0x0000000010007d50                divmod_u32u32_unsafe
                0x0000000010007d78                divmod_u32u32_savestate
 .text.__wrap___aeabi_ldiv
                0x0000000010007d94      0x434 CMakeFiles/FatFS_SPI_example.dir/home/steve/pico/pico-sdk/src/rp2_common/pico_divider/divider.S.obj
                0x0000000010007d94                div_s64s64
                0x0000000010007d94                divmod_s64s64
                0x0000000010007d94                __wrap___aeabi_ldivmod
                0x0000000010007dcc                div_u64u64
                0x0000000010007dcc                divmod_u64u64
                0x0000000010007dcc                __wrap___aeabi_uldivmod
                0x0000000010007ddc                divmod_u64u64_savestate
                0x0000000010007e04                divmod_s64s64_unsafe
                0x0000000010007e8c                divmod_u64u64_unsafe
 .text.__wrap___aeabi_darithmetic
                0x00000000100081c8       0x80 CMakeFiles/FatFS_SPI_example.dir/home/steve/pico/pico-sdk/src/rp2_common/pico_double/double_aeabi.S.obj
                0x00000000100081c8                __wrap___aeabi_drsub
                0x00000000100081ce                __wrap___aeabi_dsub
                0x00000000100081e0                __wrap___aeabi_dadd
                0x00000000100081f2                __wrap___aeabi_ddiv
                0x000000001000822e                __wrap___aeabi_dmul
 .text.__wrap___aeabi_cdcmple
                0x0000000010008248       0x6c CMakeFiles/FatFS_SPI_example.dir/home/steve/pico/pico-sdk/src/rp2_common/pico_double/double_aeabi.S.obj
                0x0000000010008248                __wrap___aeabi_cdrcmple
                0x0000000010008258                __wrap___aeabi_cdcmple
                0x0000000010008258                __wrap___aeabi_cdcmpeq
 .text.__wrap___aeabi_dcmpeq
                0x00000000100082b4       0x10 CMakeFiles/FatFS_SPI_example.dir/home/steve/pico/pico-sdk/src/rp2_common/pico_double/double_aeabi.S.obj
                0x00000000100082b4                __wrap___aeabi_dcmpeq
 .text.__wrap___aeabi_dcmplt
                0x00000000100082c4        0xc CMakeFiles/FatFS_SPI_example.dir/home/steve/pico/pico-sdk/src/rp2_common/pico_double/double_aeabi.S.obj
                0x00000000100082c4                __wrap___aeabi_dcmplt
 .text.__wrap___aeabi_dcmple
                0x00000000100082d0       0x10 CMakeFiles/FatFS_SPI_example.dir/home/steve/pico/pico-sdk/src/rp2_common/pico_double/double_aeabi.S.obj
                0x00000000100082d0                __wrap___aeabi_dcmple
 .text.__wrap___aeabi_dcmpge
                0x00000000100082e0       0x10 CMakeFiles/FatFS_SPI_example.dir/home/steve/pico/pico-sdk/src/rp2_common/pico_double/double_aeabi.S.obj
                0x00000000100082e0                __wrap___aeabi_dcmpge
 .text.__wrap___aeabi_dcmpgt
                0x00000000100082f0        0xa CMakeFiles/FatFS_SPI_example.dir/home/steve/pico/pico-sdk/src/rp2_common/pico_double/double_aeabi.S.obj
                0x00000000100082f0                __wrap___aeabi_dcmpgt
 .text.__wrap___aeabi_dcmpun
                0x00000000100082fa       0x1c CMakeFiles/FatFS_SPI_example.dir/home/steve/pico/pico-sdk/src/rp2_common/pico_double/double_aeabi.S.obj
                0x00000000100082fa                __wrap___aeabi_dcmpun
 *fill*         0x0000000010008316        0x2 
 .text.__wrap___aeabi_i2d
                0x0000000010008318       0x38 CMakeFiles/FatFS_SPI_example.dir/home/steve/pico/pico-sdk/src/rp2_common/pico_double/double_aeabi.S.obj
                0x0000000010008318                __wrap___aeabi_ui2d
                0x0000000010008320                __wrap___aeabi_i2d
 .text.__wrap___aeabi_d2iz
                0x0000000010008350       0x48 CMakeFiles/FatFS_SPI_example.dir/home/steve/pico/pico-sdk/src/rp2_common/pico_double/double_aeabi.S.obj
                0x0000000010008350                __wrap___aeabi_d2iz
                0x0000000010008350                double2int_z
 .text.__wrap___aeabi_d2uiz
                0x0000000010008398       0x18 CMakeFiles/FatFS_SPI_example.dir/home/steve/pico/pico-sdk/src/rp2_common/pico_double/double_aeabi.S.obj
                0x0000000010008398                double2uint
                0x0000000010008398                __wrap___aeabi_d2uiz
 .text.__wrap___aeabi_l2d
                0x00000000100083b0       0x18 CMakeFiles/FatFS_SPI_example.dir/home/steve/pico/pico-sdk/src/rp2_common/pico_double/double_aeabi.S.obj
                0x00000000100083b0                __wrap___aeabi_l2d
 .text.__wrap___aeabi_d2f
                0x00000000100083c8       0x18 CMakeFiles/FatFS_SPI_example.dir/home/steve/pico/pico-sdk/src/rp2_common/pico_double/double_aeabi.S.obj
                0x00000000100083c8                __wrap___aeabi_d2f
 .text.__aeabi_double_init
                0x00000000100083e0       0xbc CMakeFiles/FatFS_SPI_example.dir/home/steve/pico/pico-sdk/src/rp2_common/pico_double/double_init_rom.c.obj
                0x00000000100083e0                __aeabi_double_init
 .text.double_table_shim_on_use_helper
                0x000000001000849c       0x2c CMakeFiles/FatFS_SPI_example.dir/home/steve/pico/pico-sdk/src/rp2_common/pico_double/double_v1_rom_shim.S.obj
                0x000000001000849c                double_table_shim_on_use_helper
 .text.__wrap___aeabi_dsub
                0x00000000100084c8       0x10 CMakeFiles/FatFS_SPI_example.dir/home/steve/pico/pico-sdk/src/rp2_common/pico_double/double_v1_rom_shim.S.obj
                0x00000000100084c8                drsub_shim
                0x00000000100084ce                dsub_shim
 .text.dadd_shim
                0x00000000100084d8      0x15c CMakeFiles/FatFS_SPI_example.dir/home/steve/pico/pico-sdk/src/rp2_common/pico_double/double_v1_rom_shim.S.obj
                0x00000000100084d8                dadd_shim
 .text.dmul_shim
                0x0000000010008634      0x15c CMakeFiles/FatFS_SPI_example.dir/home/steve/pico/pico-sdk/src/rp2_common/pico_double/double_v1_rom_shim.S.obj
                0x0000000010008634                dmul_shim
 .text.ddiv_shim
                0x0000000010008790      0x1b0 CMakeFiles/FatFS_SPI_example.dir/home/steve/pico/pico-sdk/src/rp2_common/pico_double/double_v1_rom_shim.S.obj
                0x0000000010008790                ddiv_shim
 .text.double2uint_shim
                0x0000000010008940        0xe CMakeFiles/FatFS_SPI_example.dir/home/steve/pico/pico-sdk/src/rp2_common/pico_double/double_v1_rom_shim.S.obj
                0x0000000010008940                double2uint_shim
                0x0000000010008942                double2ufix_shim
 *fill*         0x000000001000894e        0x2 
 .text.double2uint64_shim
                0x0000000010008950       0x70 CMakeFiles/FatFS_SPI_example.dir/home/steve/pico/pico-sdk/src/rp2_common/pico_double/double_v1_rom_shim.S.obj
                0x0000000010008950                double2uint64_shim
                0x0000000010008952                double2ufix64_shim
                0x0000000010008972                d2fix_a
 .text.double2float_shim
                0x00000000100089c0       0x5c CMakeFiles/FatFS_SPI_example.dir/home/steve/pico/pico-sdk/src/rp2_common/pico_double/double_v1_rom_shim.S.obj
                0x00000000100089c0                double2float_shim
 .text.x2double_shims
                0x0000000010008a1c       0x90 CMakeFiles/FatFS_SPI_example.dir/home/steve/pico/pico-sdk/src/rp2_common/pico_double/double_v1_rom_shim.S.obj
                0x0000000010008a1c                uint2double_shim
                0x0000000010008a1e                ufix2double_shim
                0x0000000010008a24                int2double_shim
                0x0000000010008a26                fix2double_shim
                0x0000000010008a2c                uint642double_shim
                0x0000000010008a2e                ufix642double_shim
                0x0000000010008a34                int642double_shim
                0x0000000010008a36                fix642double_shim
 .text.dunpacks
                0x0000000010008aac       0x3c CMakeFiles/FatFS_SPI_example.dir/home/steve/pico/pico-sdk/src/rp2_common/pico_double/double_v1_rom_shim.S.obj
                0x0000000010008aac                dunpacks
 .text.__aeabi_lmul
                0x0000000010008ae8       0x32 CMakeFiles/FatFS_SPI_example.dir/home/steve/pico/pico-sdk/src/rp2_common/pico_int64_ops/pico_int64_ops_aeabi.S.obj
                0x0000000010008ae8                __wrap___aeabi_lmul
 *fill*         0x0000000010008b1a        0x2 
 .text.__wrap___aeabi_farithmetic
                0x0000000010008b1c       0x48 CMakeFiles/FatFS_SPI_example.dir/home/steve/pico/pico-sdk/src/rp2_common/pico_float/float_aeabi.S.obj
                0x0000000010008b1c                __wrap___aeabi_frsub
                0x0000000010008b22                __wrap___aeabi_fsub
                0x0000000010008b28                __wrap___aeabi_fadd
                0x0000000010008b2e                __wrap___aeabi_fdiv
                0x0000000010008b56                __wrap___aeabi_fmul
 .text.__wrap___aeabi_i2f
                0x0000000010008b64       0x44 CMakeFiles/FatFS_SPI_example.dir/home/steve/pico/pico-sdk/src/rp2_common/pico_float/float_aeabi.S.obj
                0x0000000010008b64                __wrap___aeabi_i2f
 .text.__wrap___aeabi_f2d
                0x0000000010008ba8       0x14 CMakeFiles/FatFS_SPI_example.dir/home/steve/pico/pico-sdk/src/rp2_common/pico_float/float_aeabi.S.obj
                0x0000000010008ba8                __wrap___aeabi_f2d
 .text.__aeabi_float_init
                0x0000000010008bbc       0x68 CMakeFiles/FatFS_SPI_example.dir/home/steve/pico/pico-sdk/src/rp2_common/pico_float/float_init_rom.c.obj
                0x0000000010008bbc                __aeabi_float_init
 .text.float_table_shim_on_use_helper
                0x0000000010008c24       0x2c CMakeFiles/FatFS_SPI_example.dir/home/steve/pico/pico-sdk/src/rp2_common/pico_float/float_v1_rom_shim.S.obj
                0x0000000010008c24                float_table_shim_on_use_helper
 .text.float2double_shim
                0x0000000010008c50       0x30 CMakeFiles/FatFS_SPI_example.dir/home/steve/pico/pico-sdk/src/rp2_common/pico_float/float_v1_rom_shim.S.obj
                0x0000000010008c50                float2double_shim
 .text.__wrap_malloc
                0x0000000010008c80       0x24 CMakeFiles/FatFS_SPI_example.dir/home/steve/pico/pico-sdk/src/rp2_common/pico_malloc/pico_malloc.c.obj
                0x0000000010008c80                __wrap_malloc
 .text.__wrap_calloc
                0x0000000010008ca4       0x24 CMakeFiles/FatFS_SPI_example.dir/home/steve/pico/pico-sdk/src/rp2_common/pico_malloc/pico_malloc.c.obj
                0x0000000010008ca4                __wrap_calloc
 .text.__wrap_free
                0x0000000010008cc8        0x8 CMakeFiles/FatFS_SPI_example.dir/home/steve/pico/pico-sdk/src/rp2_common/pico_malloc/pico_malloc.c.obj
                0x0000000010008cc8                __wrap_free
 .text          0x0000000010008cd0       0x10 CMakeFiles/FatFS_SPI_example.dir/home/steve/pico/pico-sdk/src/rp2_common/pico_mem_ops/mem_ops_aeabi.S.obj
                0x0000000010008cd0                __aeabi_mem_init
 .text.memset   0x0000000010008ce0        0xc CMakeFiles/FatFS_SPI_example.dir/home/steve/pico/pico-sdk/src/rp2_common/pico_mem_ops/mem_ops_aeabi.S.obj
                0x0000000010008ce0                __wrap_memset
 .text.memcpy   0x0000000010008cec        0xc CMakeFiles/FatFS_SPI_example.dir/home/steve/pico/pico-sdk/src/rp2_common/pico_mem_ops/mem_ops_aeabi.S.obj
                0x0000000010008cec                __wrap___aeabi_memcpy
                0x0000000010008cec                __wrap_memcpy
 .text.stdio_out_chars_no_crlf
                0x0000000010008cf8       0x10 CMakeFiles/FatFS_SPI_example.dir/home/steve/pico/pico-sdk/src/rp2_common/pico_stdio/stdio.c.obj
 .text.stdio_out_chars_crlf
                0x0000000010008d08       0xac CMakeFiles/FatFS_SPI_example.dir/home/steve/pico/pico-sdk/src/rp2_common/pico_stdio/stdio.c.obj
 .text.stdio_stack_buffer_flush.part.1
                0x0000000010008db4       0xe8 CMakeFiles/FatFS_SPI_example.dir/home/steve/pico/pico-sdk/src/rp2_common/pico_stdio/stdio.c.obj
 .text.stdio_buffered_printer
                0x0000000010008e9c       0x20 CMakeFiles/FatFS_SPI_example.dir/home/steve/pico/pico-sdk/src/rp2_common/pico_stdio/stdio.c.obj
 .text.stdio_put_string
                0x0000000010008ebc       0xf8 CMakeFiles/FatFS_SPI_example.dir/home/steve/pico/pico-sdk/src/rp2_common/pico_stdio/stdio.c.obj
 .text.__wrap_putchar
                0x0000000010008fb4       0xa4 CMakeFiles/FatFS_SPI_example.dir/home/steve/pico/pico-sdk/src/rp2_common/pico_stdio/stdio.c.obj
                0x0000000010008fb4                __wrap_putchar
 .text.__wrap_puts
                0x0000000010009058       0x3c CMakeFiles/FatFS_SPI_example.dir/home/steve/pico/pico-sdk/src/rp2_common/pico_stdio/stdio.c.obj
                0x0000000010009058                __wrap_puts
 .text._read    0x0000000010009094       0x94 CMakeFiles/FatFS_SPI_example.dir/home/steve/pico/pico-sdk/src/rp2_common/pico_stdio/stdio.c.obj
                0x0000000010009094                _read
 .text._write   0x0000000010009128       0x24 CMakeFiles/FatFS_SPI_example.dir/home/steve/pico/pico-sdk/src/rp2_common/pico_stdio/stdio.c.obj
                0x0000000010009128                _write
 .text.stdio_set_driver_enabled
                0x000000001000914c       0x30 CMakeFiles/FatFS_SPI_example.dir/home/steve/pico/pico-sdk/src/rp2_common/pico_stdio/stdio.c.obj
                0x000000001000914c                stdio_set_driver_enabled
 .text.stdio_flush
                0x000000001000917c       0x28 CMakeFiles/FatFS_SPI_example.dir/home/steve/pico/pico-sdk/src/rp2_common/pico_stdio/stdio.c.obj
                0x000000001000917c                stdio_flush
 .text.__wrap_vprintf
                0x00000000100091a4       0x98 CMakeFiles/FatFS_SPI_example.dir/home/steve/pico/pico-sdk/src/rp2_common/pico_stdio/stdio.c.obj
                0x00000000100091a4                __wrap_vprintf
 .text.__wrap_printf
                0x000000001000923c       0x18 CMakeFiles/FatFS_SPI_example.dir/home/steve/pico/pico-sdk/src/rp2_common/pico_stdio/stdio.c.obj
                0x000000001000923c                __wrap_printf
 .text.stdio_init_all
                0x0000000010009254        0xc CMakeFiles/FatFS_SPI_example.dir/home/steve/pico/pico-sdk/src/rp2_common/pico_stdio/stdio.c.obj
                0x0000000010009254                stdio_init_all
 .text.getchar_timeout_us
                0x0000000010009260       0xa0 CMakeFiles/FatFS_SPI_example.dir/home/steve/pico/pico-sdk/src/rp2_common/pico_stdio/stdio.c.obj
                0x0000000010009260                getchar_timeout_us
 .text.stdio_uart_out_chars
                0x0000000010009300       0x4c CMakeFiles/FatFS_SPI_example.dir/home/steve/pico/pico-sdk/src/rp2_common/pico_stdio_uart/stdio_uart.c.obj
 .text.stdio_uart_in_chars
                0x000000001000934c       0x3c CMakeFiles/FatFS_SPI_example.dir/home/steve/pico/pico-sdk/src/rp2_common/pico_stdio_uart/stdio_uart.c.obj
                0x000000001000934c                stdio_uart_in_chars
 .text.stdio_uart_init
                0x0000000010009388       0x48 CMakeFiles/FatFS_SPI_example.dir/home/steve/pico/pico-sdk/src/rp2_common/pico_stdio_uart/stdio_uart.c.obj
                0x0000000010009388                stdio_uart_init
 .text.resetd_init
                0x00000000100093d0        0x4 CMakeFiles/FatFS_SPI_example.dir/home/steve/pico/pico-sdk/src/rp2_common/pico_stdio_usb/reset_interface.c.obj
 .text.resetd_reset
                0x00000000100093d4        0xc CMakeFiles/FatFS_SPI_example.dir/home/steve/pico/pico-sdk/src/rp2_common/pico_stdio_usb/reset_interface.c.obj
 .text.resetd_open
                0x00000000100093e0       0x28 CMakeFiles/FatFS_SPI_example.dir/home/steve/pico/pico-sdk/src/rp2_common/pico_stdio_usb/reset_interface.c.obj
 .text.resetd_xfer_cb
                0x0000000010009408        0x4 CMakeFiles/FatFS_SPI_example.dir/home/steve/pico/pico-sdk/src/rp2_common/pico_stdio_usb/reset_interface.c.obj
 .text.resetd_control_xfer_cb
                0x000000001000940c       0x64 CMakeFiles/FatFS_SPI_example.dir/home/steve/pico/pico-sdk/src/rp2_common/pico_stdio_usb/reset_interface.c.obj
 .text.usbd_app_driver_get_cb
                0x0000000010009470        0xc CMakeFiles/FatFS_SPI_example.dir/home/steve/pico/pico-sdk/src/rp2_common/pico_stdio_usb/reset_interface.c.obj
                0x0000000010009470                usbd_app_driver_get_cb
 .text.tud_cdc_line_coding_cb
                0x000000001000947c       0x34 CMakeFiles/FatFS_SPI_example.dir/home/steve/pico/pico-sdk/src/rp2_common/pico_stdio_usb/reset_interface.c.obj
                0x000000001000947c                tud_cdc_line_coding_cb
 .text.stdio_usb_in_chars
                0x00000000100094b0       0x68 CMakeFiles/FatFS_SPI_example.dir/home/steve/pico/pico-sdk/src/rp2_common/pico_stdio_usb/stdio_usb.c.obj
                0x00000000100094b0                stdio_usb_in_chars
 .text.stdio_usb_out_chars
                0x0000000010009518       0xf0 CMakeFiles/FatFS_SPI_example.dir/home/steve/pico/pico-sdk/src/rp2_common/pico_stdio_usb/stdio_usb.c.obj
 .text.timer_task
                0x0000000010009608       0x18 CMakeFiles/FatFS_SPI_example.dir/home/steve/pico/pico-sdk/src/rp2_common/pico_stdio_usb/stdio_usb.c.obj
 .text.usb_irq  0x0000000010009620       0x10 CMakeFiles/FatFS_SPI_example.dir/home/steve/pico/pico-sdk/src/rp2_common/pico_stdio_usb/stdio_usb.c.obj
 .text.low_priority_worker_irq
                0x0000000010009630       0x24 CMakeFiles/FatFS_SPI_example.dir/home/steve/pico/pico-sdk/src/rp2_common/pico_stdio_usb/stdio_usb.c.obj
 .text.stdio_usb_init
                0x0000000010009654       0xac CMakeFiles/FatFS_SPI_example.dir/home/steve/pico/pico-sdk/src/rp2_common/pico_stdio_usb/stdio_usb.c.obj
                0x0000000010009654                stdio_usb_init
 .text.tud_descriptor_device_cb
                0x0000000010009700        0x8 CMakeFiles/FatFS_SPI_example.dir/home/steve/pico/pico-sdk/src/rp2_common/pico_stdio_usb/stdio_usb_descriptors.c.obj
                0x0000000010009700                tud_descriptor_device_cb
 .text.tud_descriptor_configuration_cb
                0x0000000010009708        0x8 CMakeFiles/FatFS_SPI_example.dir/home/steve/pico/pico-sdk/src/rp2_common/pico_stdio_usb/stdio_usb_descriptors.c.obj
                0x0000000010009708                tud_descriptor_configuration_cb
 .text.tud_descriptor_string_cb
                0x0000000010009710       0x70 CMakeFiles/FatFS_SPI_example.dir/home/steve/pico/pico-sdk/src/rp2_common/pico_stdio_usb/stdio_usb_descriptors.c.obj
                0x0000000010009710                tud_descriptor_string_cb
 .text.dcd_rp2040_irq
                0x0000000010009780      0x21c CMakeFiles/FatFS_SPI_example.dir/home/steve/pico/pico-sdk/lib/tinyusb/src/portable/raspberrypi/rp2040/dcd_rp2040.c.obj
 .text.dcd_int_enable
                0x000000001000999c        0xc CMakeFiles/FatFS_SPI_example.dir/home/steve/pico/pico-sdk/lib/tinyusb/src/portable/raspberrypi/rp2040/dcd_rp2040.c.obj
                0x000000001000999c                dcd_int_enable
 .text.dcd_set_address
                0x00000000100099a8       0x14 CMakeFiles/FatFS_SPI_example.dir/home/steve/pico/pico-sdk/lib/tinyusb/src/portable/raspberrypi/rp2040/dcd_rp2040.c.obj
                0x00000000100099a8                dcd_set_address
 .text.dcd_connect
                0x00000000100099bc       0x10 CMakeFiles/FatFS_SPI_example.dir/home/steve/pico/pico-sdk/lib/tinyusb/src/portable/raspberrypi/rp2040/dcd_rp2040.c.obj
                0x00000000100099bc                dcd_connect
 .text.dcd_init
                0x00000000100099cc      0x144 CMakeFiles/FatFS_SPI_example.dir/home/steve/pico/pico-sdk/lib/tinyusb/src/portable/raspberrypi/rp2040/dcd_rp2040.c.obj
                0x00000000100099cc                dcd_init
 .text.dcd_edpt0_status_complete
                0x0000000010009b10       0x1c CMakeFiles/FatFS_SPI_example.dir/home/steve/pico/pico-sdk/lib/tinyusb/src/portable/raspberrypi/rp2040/dcd_rp2040.c.obj
                0x0000000010009b10                dcd_edpt0_status_complete
 .text.dcd_edpt_open
                0x0000000010009b2c       0xe4 CMakeFiles/FatFS_SPI_example.dir/home/steve/pico/pico-sdk/lib/tinyusb/src/portable/raspberrypi/rp2040/dcd_rp2040.c.obj
                0x0000000010009b2c                dcd_edpt_open
 .text.dcd_edpt_close_all
                0x0000000010009c10       0xbc CMakeFiles/FatFS_SPI_example.dir/home/steve/pico/pico-sdk/lib/tinyusb/src/portable/raspberrypi/rp2040/dcd_rp2040.c.obj
                0x0000000010009c10                dcd_edpt_close_all
 .text.dcd_edpt_xfer
                0x0000000010009ccc       0x24 CMakeFiles/FatFS_SPI_example.dir/home/steve/pico/pico-sdk/lib/tinyusb/src/portable/raspberrypi/rp2040/dcd_rp2040.c.obj
                0x0000000010009ccc                dcd_edpt_xfer
 .text.dcd_edpt_stall
                0x0000000010009cf0       0x34 CMakeFiles/FatFS_SPI_example.dir/home/steve/pico/pico-sdk/lib/tinyusb/src/portable/raspberrypi/rp2040/dcd_rp2040.c.obj
                0x0000000010009cf0                dcd_edpt_stall
 .text.dcd_edpt_clear_stall
                0x0000000010009d24       0x2c CMakeFiles/FatFS_SPI_example.dir/home/steve/pico/pico-sdk/lib/tinyusb/src/portable/raspberrypi/rp2040/dcd_rp2040.c.obj
                0x0000000010009d24                dcd_edpt_clear_stall
 .text._hw_endpoint_buffer_control_update32.part.2
                0x0000000010009d50       0x20 CMakeFiles/FatFS_SPI_example.dir/home/steve/pico/pico-sdk/lib/tinyusb/src/portable/raspberrypi/rp2040/rp2040_usb.c.obj
 .text.rp2040_usb_init
                0x0000000010009d70       0x4c CMakeFiles/FatFS_SPI_example.dir/home/steve/pico/pico-sdk/lib/tinyusb/src/portable/raspberrypi/rp2040/rp2040_usb.c.obj
                0x0000000010009d70                rp2040_usb_init
 .text.hw_endpoint_reset_transfer
                0x0000000010009dbc        0xc CMakeFiles/FatFS_SPI_example.dir/home/steve/pico/pico-sdk/lib/tinyusb/src/portable/raspberrypi/rp2040/rp2040_usb.c.obj
                0x0000000010009dbc                hw_endpoint_reset_transfer
 .text._hw_endpoint_buffer_control_update32
                0x0000000010009dc8       0x40 CMakeFiles/FatFS_SPI_example.dir/home/steve/pico/pico-sdk/lib/tinyusb/src/portable/raspberrypi/rp2040/rp2040_usb.c.obj
                0x0000000010009dc8                _hw_endpoint_buffer_control_update32
 .text.hw_endpoint_xfer_start
                0x0000000010009e08      0x138 CMakeFiles/FatFS_SPI_example.dir/home/steve/pico/pico-sdk/lib/tinyusb/src/portable/raspberrypi/rp2040/rp2040_usb.c.obj
                0x0000000010009e08                hw_endpoint_xfer_start
 .text.hw_endpoint_xfer_continue
                0x0000000010009f40      0x1e0 CMakeFiles/FatFS_SPI_example.dir/home/steve/pico/pico-sdk/lib/tinyusb/src/portable/raspberrypi/rp2040/rp2040_usb.c.obj
                0x0000000010009f40                hw_endpoint_xfer_continue
 .text.tud_mounted
                0x000000001000a120       0x10 CMakeFiles/FatFS_SPI_example.dir/home/steve/pico/pico-sdk/lib/tinyusb/src/device/usbd.c.obj
                0x000000001000a120                tud_mounted
 .text.tud_suspended
                0x000000001000a130       0x10 CMakeFiles/FatFS_SPI_example.dir/home/steve/pico/pico-sdk/lib/tinyusb/src/device/usbd.c.obj
                0x000000001000a130                tud_suspended
 .text.tud_inited
                0x000000001000a140        0xc CMakeFiles/FatFS_SPI_example.dir/home/steve/pico/pico-sdk/lib/tinyusb/src/device/usbd.c.obj
                0x000000001000a140                tud_inited
 .text.tud_init
                0x000000001000a14c       0xd4 CMakeFiles/FatFS_SPI_example.dir/home/steve/pico/pico-sdk/lib/tinyusb/src/device/usbd.c.obj
                0x000000001000a14c                tud_init
 .text.tud_task
                0x000000001000a220      0x928 CMakeFiles/FatFS_SPI_example.dir/home/steve/pico/pico-sdk/lib/tinyusb/src/device/usbd.c.obj
                0x000000001000a220                tud_task
 .text.dcd_event_bus_signal
                0x000000001000ab48      0x124 CMakeFiles/FatFS_SPI_example.dir/home/steve/pico/pico-sdk/lib/tinyusb/src/device/usbd.c.obj
                0x000000001000ab48                dcd_event_bus_signal
 .text.dcd_event_bus_reset
                0x000000001000ac6c       0x58 CMakeFiles/FatFS_SPI_example.dir/home/steve/pico/pico-sdk/lib/tinyusb/src/device/usbd.c.obj
                0x000000001000ac6c                dcd_event_bus_reset
 .text.dcd_event_setup_received
                0x000000001000acc4       0x50 CMakeFiles/FatFS_SPI_example.dir/home/steve/pico/pico-sdk/lib/tinyusb/src/device/usbd.c.obj
                0x000000001000acc4                dcd_event_setup_received
 .text.dcd_event_xfer_complete
                0x000000001000ad14       0x68 CMakeFiles/FatFS_SPI_example.dir/home/steve/pico/pico-sdk/lib/tinyusb/src/device/usbd.c.obj
                0x000000001000ad14                dcd_event_xfer_complete
 .text.usbd_open_edpt_pair
                0x000000001000ad7c       0x9c CMakeFiles/FatFS_SPI_example.dir/home/steve/pico/pico-sdk/lib/tinyusb/src/device/usbd.c.obj
                0x000000001000ad7c                usbd_open_edpt_pair
 .text.usbd_edpt_open
                0x000000001000ae18       0x30 CMakeFiles/FatFS_SPI_example.dir/home/steve/pico/pico-sdk/lib/tinyusb/src/device/usbd.c.obj
                0x000000001000ae18                usbd_edpt_open
 .text.usbd_edpt_claim
                0x000000001000ae48       0x60 CMakeFiles/FatFS_SPI_example.dir/home/steve/pico/pico-sdk/lib/tinyusb/src/device/usbd.c.obj
                0x000000001000ae48                usbd_edpt_claim
 .text.usbd_edpt_release
                0x000000001000aea8       0x4c CMakeFiles/FatFS_SPI_example.dir/home/steve/pico/pico-sdk/lib/tinyusb/src/device/usbd.c.obj
                0x000000001000aea8                usbd_edpt_release
 .text.usbd_edpt_xfer
                0x000000001000aef4       0x48 CMakeFiles/FatFS_SPI_example.dir/home/steve/pico/pico-sdk/lib/tinyusb/src/device/usbd.c.obj
                0x000000001000aef4                usbd_edpt_xfer
 .text.tud_control_status
                0x000000001000af3c       0x30 CMakeFiles/FatFS_SPI_example.dir/home/steve/pico/pico-sdk/lib/tinyusb/src/device/usbd_control.c.obj
                0x000000001000af3c                tud_control_status
 .text.tud_control_xfer
                0x000000001000af6c       0xb4 CMakeFiles/FatFS_SPI_example.dir/home/steve/pico/pico-sdk/lib/tinyusb/src/device/usbd_control.c.obj
                0x000000001000af6c                tud_control_xfer
 .text.usbd_control_reset
                0x000000001000b020       0x14 CMakeFiles/FatFS_SPI_example.dir/home/steve/pico/pico-sdk/lib/tinyusb/src/device/usbd_control.c.obj
                0x000000001000b020                usbd_control_reset
 .text.usbd_control_set_complete_callback
                0x000000001000b034        0xc CMakeFiles/FatFS_SPI_example.dir/home/steve/pico/pico-sdk/lib/tinyusb/src/device/usbd_control.c.obj
                0x000000001000b034                usbd_control_set_complete_callback
 .text.usbd_control_set_request
                0x000000001000b040       0x1c CMakeFiles/FatFS_SPI_example.dir/home/steve/pico/pico-sdk/lib/tinyusb/src/device/usbd_control.c.obj
                0x000000001000b040                usbd_control_set_request
 .text.usbd_control_xfer_cb
                0x000000001000b05c       0xfc CMakeFiles/FatFS_SPI_example.dir/home/steve/pico/pico-sdk/lib/tinyusb/src/device/usbd_control.c.obj
                0x000000001000b05c                usbd_control_xfer_cb
 .text.tud_cdc_n_connected
                0x000000001000b158       0x30 CMakeFiles/FatFS_SPI_example.dir/home/steve/pico/pico-sdk/lib/tinyusb/src/class/cdc/cdc_device.c.obj
                0x000000001000b158                tud_cdc_n_connected
 .text.tud_cdc_n_available
                0x000000001000b188       0x18 CMakeFiles/FatFS_SPI_example.dir/home/steve/pico/pico-sdk/lib/tinyusb/src/class/cdc/cdc_device.c.obj
                0x000000001000b188                tud_cdc_n_available
 .text.tud_cdc_n_read
                0x000000001000b1a0       0x70 CMakeFiles/FatFS_SPI_example.dir/home/steve/pico/pico-sdk/lib/tinyusb/src/class/cdc/cdc_device.c.obj
                0x000000001000b1a0                tud_cdc_n_read
 .text.tud_cdc_n_write_flush
                0x000000001000b210       0x78 CMakeFiles/FatFS_SPI_example.dir/home/steve/pico/pico-sdk/lib/tinyusb/src/class/cdc/cdc_device.c.obj
                0x000000001000b210                tud_cdc_n_write_flush
 .text.tud_cdc_n_write
                0x000000001000b288       0x34 CMakeFiles/FatFS_SPI_example.dir/home/steve/pico/pico-sdk/lib/tinyusb/src/class/cdc/cdc_device.c.obj
                0x000000001000b288                tud_cdc_n_write
 .text.tud_cdc_n_write_available
                0x000000001000b2bc       0x18 CMakeFiles/FatFS_SPI_example.dir/home/steve/pico/pico-sdk/lib/tinyusb/src/class/cdc/cdc_device.c.obj
                0x000000001000b2bc                tud_cdc_n_write_available
 .text.cdcd_init
                0x000000001000b2d4       0x7c CMakeFiles/FatFS_SPI_example.dir/home/steve/pico/pico-sdk/lib/tinyusb/src/class/cdc/cdc_device.c.obj
                0x000000001000b2d4                cdcd_init
 .text.cdcd_reset
                0x000000001000b350       0x2c CMakeFiles/FatFS_SPI_example.dir/home/steve/pico/pico-sdk/lib/tinyusb/src/class/cdc/cdc_device.c.obj
                0x000000001000b350                cdcd_reset
 .text.cdcd_open
                0x000000001000b37c       0xe4 CMakeFiles/FatFS_SPI_example.dir/home/steve/pico/pico-sdk/lib/tinyusb/src/class/cdc/cdc_device.c.obj
                0x000000001000b37c                cdcd_open
 .text.cdcd_control_xfer_cb
                0x000000001000b460       0xdc CMakeFiles/FatFS_SPI_example.dir/home/steve/pico/pico-sdk/lib/tinyusb/src/class/cdc/cdc_device.c.obj
                0x000000001000b460                cdcd_control_xfer_cb
 .text.cdcd_xfer_cb
                0x000000001000b53c      0x19c CMakeFiles/FatFS_SPI_example.dir/home/steve/pico/pico-sdk/lib/tinyusb/src/class/cdc/cdc_device.c.obj
                0x000000001000b53c                cdcd_xfer_cb
 .text.tusb_init
                0x000000001000b6d8        0xc CMakeFiles/FatFS_SPI_example.dir/home/steve/pico/pico-sdk/lib/tinyusb/src/tusb.c.obj
                0x000000001000b6d8                tusb_init
 .text.tusb_inited
                0x000000001000b6e4        0x8 CMakeFiles/FatFS_SPI_example.dir/home/steve/pico/pico-sdk/lib/tinyusb/src/tusb.c.obj
                0x000000001000b6e4                tusb_inited
 .text.tu_edpt_validate
                0x000000001000b6ec       0x74 CMakeFiles/FatFS_SPI_example.dir/home/steve/pico/pico-sdk/lib/tinyusb/src/tusb.c.obj
                0x000000001000b6ec                tu_edpt_validate
 .text.tu_edpt_bind_driver
                0x000000001000b760       0x2c CMakeFiles/FatFS_SPI_example.dir/home/steve/pico/pico-sdk/lib/tinyusb/src/tusb.c.obj
                0x000000001000b760                tu_edpt_bind_driver
 .text.tu_fifo_config
                0x000000001000b78c       0x78 CMakeFiles/FatFS_SPI_example.dir/home/steve/pico/pico-sdk/lib/tinyusb/src/common/tusb_fifo.c.obj
                0x000000001000b78c                tu_fifo_config
 .text.tu_fifo_count
                0x000000001000b804       0x24 CMakeFiles/FatFS_SPI_example.dir/home/steve/pico/pico-sdk/lib/tinyusb/src/common/tusb_fifo.c.obj
                0x000000001000b804                tu_fifo_count
 .text.tu_fifo_empty
                0x000000001000b828       0x10 CMakeFiles/FatFS_SPI_example.dir/home/steve/pico/pico-sdk/lib/tinyusb/src/common/tusb_fifo.c.obj
                0x000000001000b828                tu_fifo_empty
 .text.tu_fifo_remaining
                0x000000001000b838       0x20 CMakeFiles/FatFS_SPI_example.dir/home/steve/pico/pico-sdk/lib/tinyusb/src/common/tusb_fifo.c.obj
                0x000000001000b838                tu_fifo_remaining
 .text.tu_fifo_read
                0x000000001000b858       0xa0 CMakeFiles/FatFS_SPI_example.dir/home/steve/pico/pico-sdk/lib/tinyusb/src/common/tusb_fifo.c.obj
                0x000000001000b858                tu_fifo_read
 .text.tu_fifo_read_n
                0x000000001000b8f8       0xf8 CMakeFiles/FatFS_SPI_example.dir/home/steve/pico/pico-sdk/lib/tinyusb/src/common/tusb_fifo.c.obj
                0x000000001000b8f8                tu_fifo_read_n
 .text.tu_fifo_write
                0x000000001000b9f0       0x80 CMakeFiles/FatFS_SPI_example.dir/home/steve/pico/pico-sdk/lib/tinyusb/src/common/tusb_fifo.c.obj
                0x000000001000b9f0                tu_fifo_write
 .text.tu_fifo_write_n
                0x000000001000ba70       0xfc CMakeFiles/FatFS_SPI_example.dir/home/steve/pico/pico-sdk/lib/tinyusb/src/common/tusb_fifo.c.obj
                0x000000001000ba70                tu_fifo_write_n
 .text.tu_fifo_clear
                0x000000001000bb6c       0x4c CMakeFiles/FatFS_SPI_example.dir/home/steve/pico/pico-sdk/lib/tinyusb/src/common/tusb_fifo.c.obj
                0x000000001000bb6c                tu_fifo_clear
 .text.tu_fifo_set_overwritable
                0x000000001000bbb8       0x3c CMakeFiles/FatFS_SPI_example.dir/home/steve/pico/pico-sdk/lib/tinyusb/src/common/tusb_fifo.c.obj
                0x000000001000bbb8                tu_fifo_set_overwritable
 .text.startup._retrieve_unique_id_on_boot
                0x000000001000bbf4       0x10 CMakeFiles/FatFS_SPI_example.dir/home/steve/pico/pico-sdk/src/rp2_common/pico_unique_id/unique_id.c.obj
 .text.pico_get_unique_board_id_string
                0x000000001000bc04      0x1cc CMakeFiles/FatFS_SPI_example.dir/home/steve/pico/pico-sdk/src/rp2_common/pico_unique_id/unique_id.c.obj
                0x000000001000bc04                pico_get_unique_board_id_string
 .text.flash_get_unique_id
                0x000000001000bdd0       0x3c CMakeFiles/FatFS_SPI_example.dir/home/steve/pico/pico-sdk/src/rp2_common/hardware_flash/flash.c.obj
                0x000000001000bdd0                flash_get_unique_id
 .text.ff_memalloc
                0x000000001000be0c        0x8 CMakeFiles/FatFS_SPI_example.dir/home/steve/apricot-hd/c/no-OS-FatFS/FatFs_SPI/ff15/source/ffsystem.c.obj
                0x000000001000be0c                ff_memalloc
 .text.ff_memfree
                0x000000001000be14        0x8 CMakeFiles/FatFS_SPI_example.dir/home/steve/apricot-hd/c/no-OS-FatFS/FatFs_SPI/ff15/source/ffsystem.c.obj
                0x000000001000be14                ff_memfree
 .text.ff_uni2oem
                0x000000001000be1c       0x40 CMakeFiles/FatFS_SPI_example.dir/home/steve/apricot-hd/c/no-OS-FatFS/FatFs_SPI/ff15/source/ffunicode.c.obj
                0x000000001000be1c                ff_uni2oem
 .text.ff_oem2uni
                0x000000001000be5c       0x2c CMakeFiles/FatFS_SPI_example.dir/home/steve/apricot-hd/c/no-OS-FatFS/FatFs_SPI/ff15/source/ffunicode.c.obj
                0x000000001000be5c                ff_oem2uni
 .text.ff_wtoupper
                0x000000001000be88       0xbc CMakeFiles/FatFS_SPI_example.dir/home/steve/apricot-hd/c/no-OS-FatFS/FatFs_SPI/ff15/source/ffunicode.c.obj
                0x000000001000be88                ff_wtoupper
 .text.tchar2uni
                0x000000001000bf44       0xe8 CMakeFiles/FatFS_SPI_example.dir/home/steve/apricot-hd/c/no-OS-FatFS/FatFs_SPI/ff15/source/ff.c.obj
 .text.put_utf  0x000000001000c02c       0xec CMakeFiles/FatFS_SPI_example.dir/home/steve/apricot-hd/c/no-OS-FatFS/FatFs_SPI/ff15/source/ff.c.obj
 .text.get_fileinfo
                0x000000001000c118      0x2e4 CMakeFiles/FatFS_SPI_example.dir/home/steve/apricot-hd/c/no-OS-FatFS/FatFs_SPI/ff15/source/ff.c.obj
 .text.dir_clear
                0x000000001000c3fc      0x1a8 CMakeFiles/FatFS_SPI_example.dir/home/steve/apricot-hd/c/no-OS-FatFS/FatFs_SPI/ff15/source/ff.c.obj
 .text.pattern_match
                0x000000001000c5a4      0x114 CMakeFiles/FatFS_SPI_example.dir/home/steve/apricot-hd/c/no-OS-FatFS/FatFs_SPI/ff15/source/ff.c.obj
 .text.move_window.part.8
                0x000000001000c6b8       0xb0 CMakeFiles/FatFS_SPI_example.dir/home/steve/apricot-hd/c/no-OS-FatFS/FatFs_SPI/ff15/source/ff.c.obj
 .text.check_fs
                0x000000001000c768      0x174 CMakeFiles/FatFS_SPI_example.dir/home/steve/apricot-hd/c/no-OS-FatFS/FatFs_SPI/ff15/source/ff.c.obj
 .text.put_fat.part.9
                0x000000001000c8dc      0x1a0 CMakeFiles/FatFS_SPI_example.dir/home/steve/apricot-hd/c/no-OS-FatFS/FatFs_SPI/ff15/source/ff.c.obj
 .text.get_fat  0x000000001000ca7c      0x1f0 CMakeFiles/FatFS_SPI_example.dir/home/steve/apricot-hd/c/no-OS-FatFS/FatFs_SPI/ff15/source/ff.c.obj
 .text.dir_sdi  0x000000001000cc6c       0xdc CMakeFiles/FatFS_SPI_example.dir/home/steve/apricot-hd/c/no-OS-FatFS/FatFs_SPI/ff15/source/ff.c.obj
 .text.dir_next.constprop.16
                0x000000001000cd48       0xc4 CMakeFiles/FatFS_SPI_example.dir/home/steve/apricot-hd/c/no-OS-FatFS/FatFs_SPI/ff15/source/ff.c.obj
 .text.load_xdir
                0x000000001000ce0c      0x164 CMakeFiles/FatFS_SPI_example.dir/home/steve/apricot-hd/c/no-OS-FatFS/FatFs_SPI/ff15/source/ff.c.obj
 .text.sync_fs  0x000000001000cf70      0x148 CMakeFiles/FatFS_SPI_example.dir/home/steve/apricot-hd/c/no-OS-FatFS/FatFs_SPI/ff15/source/ff.c.obj
 .text.store_xdir
                0x000000001000d0b8      0x1b4 CMakeFiles/FatFS_SPI_example.dir/home/steve/apricot-hd/c/no-OS-FatFS/FatFs_SPI/ff15/source/ff.c.obj
 .text.dir_remove
                0x000000001000d26c      0x1f4 CMakeFiles/FatFS_SPI_example.dir/home/steve/apricot-hd/c/no-OS-FatFS/FatFs_SPI/ff15/source/ff.c.obj
 .text.dir_read
                0x000000001000d460      0x5dc CMakeFiles/FatFS_SPI_example.dir/home/steve/apricot-hd/c/no-OS-FatFS/FatFs_SPI/ff15/source/ff.c.obj
 .text.dir_find
                0x000000001000da3c      0x3b8 CMakeFiles/FatFS_SPI_example.dir/home/steve/apricot-hd/c/no-OS-FatFS/FatFs_SPI/ff15/source/ff.c.obj
 .text.mount_volume
                0x000000001000ddf4      0xbf0 CMakeFiles/FatFS_SPI_example.dir/home/steve/apricot-hd/c/no-OS-FatFS/FatFs_SPI/ff15/source/ff.c.obj
 .text.remove_chain
                0x000000001000e9e4      0x1e0 CMakeFiles/FatFS_SPI_example.dir/home/steve/apricot-hd/c/no-OS-FatFS/FatFs_SPI/ff15/source/ff.c.obj
 .text.find_bitmap
                0x000000001000ebc4      0x18c CMakeFiles/FatFS_SPI_example.dir/home/steve/apricot-hd/c/no-OS-FatFS/FatFs_SPI/ff15/source/ff.c.obj
 .text.create_chain
                0x000000001000ed50      0x208 CMakeFiles/FatFS_SPI_example.dir/home/steve/apricot-hd/c/no-OS-FatFS/FatFs_SPI/ff15/source/ff.c.obj
 .text.dir_alloc
                0x000000001000ef58      0x19c CMakeFiles/FatFS_SPI_example.dir/home/steve/apricot-hd/c/no-OS-FatFS/FatFs_SPI/ff15/source/ff.c.obj
 .text.dir_register
                0x000000001000f0f4      0xad0 CMakeFiles/FatFS_SPI_example.dir/home/steve/apricot-hd/c/no-OS-FatFS/FatFs_SPI/ff15/source/ff.c.obj
 .text.follow_path
                0x000000001000fbc4      0x640 CMakeFiles/FatFS_SPI_example.dir/home/steve/apricot-hd/c/no-OS-FatFS/FatFs_SPI/ff15/source/ff.c.obj
 .text.f_mount  0x0000000010010204      0x1cc CMakeFiles/FatFS_SPI_example.dir/home/steve/apricot-hd/c/no-OS-FatFS/FatFs_SPI/ff15/source/ff.c.obj
                0x0000000010010204                f_mount
 .text.f_open   0x00000000100103d0      0xd1c CMakeFiles/FatFS_SPI_example.dir/home/steve/apricot-hd/c/no-OS-FatFS/FatFs_SPI/ff15/source/ff.c.obj
                0x00000000100103d0                f_open
 .text.f_read   0x00000000100110ec      0x290 CMakeFiles/FatFS_SPI_example.dir/home/steve/apricot-hd/c/no-OS-FatFS/FatFs_SPI/ff15/source/ff.c.obj
                0x00000000100110ec                f_read
 .text.f_write  0x000000001001137c      0x2d8 CMakeFiles/FatFS_SPI_example.dir/home/steve/apricot-hd/c/no-OS-FatFS/FatFs_SPI/ff15/source/ff.c.obj
                0x000000001001137c                f_write
 .text.putc_bfd
                0x0000000010011654      0x17c CMakeFiles/FatFS_SPI_example.dir/home/steve/apricot-hd/c/no-OS-FatFS/FatFs_SPI/ff15/source/ff.c.obj
 .text.putc_bfd.constprop.13
                0x00000000100117d0      0x128 CMakeFiles/FatFS_SPI_example.dir/home/steve/apricot-hd/c/no-OS-FatFS/FatFs_SPI/ff15/source/ff.c.obj
 .text.f_sync   0x00000000100118f8      0x2ec CMakeFiles/FatFS_SPI_example.dir/home/steve/apricot-hd/c/no-OS-FatFS/FatFs_SPI/ff15/source/ff.c.obj
                0x00000000100118f8                f_sync
 .text.f_close  0x0000000010011be4       0x70 CMakeFiles/FatFS_SPI_example.dir/home/steve/apricot-hd/c/no-OS-FatFS/FatFs_SPI/ff15/source/ff.c.obj
                0x0000000010011be4                f_close
 .text.f_chdrive
                0x0000000010011c54       0x3c CMakeFiles/FatFS_SPI_example.dir/home/steve/apricot-hd/c/no-OS-FatFS/FatFs_SPI/ff15/source/ff.c.obj
                0x0000000010011c54                f_chdrive
 .text.f_chdir  0x0000000010011c90      0x108 CMakeFiles/FatFS_SPI_example.dir/home/steve/apricot-hd/c/no-OS-FatFS/FatFs_SPI/ff15/source/ff.c.obj
                0x0000000010011c90                f_chdir
 .text.f_getcwd
                0x0000000010011d98      0x29c CMakeFiles/FatFS_SPI_example.dir/home/steve/apricot-hd/c/no-OS-FatFS/FatFs_SPI/ff15/source/ff.c.obj
                0x0000000010011d98                f_getcwd
 .text.f_lseek  0x0000000010012034      0x548 CMakeFiles/FatFS_SPI_example.dir/home/steve/apricot-hd/c/no-OS-FatFS/FatFs_SPI/ff15/source/ff.c.obj
                0x0000000010012034                f_lseek
 .text.f_opendir
                0x000000001001257c      0x500 CMakeFiles/FatFS_SPI_example.dir/home/steve/apricot-hd/c/no-OS-FatFS/FatFs_SPI/ff15/source/ff.c.obj
                0x000000001001257c                f_opendir
 .text.f_closedir
                0x0000000010012a7c       0x68 CMakeFiles/FatFS_SPI_example.dir/home/steve/apricot-hd/c/no-OS-FatFS/FatFs_SPI/ff15/source/ff.c.obj
                0x0000000010012a7c                f_closedir
 .text.f_readdir
                0x0000000010012ae4       0x8c CMakeFiles/FatFS_SPI_example.dir/home/steve/apricot-hd/c/no-OS-FatFS/FatFs_SPI/ff15/source/ff.c.obj
                0x0000000010012ae4                f_readdir
 .text.f_findnext
                0x0000000010012b70       0xf4 CMakeFiles/FatFS_SPI_example.dir/home/steve/apricot-hd/c/no-OS-FatFS/FatFs_SPI/ff15/source/ff.c.obj
                0x0000000010012b70                f_findnext
 .text.f_findfirst
                0x0000000010012c64      0x530 CMakeFiles/FatFS_SPI_example.dir/home/steve/apricot-hd/c/no-OS-FatFS/FatFs_SPI/ff15/source/ff.c.obj
                0x0000000010012c64                f_findfirst
 .text.f_stat   0x0000000010013194       0x6c CMakeFiles/FatFS_SPI_example.dir/home/steve/apricot-hd/c/no-OS-FatFS/FatFs_SPI/ff15/source/ff.c.obj
                0x0000000010013194                f_stat
 .text.f_getfree
                0x0000000010013200      0x1f4 CMakeFiles/FatFS_SPI_example.dir/home/steve/apricot-hd/c/no-OS-FatFS/FatFs_SPI/ff15/source/ff.c.obj
                0x0000000010013200                f_getfree
 .text.f_truncate
                0x00000000100133f4      0x114 CMakeFiles/FatFS_SPI_example.dir/home/steve/apricot-hd/c/no-OS-FatFS/FatFs_SPI/ff15/source/ff.c.obj
                0x00000000100133f4                f_truncate
 .text.f_unlink
                0x0000000010013508      0x3cc CMakeFiles/FatFS_SPI_example.dir/home/steve/apricot-hd/c/no-OS-FatFS/FatFs_SPI/ff15/source/ff.c.obj
                0x0000000010013508                f_unlink
 .text.f_mkdir  0x00000000100138d4      0x264 CMakeFiles/FatFS_SPI_example.dir/home/steve/apricot-hd/c/no-OS-FatFS/FatFs_SPI/ff15/source/ff.c.obj
                0x00000000100138d4                f_mkdir
 .text.f_rename
                0x0000000010013b38      0x460 CMakeFiles/FatFS_SPI_example.dir/home/steve/apricot-hd/c/no-OS-FatFS/FatFs_SPI/ff15/source/ff.c.obj
                0x0000000010013b38                f_rename
 .text.f_mkfs   0x0000000010013f98     0x1fc8 CMakeFiles/FatFS_SPI_example.dir/home/steve/apricot-hd/c/no-OS-FatFS/FatFs_SPI/ff15/source/ff.c.obj
                0x0000000010013f98                f_mkfs
 .text.f_gets   0x0000000010015f60      0x1b4 CMakeFiles/FatFS_SPI_example.dir/home/steve/apricot-hd/c/no-OS-FatFS/FatFs_SPI/ff15/source/ff.c.obj
                0x0000000010015f60                f_gets
 .text.f_printf
                0x0000000010016114      0xdd0 CMakeFiles/FatFS_SPI_example.dir/home/steve/apricot-hd/c/no-OS-FatFS/FatFs_SPI/ff15/source/ff.c.obj
                0x0000000010016114                f_printf
 .text.sd_spi_go_high_frequency
                0x0000000010016ee4       0x20 CMakeFiles/FatFS_SPI_example.dir/home/steve/apricot-hd/c/no-OS-FatFS/FatFs_SPI/sd_driver/sd_spi.c.obj
                0x0000000010016ee4                sd_spi_go_high_frequency
 .text.sd_spi_go_low_frequency
                0x0000000010016f04       0x24 CMakeFiles/FatFS_SPI_example.dir/home/steve/apricot-hd/c/no-OS-FatFS/FatFs_SPI/sd_driver/sd_spi.c.obj
                0x0000000010016f04                sd_spi_go_low_frequency
 .text.sd_spi_deselect_pulse
                0x0000000010016f28       0x5c CMakeFiles/FatFS_SPI_example.dir/home/steve/apricot-hd/c/no-OS-FatFS/FatFs_SPI/sd_driver/sd_spi.c.obj
                0x0000000010016f28                sd_spi_deselect_pulse
 .text.sd_spi_acquire
                0x0000000010016f84       0x34 CMakeFiles/FatFS_SPI_example.dir/home/steve/apricot-hd/c/no-OS-FatFS/FatFs_SPI/sd_driver/sd_spi.c.obj
                0x0000000010016f84                sd_spi_acquire
 .text.sd_spi_release
                0x0000000010016fb8       0x34 CMakeFiles/FatFS_SPI_example.dir/home/steve/apricot-hd/c/no-OS-FatFS/FatFs_SPI/sd_driver/sd_spi.c.obj
                0x0000000010016fb8                sd_spi_release
 .text.sd_spi_transfer
                0x0000000010016fec        0xc CMakeFiles/FatFS_SPI_example.dir/home/steve/apricot-hd/c/no-OS-FatFS/FatFs_SPI/sd_driver/sd_spi.c.obj
                0x0000000010016fec                sd_spi_transfer
 .text.sd_spi_write
                0x0000000010016ff8       0x44 CMakeFiles/FatFS_SPI_example.dir/home/steve/apricot-hd/c/no-OS-FatFS/FatFs_SPI/sd_driver/sd_spi.c.obj
                0x0000000010016ff8                sd_spi_write
 .text.sd_spi_send_initializing_sequence
                0x000000001001703c       0x7c CMakeFiles/FatFS_SPI_example.dir/home/steve/apricot-hd/c/no-OS-FatFS/FatFs_SPI/sd_driver/sd_spi.c.obj
                0x000000001001703c                sd_spi_send_initializing_sequence
 .text.spi_lock
                0x00000000100170b8       0x30 CMakeFiles/FatFS_SPI_example.dir/home/steve/apricot-hd/c/no-OS-FatFS/FatFs_SPI/sd_driver/spi.c.obj
                0x00000000100170b8                spi_lock
 .text.spi_unlock
                0x00000000100170e8       0x30 CMakeFiles/FatFS_SPI_example.dir/home/steve/apricot-hd/c/no-OS-FatFS/FatFs_SPI/sd_driver/spi.c.obj
                0x00000000100170e8                spi_unlock
 .text.my_spi_init
                0x0000000010017118      0x1ac CMakeFiles/FatFS_SPI_example.dir/home/steve/apricot-hd/c/no-OS-FatFS/FatFs_SPI/sd_driver/spi.c.obj
                0x0000000010017118                my_spi_init
 .text.sd_sectors_nolock.part.1
                0x00000000100172c4      0x254 CMakeFiles/FatFS_SPI_example.dir/home/steve/apricot-hd/c/no-OS-FatFS/FatFs_SPI/sd_driver/sd_card.c.obj
 .text.sd_write_block.constprop.3
                0x0000000010017518       0xe0 CMakeFiles/FatFS_SPI_example.dir/home/steve/apricot-hd/c/no-OS-FatFS/FatFs_SPI/sd_driver/sd_card.c.obj
 .text.sd_cmd   0x00000000100175f8      0x4f4 CMakeFiles/FatFS_SPI_example.dir/home/steve/apricot-hd/c/no-OS-FatFS/FatFs_SPI/sd_driver/sd_card.c.obj
 .text.sd_card_detect
                0x0000000010017aec       0x4c CMakeFiles/FatFS_SPI_example.dir/home/steve/apricot-hd/c/no-OS-FatFS/FatFs_SPI/sd_driver/sd_card.c.obj
                0x0000000010017aec                sd_card_detect
 .text.sd_sectors
                0x0000000010017b38       0x98 CMakeFiles/FatFS_SPI_example.dir/home/steve/apricot-hd/c/no-OS-FatFS/FatFs_SPI/sd_driver/sd_card.c.obj
                0x0000000010017b38                sd_sectors
 .text.sd_read_blocks
                0x0000000010017bd0      0x1f8 CMakeFiles/FatFS_SPI_example.dir/home/steve/apricot-hd/c/no-OS-FatFS/FatFs_SPI/sd_driver/sd_card.c.obj
                0x0000000010017bd0                sd_read_blocks
 .text.sd_write_blocks
                0x0000000010017dc8      0x164 CMakeFiles/FatFS_SPI_example.dir/home/steve/apricot-hd/c/no-OS-FatFS/FatFs_SPI/sd_driver/sd_card.c.obj
                0x0000000010017dc8                sd_write_blocks
 .text.sd_init_driver
                0x0000000010017f2c       0xc8 CMakeFiles/FatFS_SPI_example.dir/home/steve/apricot-hd/c/no-OS-FatFS/FatFs_SPI/sd_driver/sd_card.c.obj
                0x0000000010017f2c                sd_init_driver
 .text.sd_init  0x0000000010017ff4      0x378 CMakeFiles/FatFS_SPI_example.dir/home/steve/apricot-hd/c/no-OS-FatFS/FatFs_SPI/sd_driver/sd_card.c.obj
                0x0000000010017ff4                sd_init
 .text.crc7     0x000000001001836c       0x28 CMakeFiles/FatFS_SPI_example.dir/home/steve/apricot-hd/c/no-OS-FatFS/FatFs_SPI/sd_driver/crc.c.obj
                0x000000001001836c                crc7
 .text.crc16    0x0000000010018394       0x30 CMakeFiles/FatFS_SPI_example.dir/home/steve/apricot-hd/c/no-OS-FatFS/FatFs_SPI/sd_driver/crc.c.obj
                0x0000000010018394                crc16
 .text.disk_status
                0x00000000100183c4       0x18 CMakeFiles/FatFS_SPI_example.dir/home/steve/apricot-hd/c/no-OS-FatFS/FatFs_SPI/src/glue.c.obj
                0x00000000100183c4                disk_status
 .text.disk_initialize
                0x00000000100183dc       0x18 CMakeFiles/FatFS_SPI_example.dir/home/steve/apricot-hd/c/no-OS-FatFS/FatFs_SPI/src/glue.c.obj
                0x00000000100183dc                disk_initialize
 .text.disk_read
                0x00000000100183f4       0x78 CMakeFiles/FatFS_SPI_example.dir/home/steve/apricot-hd/c/no-OS-FatFS/FatFs_SPI/src/glue.c.obj
                0x00000000100183f4                disk_read
 .text.disk_write
                0x000000001001846c       0x78 CMakeFiles/FatFS_SPI_example.dir/home/steve/apricot-hd/c/no-OS-FatFS/FatFs_SPI/src/glue.c.obj
                0x000000001001846c                disk_write
 .text.disk_ioctl
                0x00000000100184e4       0x3c CMakeFiles/FatFS_SPI_example.dir/home/steve/apricot-hd/c/no-OS-FatFS/FatFs_SPI/src/glue.c.obj
                0x00000000100184e4                disk_ioctl
 .text.FRESULT_str
                0x0000000010018520       0x18 CMakeFiles/FatFS_SPI_example.dir/home/steve/apricot-hd/c/no-OS-FatFS/FatFs_SPI/src/f_util.c.obj
                0x0000000010018520                FRESULT_str
 .text.delete_node
                0x0000000010018538       0xd4 CMakeFiles/FatFS_SPI_example.dir/home/steve/apricot-hd/c/no-OS-FatFS/FatFs_SPI/src/f_util.c.obj
                0x0000000010018538                delete_node
 .text.ff_fopen
                0x000000001001860c       0xf8 CMakeFiles/FatFS_SPI_example.dir/home/steve/apricot-hd/c/no-OS-FatFS/FatFs_SPI/src/ff_stdio.c.obj
                0x000000001001860c                ff_fopen
 .text.ff_fclose
                0x0000000010018704       0x3c CMakeFiles/FatFS_SPI_example.dir/home/steve/apricot-hd/c/no-OS-FatFS/FatFs_SPI/src/ff_stdio.c.obj
                0x0000000010018704                ff_fclose
 .text.ff_stat  0x0000000010018740       0x5c CMakeFiles/FatFS_SPI_example.dir/home/steve/apricot-hd/c/no-OS-FatFS/FatFs_SPI/src/ff_stdio.c.obj
                0x0000000010018740                ff_stat
 .text.ff_fwrite
                0x000000001001879c       0x40 CMakeFiles/FatFS_SPI_example.dir/home/steve/apricot-hd/c/no-OS-FatFS/FatFs_SPI/src/ff_stdio.c.obj
                0x000000001001879c                ff_fwrite
 .text.ff_fread
                0x00000000100187dc       0x40 CMakeFiles/FatFS_SPI_example.dir/home/steve/apricot-hd/c/no-OS-FatFS/FatFs_SPI/src/ff_stdio.c.obj
                0x00000000100187dc                ff_fread
 .text.ff_chdir
                0x000000001001881c       0x30 CMakeFiles/FatFS_SPI_example.dir/home/steve/apricot-hd/c/no-OS-FatFS/FatFs_SPI/src/ff_stdio.c.obj
                0x000000001001881c                ff_chdir
 .text.ff_getcwd
                0x000000001001884c       0x74 CMakeFiles/FatFS_SPI_example.dir/home/steve/apricot-hd/c/no-OS-FatFS/FatFs_SPI/src/ff_stdio.c.obj
                0x000000001001884c                ff_getcwd
 .text.ff_mkdir
                0x00000000100188c0       0x34 CMakeFiles/FatFS_SPI_example.dir/home/steve/apricot-hd/c/no-OS-FatFS/FatFs_SPI/src/ff_stdio.c.obj
                0x00000000100188c0                ff_mkdir
 .text.ff_fputc
                0x00000000100188f4       0x48 CMakeFiles/FatFS_SPI_example.dir/home/steve/apricot-hd/c/no-OS-FatFS/FatFs_SPI/src/ff_stdio.c.obj
                0x00000000100188f4                ff_fputc
 .text.ff_fgetc
                0x000000001001893c       0x44 CMakeFiles/FatFS_SPI_example.dir/home/steve/apricot-hd/c/no-OS-FatFS/FatFs_SPI/src/ff_stdio.c.obj
                0x000000001001893c                ff_fgetc
 .text.ff_rmdir
                0x0000000010018980       0x30 CMakeFiles/FatFS_SPI_example.dir/home/steve/apricot-hd/c/no-OS-FatFS/FatFs_SPI/src/ff_stdio.c.obj
                0x0000000010018980                ff_rmdir
 .text.ff_remove
                0x00000000100189b0       0x30 CMakeFiles/FatFS_SPI_example.dir/home/steve/apricot-hd/c/no-OS-FatFS/FatFs_SPI/src/ff_stdio.c.obj
                0x00000000100189b0                ff_remove
 .text.ff_ftell
                0x00000000100189e0       0x34 CMakeFiles/FatFS_SPI_example.dir/home/steve/apricot-hd/c/no-OS-FatFS/FatFs_SPI/src/ff_stdio.c.obj
                0x00000000100189e0                ff_ftell
 .text.ff_fseek
                0x0000000010018a14       0x88 CMakeFiles/FatFS_SPI_example.dir/home/steve/apricot-hd/c/no-OS-FatFS/FatFs_SPI/src/ff_stdio.c.obj
                0x0000000010018a14                ff_fseek
 .text.ff_findfirst
                0x0000000010018a9c       0xdc CMakeFiles/FatFS_SPI_example.dir/home/steve/apricot-hd/c/no-OS-FatFS/FatFs_SPI/src/ff_stdio.c.obj
                0x0000000010018a9c                ff_findfirst
 .text.ff_findnext
                0x0000000010018b78       0x64 CMakeFiles/FatFS_SPI_example.dir/home/steve/apricot-hd/c/no-OS-FatFS/FatFs_SPI/src/ff_stdio.c.obj
                0x0000000010018b78                ff_findnext
 .text.ff_truncate
                0x0000000010018bdc      0x16c CMakeFiles/FatFS_SPI_example.dir/home/steve/apricot-hd/c/no-OS-FatFS/FatFs_SPI/src/ff_stdio.c.obj
                0x0000000010018bdc                ff_truncate
 .text.ff_seteof
                0x0000000010018d48       0x30 CMakeFiles/FatFS_SPI_example.dir/home/steve/apricot-hd/c/no-OS-FatFS/FatFs_SPI/src/ff_stdio.c.obj
                0x0000000010018d48                ff_seteof
 .text.ff_rename
                0x0000000010018d78       0x44 CMakeFiles/FatFS_SPI_example.dir/home/steve/apricot-hd/c/no-OS-FatFS/FatFs_SPI/src/ff_stdio.c.obj
                0x0000000010018d78                ff_rename
 .text.ff_fgets
                0x0000000010018dbc       0x1c CMakeFiles/FatFS_SPI_example.dir/home/steve/apricot-hd/c/no-OS-FatFS/FatFs_SPI/src/ff_stdio.c.obj
                0x0000000010018dbc                ff_fgets
 .text.my_printf
                0x0000000010018dd8       0x4c CMakeFiles/FatFS_SPI_example.dir/home/steve/apricot-hd/c/no-OS-FatFS/FatFs_SPI/src/my_debug.c.obj
                0x0000000010018dd8                my_printf
 .text.my_assert_func
                0x0000000010018e24       0x2c CMakeFiles/FatFS_SPI_example.dir/home/steve/apricot-hd/c/no-OS-FatFS/FatFs_SPI/src/my_debug.c.obj
                0x0000000010018e24                my_assert_func
 .text.time     0x0000000010018e50       0x88 CMakeFiles/FatFS_SPI_example.dir/home/steve/apricot-hd/c/no-OS-FatFS/FatFs_SPI/src/rtc.c.obj
                0x0000000010018e50                time
 .text.time_init
                0x0000000010018ed8       0x54 CMakeFiles/FatFS_SPI_example.dir/home/steve/apricot-hd/c/no-OS-FatFS/FatFs_SPI/src/rtc.c.obj
                0x0000000010018ed8                time_init
 .text.get_fattime
                0x0000000010018f2c       0x6c CMakeFiles/FatFS_SPI_example.dir/home/steve/apricot-hd/c/no-OS-FatFS/FatFs_SPI/src/rtc.c.obj
                0x0000000010018f2c                get_fattime
 .text.spi_init
                0x0000000010018f98       0xf4 CMakeFiles/FatFS_SPI_example.dir/home/steve/pico/pico-sdk/src/rp2_common/hardware_spi/spi.c.obj
                0x0000000010018f98                spi_init
 .text.spi_set_baudrate
                0x000000001001908c       0x94 CMakeFiles/FatFS_SPI_example.dir/home/steve/pico/pico-sdk/src/rp2_common/hardware_spi/spi.c.obj
                0x000000001001908c                spi_set_baudrate
 .text.dma_claim_unused_channel
                0x0000000010019120       0x20 CMakeFiles/FatFS_SPI_example.dir/home/steve/pico/pico-sdk/src/rp2_common/hardware_dma/dma.c.obj
                0x0000000010019120                dma_claim_unused_channel
 .text.rtc_init
                0x0000000010019140       0x38 CMakeFiles/FatFS_SPI_example.dir/home/steve/pico/pico-sdk/src/rp2_common/hardware_rtc/rtc.c.obj
                0x0000000010019140                rtc_init
 .text.rtc_set_datetime
                0x0000000010019178       0xa8 CMakeFiles/FatFS_SPI_example.dir/home/steve/pico/pico-sdk/src/rp2_common/hardware_rtc/rtc.c.obj
                0x0000000010019178                rtc_set_datetime
 .text.rtc_get_datetime
                0x0000000010019220       0x44 CMakeFiles/FatFS_SPI_example.dir/home/steve/pico/pico-sdk/src/rp2_common/hardware_rtc/rtc.c.obj
                0x0000000010019220                rtc_get_datetime
 .text.adc_init
                0x0000000010019264       0x38 CMakeFiles/FatFS_SPI_example.dir/home/steve/pico/pico-sdk/src/rp2_common/hardware_adc/adc.c.obj
                0x0000000010019264                adc_init
 .text          0x000000001001929c       0x18 /usr/lib/gcc/arm-none-eabi/8.3.1/../../../arm-none-eabi/lib/thumb/v6-m/nofp/libc.a(lib_a-atoi.o)
                0x000000001001929c                atoi
                0x00000000100192a8                _atoi_r
 .text          0x00000000100192b4       0x18 /usr/lib/gcc/arm-none-eabi/8.3.1/../../../arm-none-eabi/lib/thumb/v6-m/nofp/libc.a(lib_a-calloc.o)
                0x00000000100192b4                calloc
 .text          0x00000000100192cc       0x5c /usr/lib/gcc/arm-none-eabi/8.3.1/../../../arm-none-eabi/lib/thumb/v6-m/nofp/libc.a(lib_a-callocr.o)
                0x00000000100192cc                _calloc_r
 .text          0x0000000010019328        0xc /usr/lib/gcc/arm-none-eabi/8.3.1/../../../arm-none-eabi/lib/thumb/v6-m/nofp/libc.a(lib_a-errno.o)
                0x0000000010019328                __errno
 .text          0x0000000010019334      0x1b4 /usr/lib/gcc/arm-none-eabi/8.3.1/../../../arm-none-eabi/lib/thumb/v6-m/nofp/libc.a(lib_a-fflush.o)
                0x0000000010019334                __sflush_r
                0x0000000010019494                _fflush_r
                0x00000000100194c0                fflush
 .text          0x00000000100194e8      0x220 /usr/lib/gcc/arm-none-eabi/8.3.1/../../../arm-none-eabi/lib/thumb/v6-m/nofp/libc.a(lib_a-findfp.o)
                0x00000000100194ec                _cleanup_r
                0x00000000100195e8                __sfmoreglue
                0x0000000010019618                __sfp
                0x00000000100196a0                _cleanup
                0x00000000100196b8                __sinit
                0x00000000100196c8                __sfp_lock_acquire
                0x00000000100196cc                __sfp_lock_release
                0x00000000100196d0                __sinit_lock_acquire
                0x00000000100196d4                __sinit_lock_release
                0x00000000100196d8                __fp_lock_all
                0x00000000100196f0                __fp_unlock_all
 .text          0x0000000010019708      0x27c /usr/lib/gcc/arm-none-eabi/8.3.1/../../../arm-none-eabi/lib/thumb/v6-m/nofp/libc.a(lib_a-freer.o)
                0x0000000010019708                _malloc_trim_r
                0x00000000100197a8                _free_r
 .text          0x0000000010019984       0x90 /usr/lib/gcc/arm-none-eabi/8.3.1/../../../arm-none-eabi/lib/thumb/v6-m/nofp/libc.a(lib_a-fwalk.o)
                0x0000000010019984                _fwalk
                0x00000000100199c8                _fwalk_reent
 .text          0x0000000010019a14       0x20 /usr/lib/gcc/arm-none-eabi/8.3.1/../../../arm-none-eabi/lib/thumb/v6-m/nofp/libc.a(lib_a-isprint.o)
                0x0000000010019a14                isgraph
                0x0000000010019a24                isprint
 .text          0x0000000010019a34       0x10 /usr/lib/gcc/arm-none-eabi/8.3.1/../../../arm-none-eabi/lib/thumb/v6-m/nofp/libc.a(lib_a-isspace.o)
                0x0000000010019a34                isspace
 .text          0x0000000010019a44       0x14 /usr/lib/gcc/arm-none-eabi/8.3.1/../../../arm-none-eabi/lib/thumb/v6-m/nofp/libc.a(lib_a-lcltime.o)
                0x0000000010019a44                localtime
 .text          0x0000000010019a58      0x248 /usr/lib/gcc/arm-none-eabi/8.3.1/../../../arm-none-eabi/lib/thumb/v6-m/nofp/libc.a(lib_a-lcltime_r.o)
                0x0000000010019a58                localtime_r
 .text          0x0000000010019ca0       0x28 /usr/lib/gcc/arm-none-eabi/8.3.1/../../../arm-none-eabi/lib/thumb/v6-m/nofp/libc.a(lib_a-malloc.o)
                0x0000000010019ca0                malloc
                0x0000000010019cb4                free
 .text          0x0000000010019cc8      0x58c /usr/lib/gcc/arm-none-eabi/8.3.1/../../../arm-none-eabi/lib/thumb/v6-m/nofp/libc.a(lib_a-mallocr.o)
                0x0000000010019cc8                _malloc_r
 .text          0x000000001001a254      0x5d4 /usr/lib/gcc/arm-none-eabi/8.3.1/../../../arm-none-eabi/lib/thumb/v6-m/nofp/libc.a(lib_a-mktime.o)
                0x000000001001a430                mktime
 .text          0x000000001001a828        0x8 /usr/lib/gcc/arm-none-eabi/8.3.1/../../../arm-none-eabi/lib/thumb/v6-m/nofp/libc.a(lib_a-mlock.o)
                0x000000001001a828                __malloc_lock
                0x000000001001a82c                __malloc_unlock
 .text          0x000000001001a830      0x35c /usr/lib/gcc/arm-none-eabi/8.3.1/../../../arm-none-eabi/lib/thumb/v6-m/nofp/libc.a(lib_a-reallocr.o)
                0x000000001001a830                _realloc_r
 .text          0x000000001001ab8c       0x24 /usr/lib/gcc/arm-none-eabi/8.3.1/../../../arm-none-eabi/lib/thumb/v6-m/nofp/libc.a(lib_a-sbrkr.o)
                0x000000001001ab8c                _sbrk_r
 .text          0x000000001001abb0       0xa4 /usr/lib/gcc/arm-none-eabi/8.3.1/../../../arm-none-eabi/lib/thumb/v6-m/nofp/libc.a(lib_a-stdio.o)
                0x000000001001abb0                __sread
                0x000000001001abd8                __seofread
                0x000000001001abdc                __swrite
                0x000000001001ac1c                __sseek
                0x000000001001ac48                __sclose
 .text          0x000000001001ac54       0x40 /usr/lib/gcc/arm-none-eabi/8.3.1/../../../arm-none-eabi/lib/thumb/v6-m/nofp/libc.a(lib_a-strcasecmp.o)
                0x000000001001ac54                strcasecmp
 .text          0x000000001001ac94       0xd4 /usr/lib/gcc/arm-none-eabi/8.3.1/../../../arm-none-eabi/lib/thumb/v6-m/nofp/libc.a(lib_a-strchr.o)
                0x000000001001ac94                strchr
 .text          0x000000001001ad68       0x88 /usr/lib/gcc/arm-none-eabi/8.3.1/../../../arm-none-eabi/lib/thumb/v6-m/nofp/libc.a(lib_a-strcmp.o)
                0x000000001001ad68                strcmp
 .text          0x000000001001adf0       0x10 /usr/lib/gcc/arm-none-eabi/8.3.1/../../../arm-none-eabi/lib/thumb/v6-m/nofp/libc.a(lib_a-strcpy.o)
                0x000000001001adf0                strcpy
 .text          0x000000001001ae00      0x2e8 /usr/lib/gcc/arm-none-eabi/8.3.1/../../../arm-none-eabi/lib/thumb/v6-m/nofp/libc.a(lib_a-strerror.o)
                0x000000001001ae00                _strerror_r
                0x000000001001b0b8                strerror
                0x000000001001b0d0                strerror_l
 .text          0x000000001001b0e8      0xc74 /usr/lib/gcc/arm-none-eabi/8.3.1/../../../arm-none-eabi/lib/thumb/v6-m/nofp/libc.a(lib_a-strftime.o)
                0x000000001001bd38                strftime
                0x000000001001bd4c                strftime_l
 .text          0x000000001001bd5c       0x4c /usr/lib/gcc/arm-none-eabi/8.3.1/../../../arm-none-eabi/lib/thumb/v6-m/nofp/libc.a(lib_a-strlcpy.o)
                0x000000001001bd5c                strlcpy
 .text          0x000000001001bda8       0x68 /usr/lib/gcc/arm-none-eabi/8.3.1/../../../arm-none-eabi/lib/thumb/v6-m/nofp/libc.a(lib_a-strlen-stub.o)
                0x000000001001bda8                strlen