Archive member included to satisfy reference by file (symbol)

/usr/lib/gcc/arm-none-eabi/8.3.1/thumb/v6-m/nofp/libgcc.a(_dvmd_tls.o)
                              CMakeFiles/simple_example.dir/home/steve/pico/pico-sdk/src/rp2_common/pico_divider/divider.S.obj (__aeabi_idiv0)
/usr/lib/gcc/arm-none-eabi/8.3.1/../../../arm-none-eabi/lib/thumb/v6-m/nofp/libc.a(lib_a-atexit.o)
                              /usr/lib/gcc/arm-none-eabi/8.3.1/../../../arm-none-eabi/lib/thumb/v6-m/nofp/crt0.o (atexit)
/usr/lib/gcc/arm-none-eabi/8.3.1/../../../arm-none-eabi/lib/thumb/v6-m/nofp/libc.a(lib_a-calloc.o)
                              CMakeFiles/simple_example.dir/home/steve/pico/pico-sdk/src/rp2_common/pico_malloc/pico_malloc.c.obj (calloc)
/usr/lib/gcc/arm-none-eabi/8.3.1/../../../arm-none-eabi/lib/thumb/v6-m/nofp/libc.a(lib_a-callocr.o)
                              /usr/lib/gcc/arm-none-eabi/8.3.1/../../../arm-none-eabi/lib/thumb/v6-m/nofp/libc.a(lib_a-calloc.o) (_calloc_r)
/usr/lib/gcc/arm-none-eabi/8.3.1/../../../arm-none-eabi/lib/thumb/v6-m/nofp/libc.a(lib_a-errno.o)
                              CMakeFiles/simple_example.dir/home/steve/apricot-hd/c/no-OS-FatFS/FatFs_SPI/src/ff_stdio.c.obj (__errno)
/usr/lib/gcc/arm-none-eabi/8.3.1/../../../arm-none-eabi/lib/thumb/v6-m/nofp/libc.a(lib_a-fflush.o)
                              CMakeFiles/simple_example.dir/home/steve/apricot-hd/c/no-OS-FatFS/FatFs_SPI/sd_driver/demo_logging.c.obj (fflush)
/usr/lib/gcc/arm-none-eabi/8.3.1/../../../arm-none-eabi/lib/thumb/v6-m/nofp/libc.a(lib_a-findfp.o)
                              /usr/lib/gcc/arm-none-eabi/8.3.1/../../../arm-none-eabi/lib/thumb/v6-m/nofp/libc.a(lib_a-fflush.o) (__sinit)
/usr/lib/gcc/arm-none-eabi/8.3.1/../../../arm-none-eabi/lib/thumb/v6-m/nofp/libc.a(lib_a-fini.o)
                              /usr/lib/gcc/arm-none-eabi/8.3.1/../../../arm-none-eabi/lib/thumb/v6-m/nofp/crt0.o (__libc_fini_array)
/usr/lib/gcc/arm-none-eabi/8.3.1/../../../arm-none-eabi/lib/thumb/v6-m/nofp/libc.a(lib_a-freer.o)
                              /usr/lib/gcc/arm-none-eabi/8.3.1/../../../arm-none-eabi/lib/thumb/v6-m/nofp/libc.a(lib_a-fflush.o) (_free_r)
/usr/lib/gcc/arm-none-eabi/8.3.1/../../../arm-none-eabi/lib/thumb/v6-m/nofp/libc.a(lib_a-fwalk.o)
                              /usr/lib/gcc/arm-none-eabi/8.3.1/../../../arm-none-eabi/lib/thumb/v6-m/nofp/libc.a(lib_a-findfp.o) (_fwalk)
/usr/lib/gcc/arm-none-eabi/8.3.1/../../../arm-none-eabi/lib/thumb/v6-m/nofp/libc.a(lib_a-impure.o)
                              /usr/lib/gcc/arm-none-eabi/8.3.1/../../../arm-none-eabi/lib/thumb/v6-m/nofp/libc.a(lib_a-fflush.o) (_global_impure_ptr)
/usr/lib/gcc/arm-none-eabi/8.3.1/../../../arm-none-eabi/lib/thumb/v6-m/nofp/libc.a(lib_a-init.o)
                              /usr/lib/gcc/arm-none-eabi/8.3.1/../../../arm-none-eabi/lib/thumb/v6-m/nofp/crt0.o (__libc_init_array)
/usr/lib/gcc/arm-none-eabi/8.3.1/../../../arm-none-eabi/lib/thumb/v6-m/nofp/libc.a(lib_a-malloc.o)
                              CMakeFiles/simple_example.dir/home/steve/pico/pico-sdk/src/rp2_common/pico_malloc/pico_malloc.c.obj (malloc)
/usr/lib/gcc/arm-none-eabi/8.3.1/../../../arm-none-eabi/lib/thumb/v6-m/nofp/libc.a(lib_a-mallocr.o)
                              /usr/lib/gcc/arm-none-eabi/8.3.1/../../../arm-none-eabi/lib/thumb/v6-m/nofp/libc.a(lib_a-callocr.o) (_malloc_r)
/usr/lib/gcc/arm-none-eabi/8.3.1/../../../arm-none-eabi/lib/thumb/v6-m/nofp/libc.a(lib_a-memcmp.o)
                              CMakeFiles/simple_example.dir/home/steve/apricot-hd/c/no-OS-FatFS/FatFs_SPI/ff15/source/ff.c.obj (memcmp)
/usr/lib/gcc/arm-none-eabi/8.3.1/../../../arm-none-eabi/lib/thumb/v6-m/nofp/libc.a(lib_a-mktime.o)
                              CMakeFiles/simple_example.dir/home/steve/apricot-hd/c/no-OS-FatFS/FatFs_SPI/src/rtc.c.obj (mktime)
/usr/lib/gcc/arm-none-eabi/8.3.1/../../../arm-none-eabi/lib/thumb/v6-m/nofp/libc.a(lib_a-mlock.o)
                              /usr/lib/gcc/arm-none-eabi/8.3.1/../../../arm-none-eabi/lib/thumb/v6-m/nofp/libc.a(lib_a-freer.o) (__malloc_lock)
/usr/lib/gcc/arm-none-eabi/8.3.1/../../../arm-none-eabi/lib/thumb/v6-m/nofp/libc.a(lib_a-realloc.o)
                              CMakeFiles/simple_example.dir/home/steve/pico/pico-sdk/src/rp2_common/pico_malloc/pico_malloc.c.obj (realloc)
/usr/lib/gcc/arm-none-eabi/8.3.1/../../../arm-none-eabi/lib/thumb/v6-m/nofp/libc.a(lib_a-reallocr.o)
                              /usr/lib/gcc/arm-none-eabi/8.3.1/../../../arm-none-eabi/lib/thumb/v6-m/nofp/libc.a(lib_a-realloc.o) (_realloc_r)
/usr/lib/gcc/arm-none-eabi/8.3.1/../../../arm-none-eabi/lib/thumb/v6-m/nofp/libc.a(lib_a-sbrkr.o)
                              /usr/lib/gcc/arm-none-eabi/8.3.1/../../../arm-none-eabi/lib/thumb/v6-m/nofp/libc.a(lib_a-freer.o) (_sbrk_r)
/usr/lib/gcc/arm-none-eabi/8.3.1/../../../arm-none-eabi/lib/thumb/v6-m/nofp/libc.a(lib_a-stdio.o)
[...]
Memory Configuration

Name             Origin             Length             Attributes
FLASH            0x0000000010000000 0x0000000000200000 xr
RAM              0x0000000020000000 0x0000000000040000 xrw
SCRATCH_X        0x0000000020040000 0x0000000000001000 xrw
SCRATCH_Y        0x0000000020041000 0x0000000000001000 xrw
*default*        0x0000000000000000 0xffffffffffffffff

Linker script and memory map

LOAD /usr/lib/gcc/arm-none-eabi/8.3.1/thumb/v6-m/nofp/crti.o
LOAD /usr/lib/gcc/arm-none-eabi/8.3.1/thumb/v6-m/nofp/crtbegin.o
LOAD /usr/lib/gcc/arm-none-eabi/8.3.1/../../../arm-none-eabi/lib/thumb/v6-m/nofp/crt0.o

.flash_begin    0x0000000010000000        0x0
                0x0000000010000000                __flash_binary_start = .

.boot2          0x0000000010000000      0x100
                0x0000000010000000                __boot2_start__ = .
 *(.boot2)
 .boot2         0x0000000010000000      0x100 /tmp/ccQdG3po.o
                0x0000000010000100                __boot2_end__ = .
                0x0000000000000001                ASSERT (((__boot2_end__ - __boot2_start__) == 0x100), ERROR: Pico second stage bootloader must be 256 bytes in size)

.text           0x0000000010000100    0x10448
                0x0000000010000100                __logical_binary_start = .
 *(.vectors)
 .vectors       0x0000000010000100       0xd4 CMakeFiles/simple_example.dir/home/steve/pico/pico-sdk/src/rp2_common/pico_standard_link/crt0.S.obj
                0x0000000010000100                __vectors
                0x0000000010000100                __VECTOR_TABLE
                0x00000000100001c0                isr_invalid
                0x00000000100001c0                __default_isrs_start
                0x00000000100001c2                isr_nmi
                0x00000000100001c4                isr_hardfault
                0x00000000100001c6                isr_svcall
                0x00000000100001c8                isr_pendsv
                0x00000000100001ca                isr_systick
                0x00000000100001cc                isr_irq30
                0x00000000100001cc                __unhandled_user_irq
                0x00000000100001cc                isr_irq13
                0x00000000100001cc                isr_irq27
                0x00000000100001cc                isr_irq31
                0x00000000100001cc                isr_irq5
                0x00000000100001cc                isr_irq11
                0x00000000100001cc                isr_irq23
                0x00000000100001cc                isr_irq18
                0x00000000100001cc                isr_irq28
                0x00000000100001cc                isr_irq19
                0x00000000100001cc                isr_irq0
                0x00000000100001cc                isr_irq6
                0x00000000100001cc                isr_irq22
                0x00000000100001cc                isr_irq17
                0x00000000100001cc                isr_irq14
                0x00000000100001cc                isr_irq2
                0x00000000100001cc                isr_irq10
                0x00000000100001cc                isr_irq8
                0x00000000100001cc                isr_irq24
                0x00000000100001cc                isr_irq1
                0x00000000100001cc                isr_irq7
                0x00000000100001cc                isr_irq21
                0x00000000100001cc                isr_irq20
                0x00000000100001cc                isr_irq15
                0x00000000100001cc                isr_irq25
                0x00000000100001cc                isr_irq4
                0x00000000100001cc                isr_irq16
                0x00000000100001cc                isr_irq29
                0x00000000100001cc                isr_irq26
                0x00000000100001cc                __default_isrs_end
                0x00000000100001cc                isr_irq3
                0x00000000100001cc                isr_irq12
                0x00000000100001cc                isr_irq9
                0x00000000100001d2                unhandled_user_irq_num_in_r0
 *(.binary_info_header)
 .binary_info_header
                0x00000000100001d4       0x14 CMakeFiles/simple_example.dir/home/steve/pico/pico-sdk/src/rp2_common/pico_standard_link/crt0.S.obj
                0x00000000100001e8                __binary_info_header_end = .
 *(.reset)
 .reset         0x00000000100001e8       0xa8 CMakeFiles/simple_example.dir/home/steve/pico/pico-sdk/src/rp2_common/pico_standard_link/crt0.S.obj
                0x00000000100001e8                _entry_point
                0x0000000010000266                __get_current_exception
 .reset         0x0000000010000290       0x30 CMakeFiles/simple_example.dir/home/steve/pico/pico-sdk/src/rp2_common/pico_standard_link/binary_info.c.obj
 *(.init)
 .init          0x00000000100002c0        0x4 /usr/lib/gcc/arm-none-eabi/8.3.1/thumb/v6-m/nofp/crti.o
                0x00000000100002c0                _init
 *(EXCLUDE_FILE(*libm.a: *libc.a:*lib_a-mem*.o *libgcc.a:) .text*)
 .text          0x00000000100002c4       0x98 /usr/lib/gcc/arm-none-eabi/8.3.1/thumb/v6-m/nofp/crtbegin.o
 .text.startup.main
                0x000000001000035c       0xc0 CMakeFiles/simple_example.dir/simple_example.cpp.obj
                0x000000001000035c                main
 .text.spi0_dma_isr
                0x000000001000041c       0x10 CMakeFiles/simple_example.dir/hw_config.c.obj
                0x000000001000041c                spi0_dma_isr
 .text.sd_get_num
                0x000000001000042c        0x4 CMakeFiles/simple_example.dir/hw_config.c.obj
                0x000000001000042c                sd_get_num
 .text.sd_get_by_num
                0x0000000010000430       0x1c CMakeFiles/simple_example.dir/hw_config.c.obj
                0x0000000010000430                sd_get_by_num
 .text.spi_get_num
                0x000000001000044c        0x4 CMakeFiles/simple_example.dir/hw_config.c.obj
                0x000000001000044c                spi_get_num
 .text.spi_get_by_num
                0x0000000010000450       0x14 CMakeFiles/simple_example.dir/hw_config.c.obj
                0x0000000010000450                spi_get_by_num
 .text.gpio_set_function
                0x0000000010000464       0x30 CMakeFiles/simple_example.dir/home/steve/pico/pico-sdk/src/rp2_common/hardware_gpio/gpio.c.obj
                0x0000000010000464                gpio_set_function
 .text.gpio_set_pulls
                0x0000000010000494       0x30 CMakeFiles/simple_example.dir/home/steve/pico/pico-sdk/src/rp2_common/hardware_gpio/gpio.c.obj
                0x0000000010000494                gpio_set_pulls
 .text.gpio_set_drive_strength
                0x00000000100004c4       0x20 CMakeFiles/simple_example.dir/home/steve/pico/pico-sdk/src/rp2_common/hardware_gpio/gpio.c.obj
                0x00000000100004c4                gpio_set_drive_strength
 .text.gpio_init
                0x00000000100004e4       0x3c CMakeFiles/simple_example.dir/home/steve/pico/pico-sdk/src/rp2_common/hardware_gpio/gpio.c.obj
                0x00000000100004e4                gpio_init
 .text.hw_claim_or_assert
                0x0000000010000520       0x44 CMakeFiles/simple_example.dir/home/steve/pico/pico-sdk/src/rp2_common/hardware_claim/claim.c.obj
                0x0000000010000520                hw_claim_or_assert
 .text.hw_claim_unused_from_range
                0x0000000010000564       0x9c CMakeFiles/simple_example.dir/home/steve/pico/pico-sdk/src/rp2_common/hardware_claim/claim.c.obj
                0x0000000010000564                hw_claim_unused_from_range
 .text.running_on_fpga
                0x0000000010000600       0x10 CMakeFiles/simple_example.dir/home/steve/pico/pico-sdk/src/rp2_common/pico_platform/platform.c.obj
                0x0000000010000600                running_on_fpga
 .text.spin_locks_reset
                0x0000000010000610       0x1c CMakeFiles/simple_example.dir/home/steve/pico/pico-sdk/src/rp2_common/hardware_sync/sync.c.obj
                0x0000000010000610                spin_locks_reset
 .text.next_striped_spin_lock_num
                0x000000001000062c       0x18 CMakeFiles/simple_example.dir/home/steve/pico/pico-sdk/src/rp2_common/hardware_sync/sync.c.obj
                0x000000001000062c                next_striped_spin_lock_num
 .text.spin_lock_claim_unused
                0x0000000010000644       0x20 CMakeFiles/simple_example.dir/home/steve/pico/pico-sdk/src/rp2_common/hardware_sync/sync.c.obj
                0x0000000010000644                spin_lock_claim_unused
 .text.irq_set_enabled
                0x0000000010000664       0x24 CMakeFiles/simple_example.dir/home/steve/pico/pico-sdk/src/rp2_common/hardware_irq/irq.c.obj
                0x0000000010000664                irq_set_enabled
 .text.irq_set_pending
                0x0000000010000688       0x10 CMakeFiles/simple_example.dir/home/steve/pico/pico-sdk/src/rp2_common/hardware_irq/irq.c.obj
                0x0000000010000688                irq_set_pending
 .text.irq_has_shared_handler
                0x0000000010000698       0x2c CMakeFiles/simple_example.dir/home/steve/pico/pico-sdk/src/rp2_common/hardware_irq/irq.c.obj
                0x0000000010000698                irq_has_shared_handler
 .text.irq_get_vtable_handler
                0x00000000100006c4       0x10 CMakeFiles/simple_example.dir/home/steve/pico/pico-sdk/src/rp2_common/hardware_irq/irq.c.obj
                0x00000000100006c4                irq_get_vtable_handler
 .text.irq_set_exclusive_handler
                0x00000000100006d4       0x54 CMakeFiles/simple_example.dir/home/steve/pico/pico-sdk/src/rp2_common/hardware_irq/irq.c.obj
                0x00000000100006d4                irq_set_exclusive_handler
 .text.irq_add_shared_handler
                0x0000000010000728      0x1c8 CMakeFiles/simple_example.dir/home/steve/pico/pico-sdk/src/rp2_common/hardware_irq/irq.c.obj
                0x0000000010000728                irq_add_shared_handler
 .text.irq_remove_handler
                0x00000000100008f0      0x1b4 CMakeFiles/simple_example.dir/home/steve/pico/pico-sdk/src/rp2_common/hardware_irq/irq.c.obj
                0x00000000100008f0                irq_remove_handler
 .text.irq_add_tail_to_free_list
                0x0000000010000aa4       0xb4 CMakeFiles/simple_example.dir/home/steve/pico/pico-sdk/src/rp2_common/hardware_irq/irq.c.obj
                0x0000000010000aa4                irq_add_tail_to_free_list
 .text.irq_init_priorities
                0x0000000010000b58       0x24 CMakeFiles/simple_example.dir/home/steve/pico/pico-sdk/src/rp2_common/hardware_irq/irq.c.obj
                0x0000000010000b58                irq_init_priorities
 .text.user_irq_claim_unused
                0x0000000010000b7c       0x30 CMakeFiles/simple_example.dir/home/steve/pico/pico-sdk/src/rp2_common/hardware_irq/irq.c.obj
                0x0000000010000b7c                user_irq_claim_unused
 .text.sem_init
                0x0000000010000bac       0x20 CMakeFiles/simple_example.dir/home/steve/pico/pico-sdk/src/common/pico_sync/sem.c.obj
                0x0000000010000bac                sem_init
 .text.lock_init
                0x0000000010000bcc       0x10 CMakeFiles/simple_example.dir/home/steve/pico/pico-sdk/src/common/pico_sync/lock_core.c.obj
                0x0000000010000bcc                lock_init
 .text.timer_pool_entry_comparator
                0x0000000010000bdc       0x34 CMakeFiles/simple_example.dir/home/steve/pico/pico-sdk/src/common/pico_time/time.c.obj
                0x0000000010000bdc                timer_pool_entry_comparator
 .text.sleep_until_callback
                0x0000000010000c10       0x30 CMakeFiles/simple_example.dir/home/steve/pico/pico-sdk/src/common/pico_time/time.c.obj
 .text.add_alarm_under_lock
                0x0000000010000c40      0x114 CMakeFiles/simple_example.dir/home/steve/pico/pico-sdk/src/common/pico_time/time.c.obj
 .text.alarm_pool_alarm_callback
                0x0000000010000d54      0x1d0 CMakeFiles/simple_example.dir/home/steve/pico/pico-sdk/src/common/pico_time/time.c.obj
 .text.alarm_pool_init_default
                0x0000000010000f24       0x64 CMakeFiles/simple_example.dir/home/steve/pico/pico-sdk/src/common/pico_time/time.c.obj
                0x0000000010000f24                alarm_pool_init_default
 .text.alarm_pool_get_default
                0x0000000010000f88        0x8 CMakeFiles/simple_example.dir/home/steve/pico/pico-sdk/src/common/pico_time/time.c.obj
                0x0000000010000f88                alarm_pool_get_default
 .text.alarm_pool_add_alarm_at
                0x0000000010000f90      0x19c CMakeFiles/simple_example.dir/home/steve/pico/pico-sdk/src/common/pico_time/time.c.obj
                0x0000000010000f90                alarm_pool_add_alarm_at
 .text.alarm_pool_cancel_alarm
                0x000000001000112c       0x70 CMakeFiles/simple_example.dir/home/steve/pico/pico-sdk/src/common/pico_time/time.c.obj
                0x000000001000112c                alarm_pool_cancel_alarm
 .text.best_effort_wfe_or_timeout
                0x000000001000119c       0x58 CMakeFiles/simple_example.dir/home/steve/pico/pico-sdk/src/common/pico_time/time.c.obj
                0x000000001000119c                best_effort_wfe_or_timeout
 .text.hardware_alarm_irq_handler
                0x00000000100011f4       0xb0 CMakeFiles/simple_example.dir/home/steve/pico/pico-sdk/src/rp2_common/hardware_timer/timer.c.obj
 .text.hardware_alarm_claim
                0x00000000100012a4       0x18 CMakeFiles/simple_example.dir/home/steve/pico/pico-sdk/src/rp2_common/hardware_timer/timer.c.obj
                0x00000000100012a4                hardware_alarm_claim
 .text.time_us_64
                0x00000000100012bc       0x18 CMakeFiles/simple_example.dir/home/steve/pico/pico-sdk/src/rp2_common/hardware_timer/timer.c.obj
                0x00000000100012bc                time_us_64
 .text.busy_wait_us
                0x00000000100012d4       0x60 CMakeFiles/simple_example.dir/home/steve/pico/pico-sdk/src/rp2_common/hardware_timer/timer.c.obj
                0x00000000100012d4                busy_wait_us
 .text.hardware_alarm_set_callback
                0x0000000010001334       0x8c CMakeFiles/simple_example.dir/home/steve/pico/pico-sdk/src/rp2_common/hardware_timer/timer.c.obj
                0x0000000010001334                hardware_alarm_set_callback
 .text.hardware_alarm_set_target
                0x00000000100013c0       0xe8 CMakeFiles/simple_example.dir/home/steve/pico/pico-sdk/src/rp2_common/hardware_timer/timer.c.obj
                0x00000000100013c0                hardware_alarm_set_target
 .text.hardware_alarm_cancel
                0x00000000100014a8       0x40 CMakeFiles/simple_example.dir/home/steve/pico/pico-sdk/src/rp2_common/hardware_timer/timer.c.obj
                0x00000000100014a8                hardware_alarm_cancel
 .text.ph_merge_nodes
                0x00000000100014e8       0x5c CMakeFiles/simple_example.dir/home/steve/pico/pico-sdk/src/common/pico_util/pheap.c.obj
 .text.ph_post_alloc_init
                0x0000000010001544      0x1b8 CMakeFiles/simple_example.dir/home/steve/pico/pico-sdk/src/common/pico_util/pheap.c.obj
                0x0000000010001544                ph_post_alloc_init
 .text.ph_merge_two_pass
                0x00000000100016fc       0x4c CMakeFiles/simple_example.dir/home/steve/pico/pico-sdk/src/common/pico_util/pheap.c.obj
                0x00000000100016fc                ph_merge_two_pass
 .text.ph_remove_any_head
                0x0000000010001748      0x1b8 CMakeFiles/simple_example.dir/home/steve/pico/pico-sdk/src/common/pico_util/pheap.c.obj
 .text.ph_remove_head
                0x0000000010001900      0x1bc CMakeFiles/simple_example.dir/home/steve/pico/pico-sdk/src/common/pico_util/pheap.c.obj
                0x0000000010001900                ph_remove_head
 .text.ph_remove_and_free_node
                0x0000000010001abc       0x7c CMakeFiles/simple_example.dir/home/steve/pico/pico-sdk/src/common/pico_util/pheap.c.obj
                0x0000000010001abc                ph_remove_and_free_node
 .text.mutex_init
                0x0000000010001b38       0x1c CMakeFiles/simple_example.dir/home/steve/pico/pico-sdk/src/common/pico_sync/mutex.c.obj
                0x0000000010001b38                mutex_init
 .text.recursive_mutex_init
                0x0000000010001b54       0x1c CMakeFiles/simple_example.dir/home/steve/pico/pico-sdk/src/common/pico_sync/mutex.c.obj
                0x0000000010001b54                recursive_mutex_init
 .text.critical_section_init
                0x0000000010001b70       0x20 CMakeFiles/simple_example.dir/home/steve/pico/pico-sdk/src/common/pico_sync/critical_section.c.obj
                0x0000000010001b70                critical_section_init
 .text.uart_init
                0x0000000010001b90       0xe4 CMakeFiles/simple_example.dir/home/steve/pico/pico-sdk/src/rp2_common/hardware_uart/uart.c.obj
                0x0000000010001b90                uart_init
 .text.runtime_init
                0x0000000010001c74       0xf4 CMakeFiles/simple_example.dir/home/steve/pico/pico-sdk/src/rp2_common/pico_runtime/runtime.c.obj
                0x0000000010001c74                runtime_init
 .text._sbrk    0x0000000010001d68       0x34 CMakeFiles/simple_example.dir/home/steve/pico/pico-sdk/src/rp2_common/pico_runtime/runtime.c.obj
                0x0000000010001d68                _sbrk
 .text.exit     0x0000000010001d9c        0x4 CMakeFiles/simple_example.dir/home/steve/pico/pico-sdk/src/rp2_common/pico_runtime/runtime.c.obj
                0x0000000010001d9c                exit
 .text.panic    0x0000000010001da0       0x30 CMakeFiles/simple_example.dir/home/steve/pico/pico-sdk/src/rp2_common/pico_runtime/runtime.c.obj
                0x0000000010001da0                panic
 .text.hard_assertion_failure
                0x0000000010001dd0        0xc CMakeFiles/simple_example.dir/home/steve/pico/pico-sdk/src/rp2_common/pico_runtime/runtime.c.obj
                0x0000000010001dd0                hard_assertion_failure
 .text.clocks_init
                0x0000000010001ddc      0x2c0 CMakeFiles/simple_example.dir/home/steve/pico/pico-sdk/src/rp2_common/hardware_clocks/clocks.c.obj
                0x0000000010001ddc                clocks_init
 .text.clock_get_hz
                0x000000001000209c        0xc CMakeFiles/simple_example.dir/home/steve/pico/pico-sdk/src/rp2_common/hardware_clocks/clocks.c.obj
                0x000000001000209c                clock_get_hz
 .text.pll_init
                0x00000000100020a8       0xa8 CMakeFiles/simple_example.dir/home/steve/pico/pico-sdk/src/rp2_common/hardware_pll/pll.c.obj
                0x00000000100020a8                pll_init
 .text.watchdog_start_tick
                0x0000000010002150       0x10 CMakeFiles/simple_example.dir/home/steve/pico/pico-sdk/src/rp2_common/hardware_watchdog/watchdog.c.obj
                0x0000000010002150                watchdog_start_tick
 .text.watchdog_reboot
                0x0000000010002160       0x98 CMakeFiles/simple_example.dir/home/steve/pico/pico-sdk/src/rp2_common/hardware_watchdog/watchdog.c.obj
                0x0000000010002160                watchdog_reboot
 .text.xosc_init
                0x00000000100021f8       0x28 CMakeFiles/simple_example.dir/home/steve/pico/pico-sdk/src/rp2_common/hardware_xosc/xosc.c.obj
                0x00000000100021f8                xosc_init
 .text._out_buffer
                0x0000000010002220        0x8 CMakeFiles/simple_example.dir/home/steve/pico/pico-sdk/src/rp2_common/pico_printf/printf.c.obj
 .text._out_null
                0x0000000010002228        0x4 CMakeFiles/simple_example.dir/home/steve/pico/pico-sdk/src/rp2_common/pico_printf/printf.c.obj
 .text._out_rev
                0x000000001000222c       0x9c CMakeFiles/simple_example.dir/home/steve/pico/pico-sdk/src/rp2_common/pico_printf/printf.c.obj
 .text._ntoa_format
                0x00000000100022c8      0x1c8 CMakeFiles/simple_example.dir/home/steve/pico/pico-sdk/src/rp2_common/pico_printf/printf.c.obj
 .text._out_char
                0x0000000010002490       0x10 CMakeFiles/simple_example.dir/home/steve/pico/pico-sdk/src/rp2_common/pico_printf/printf.c.obj
 .text._out_fct
                0x00000000100024a0       0x10 CMakeFiles/simple_example.dir/home/steve/pico/pico-sdk/src/rp2_common/pico_printf/printf.c.obj
 .text._etoa    0x00000000100024b0      0x45c CMakeFiles/simple_example.dir/home/steve/pico/pico-sdk/src/rp2_common/pico_printf/printf.c.obj
 .text._ftoa    0x000000001000290c      0x4c0 CMakeFiles/simple_example.dir/home/steve/pico/pico-sdk/src/rp2_common/pico_printf/printf.c.obj
 .text._vsnprintf
                0x0000000010002dcc      0xad0 CMakeFiles/simple_example.dir/home/steve/pico/pico-sdk/src/rp2_common/pico_printf/printf.c.obj
 .text.__wrap_vsnprintf
                0x000000001000389c       0x1c CMakeFiles/simple_example.dir/home/steve/pico/pico-sdk/src/rp2_common/pico_printf/printf.c.obj
                0x000000001000389c                __wrap_vsnprintf
 .text.vfctprintf
                0x00000000100038b8       0x20 CMakeFiles/simple_example.dir/home/steve/pico/pico-sdk/src/rp2_common/pico_printf/printf.c.obj
                0x00000000100038b8                vfctprintf
 .text.weak_raw_vprintf
                0x00000000100038d8       0x30 CMakeFiles/simple_example.dir/home/steve/pico/pico-sdk/src/rp2_common/pico_printf/printf.c.obj
                0x00000000100038d8                weak_raw_vprintf
 .text          0x0000000010003908       0x10 CMakeFiles/simple_example.dir/home/steve/pico/pico-sdk/src/rp2_common/pico_bit_ops/bit_ops_aeabi.S.obj
 .text.rom_func_lookup
                0x0000000010003918       0x10 CMakeFiles/simple_example.dir/home/steve/pico/pico-sdk/src/rp2_common/pico_bootrom/bootrom.c.obj
                0x0000000010003918                rom_func_lookup
 .text.rom_data_lookup
                0x0000000010003928       0x10 CMakeFiles/simple_example.dir/home/steve/pico/pico-sdk/src/rp2_common/pico_bootrom/bootrom.c.obj
                0x0000000010003928                rom_data_lookup
 .text.rom_funcs_lookup
                0x0000000010003938       0x3c CMakeFiles/simple_example.dir/home/steve/pico/pico-sdk/src/rp2_common/pico_bootrom/bootrom.c.obj
                0x0000000010003938                rom_funcs_lookup
 .text.__wrap___aeabi_idiv
                0x0000000010003974       0x50 CMakeFiles/simple_example.dir/home/steve/pico/pico-sdk/src/rp2_common/pico_divider/divider.S.obj
                0x0000000010003974                __wrap___aeabi_idivmod
                0x0000000010003974                divmod_s32s32
                0x0000000010003974                div_s32s32
                0x0000000010003974                __wrap___aeabi_idiv
                0x000000001000397c                divmod_s32s32_unsafe
                0x00000000100039a8                divmod_s32s32_savestate
 .text.__wrap___aeabi_uidiv
                0x00000000100039c4       0x4c CMakeFiles/simple_example.dir/home/steve/pico/pico-sdk/src/rp2_common/pico_divider/divider.S.obj
                0x00000000100039c4                __wrap___aeabi_uidiv
                0x00000000100039c4                __wrap___aeabi_uidivmod
                0x00000000100039c4                div_u32u32
                0x00000000100039c4                divmod_u32u32
                0x00000000100039cc                divmod_u32u32_unsafe
                0x00000000100039f4                divmod_u32u32_savestate
 .text.__wrap___aeabi_ldiv
                0x0000000010003a10      0x434 CMakeFiles/simple_example.dir/home/steve/pico/pico-sdk/src/rp2_common/pico_divider/divider.S.obj
                0x0000000010003a10                div_s64s64
                0x0000000010003a10                divmod_s64s64
                0x0000000010003a10                __wrap___aeabi_ldivmod
                0x0000000010003a48                div_u64u64
                0x0000000010003a48                divmod_u64u64
                0x0000000010003a48                __wrap___aeabi_uldivmod
                0x0000000010003a58                divmod_u64u64_savestate
                0x0000000010003a80                divmod_s64s64_unsafe
                0x0000000010003b08                divmod_u64u64_unsafe
 .text.__wrap___aeabi_darithmetic
                0x0000000010003e44       0x80 CMakeFiles/simple_example.dir/home/steve/pico/pico-sdk/src/rp2_common/pico_double/double_aeabi.S.obj
                0x0000000010003e44                __wrap___aeabi_drsub
                0x0000000010003e4a                __wrap___aeabi_dsub
                0x0000000010003e5c                __wrap___aeabi_dadd
                0x0000000010003e6e                __wrap___aeabi_ddiv
                0x0000000010003eaa                __wrap___aeabi_dmul
 .text.__wrap___aeabi_cdcmple
                0x0000000010003ec4       0x6c CMakeFiles/simple_example.dir/home/steve/pico/pico-sdk/src/rp2_common/pico_double/double_aeabi.S.obj
                0x0000000010003ec4                __wrap___aeabi_cdrcmple
                0x0000000010003ed4                __wrap___aeabi_cdcmple
                0x0000000010003ed4                __wrap___aeabi_cdcmpeq
 .text.__wrap___aeabi_dcmpeq
                0x0000000010003f30       0x10 CMakeFiles/simple_example.dir/home/steve/pico/pico-sdk/src/rp2_common/pico_double/double_aeabi.S.obj
                0x0000000010003f30                __wrap___aeabi_dcmpeq
 .text.__wrap___aeabi_dcmplt
                0x0000000010003f40        0xc CMakeFiles/simple_example.dir/home/steve/pico/pico-sdk/src/rp2_common/pico_double/double_aeabi.S.obj
                0x0000000010003f40                __wrap___aeabi_dcmplt
 .text.__wrap___aeabi_dcmple
                0x0000000010003f4c       0x10 CMakeFiles/simple_example.dir/home/steve/pico/pico-sdk/src/rp2_common/pico_double/double_aeabi.S.obj
                0x0000000010003f4c                __wrap___aeabi_dcmple
 .text.__wrap___aeabi_dcmpge
                0x0000000010003f5c       0x10 CMakeFiles/simple_example.dir/home/steve/pico/pico-sdk/src/rp2_common/pico_double/double_aeabi.S.obj
                0x0000000010003f5c                __wrap___aeabi_dcmpge
 .text.__wrap___aeabi_dcmpgt
                0x0000000010003f6c        0xa CMakeFiles/simple_example.dir/home/steve/pico/pico-sdk/src/rp2_common/pico_double/double_aeabi.S.obj
                0x0000000010003f6c                __wrap___aeabi_dcmpgt
 .text.__wrap___aeabi_dcmpun
                0x0000000010003f76       0x1c CMakeFiles/simple_example.dir/home/steve/pico/pico-sdk/src/rp2_common/pico_double/double_aeabi.S.obj
                0x0000000010003f76                __wrap___aeabi_dcmpun
 *fill*         0x0000000010003f92        0x2 
 .text.__wrap___aeabi_i2d
                0x0000000010003f94       0x38 CMakeFiles/simple_example.dir/home/steve/pico/pico-sdk/src/rp2_common/pico_double/double_aeabi.S.obj
                0x0000000010003f94                __wrap___aeabi_ui2d
                0x0000000010003f9c                __wrap___aeabi_i2d
 .text.__wrap___aeabi_d2iz
                0x0000000010003fcc       0x48 CMakeFiles/simple_example.dir/home/steve/pico/pico-sdk/src/rp2_common/pico_double/double_aeabi.S.obj
                0x0000000010003fcc                __wrap___aeabi_d2iz
                0x0000000010003fcc                double2int_z
 .text.__wrap___aeabi_d2uiz
                0x0000000010004014       0x18 CMakeFiles/simple_example.dir/home/steve/pico/pico-sdk/src/rp2_common/pico_double/double_aeabi.S.obj
                0x0000000010004014                double2uint
                0x0000000010004014                __wrap___aeabi_d2uiz
 .text.__aeabi_double_init
                0x000000001000402c       0xbc CMakeFiles/simple_example.dir/home/steve/pico/pico-sdk/src/rp2_common/pico_double/double_init_rom.c.obj
                0x000000001000402c                __aeabi_double_init
 .text.double_table_shim_on_use_helper
                0x00000000100040e8       0x2c CMakeFiles/simple_example.dir/home/steve/pico/pico-sdk/src/rp2_common/pico_double/double_v1_rom_shim.S.obj
                0x00000000100040e8                double_table_shim_on_use_helper
 .text.__wrap___aeabi_dsub
                0x0000000010004114       0x10 CMakeFiles/simple_example.dir/home/steve/pico/pico-sdk/src/rp2_common/pico_double/double_v1_rom_shim.S.obj
                0x0000000010004114                drsub_shim
                0x000000001000411a                dsub_shim
 .text.dadd_shim
                0x0000000010004124      0x15c CMakeFiles/simple_example.dir/home/steve/pico/pico-sdk/src/rp2_common/pico_double/double_v1_rom_shim.S.obj
                0x0000000010004124                dadd_shim
 .text.dmul_shim
                0x0000000010004280      0x15c CMakeFiles/simple_example.dir/home/steve/pico/pico-sdk/src/rp2_common/pico_double/double_v1_rom_shim.S.obj
                0x0000000010004280                dmul_shim
 .text.ddiv_shim
                0x00000000100043dc      0x1b0 CMakeFiles/simple_example.dir/home/steve/pico/pico-sdk/src/rp2_common/pico_double/double_v1_rom_shim.S.obj
                0x00000000100043dc                ddiv_shim
 .text.double2uint_shim
                0x000000001000458c        0xe CMakeFiles/simple_example.dir/home/steve/pico/pico-sdk/src/rp2_common/pico_double/double_v1_rom_shim.S.obj
                0x000000001000458c                double2uint_shim
                0x000000001000458e                double2ufix_shim
 *fill*         0x000000001000459a        0x2 
 .text.double2uint64_shim
                0x000000001000459c       0x70 CMakeFiles/simple_example.dir/home/steve/pico/pico-sdk/src/rp2_common/pico_double/double_v1_rom_shim.S.obj
                0x000000001000459c                double2uint64_shim
                0x000000001000459e                double2ufix64_shim
                0x00000000100045be                d2fix_a
 .text.dunpacks
                0x000000001000460c       0x3c CMakeFiles/simple_example.dir/home/steve/pico/pico-sdk/src/rp2_common/pico_double/double_v1_rom_shim.S.obj
                0x000000001000460c                dunpacks
 .text.__aeabi_lmul
                0x0000000010004648       0x32 CMakeFiles/simple_example.dir/home/steve/pico/pico-sdk/src/rp2_common/pico_int64_ops/pico_int64_ops_aeabi.S.obj
                0x0000000010004648                __wrap___aeabi_lmul
 *fill*         0x000000001000467a        0x2 
 .text.__aeabi_float_init
                0x000000001000467c       0x68 CMakeFiles/simple_example.dir/home/steve/pico/pico-sdk/src/rp2_common/pico_float/float_init_rom.c.obj
                0x000000001000467c                __aeabi_float_init
 .text.float_table_shim_on_use_helper
                0x00000000100046e4       0x2c CMakeFiles/simple_example.dir/home/steve/pico/pico-sdk/src/rp2_common/pico_float/float_v1_rom_shim.S.obj
                0x00000000100046e4                float_table_shim_on_use_helper
 .text.__wrap_malloc
                0x0000000010004710       0x24 CMakeFiles/simple_example.dir/home/steve/pico/pico-sdk/src/rp2_common/pico_malloc/pico_malloc.c.obj
                0x0000000010004710                __wrap_malloc
 .text.__wrap_free
                0x0000000010004734        0x8 CMakeFiles/simple_example.dir/home/steve/pico/pico-sdk/src/rp2_common/pico_malloc/pico_malloc.c.obj
                0x0000000010004734                __wrap_free
 .text          0x000000001000473c       0x10 CMakeFiles/simple_example.dir/home/steve/pico/pico-sdk/src/rp2_common/pico_mem_ops/mem_ops_aeabi.S.obj
                0x000000001000473c                __aeabi_mem_init
 .text.memset   0x000000001000474c        0xc CMakeFiles/simple_example.dir/home/steve/pico/pico-sdk/src/rp2_common/pico_mem_ops/mem_ops_aeabi.S.obj
                0x000000001000474c                __wrap_memset
 .text.memcpy   0x0000000010004758        0xc CMakeFiles/simple_example.dir/home/steve/pico/pico-sdk/src/rp2_common/pico_mem_ops/mem_ops_aeabi.S.obj
                0x0000000010004758                __wrap___aeabi_memcpy
                0x0000000010004758                __wrap_memcpy
 .text.stdio_out_chars_no_crlf
                0x0000000010004764       0x10 CMakeFiles/simple_example.dir/home/steve/pico/pico-sdk/src/rp2_common/pico_stdio/stdio.c.obj
 .text.stdio_out_chars_crlf
                0x0000000010004774       0xac CMakeFiles/simple_example.dir/home/steve/pico/pico-sdk/src/rp2_common/pico_stdio/stdio.c.obj
 .text.stdio_stack_buffer_flush.part.1
                0x0000000010004820       0xe8 CMakeFiles/simple_example.dir/home/steve/pico/pico-sdk/src/rp2_common/pico_stdio/stdio.c.obj
 .text.stdio_buffered_printer
                0x0000000010004908       0x20 CMakeFiles/simple_example.dir/home/steve/pico/pico-sdk/src/rp2_common/pico_stdio/stdio.c.obj
 .text.stdio_put_string
                0x0000000010004928       0xf8 CMakeFiles/simple_example.dir/home/steve/pico/pico-sdk/src/rp2_common/pico_stdio/stdio.c.obj
 .text.__wrap_putchar
                0x0000000010004a20       0xa4 CMakeFiles/simple_example.dir/home/steve/pico/pico-sdk/src/rp2_common/pico_stdio/stdio.c.obj
                0x0000000010004a20                __wrap_putchar
 .text.__wrap_puts
                0x0000000010004ac4       0x3c CMakeFiles/simple_example.dir/home/steve/pico/pico-sdk/src/rp2_common/pico_stdio/stdio.c.obj
                0x0000000010004ac4                __wrap_puts
 .text._read    0x0000000010004b00       0x94 CMakeFiles/simple_example.dir/home/steve/pico/pico-sdk/src/rp2_common/pico_stdio/stdio.c.obj
                0x0000000010004b00                _read
 .text._write   0x0000000010004b94       0x24 CMakeFiles/simple_example.dir/home/steve/pico/pico-sdk/src/rp2_common/pico_stdio/stdio.c.obj
                0x0000000010004b94                _write
 .text.stdio_set_driver_enabled
                0x0000000010004bb8       0x30 CMakeFiles/simple_example.dir/home/steve/pico/pico-sdk/src/rp2_common/pico_stdio/stdio.c.obj
                0x0000000010004bb8                stdio_set_driver_enabled
 .text.__wrap_vprintf
                0x0000000010004be8       0x98 CMakeFiles/simple_example.dir/home/steve/pico/pico-sdk/src/rp2_common/pico_stdio/stdio.c.obj
                0x0000000010004be8                __wrap_vprintf
 .text.__wrap_printf
                0x0000000010004c80       0x18 CMakeFiles/simple_example.dir/home/steve/pico/pico-sdk/src/rp2_common/pico_stdio/stdio.c.obj
                0x0000000010004c80                __wrap_printf
 .text.stdio_init_all
                0x0000000010004c98        0xc CMakeFiles/simple_example.dir/home/steve/pico/pico-sdk/src/rp2_common/pico_stdio/stdio.c.obj
                0x0000000010004c98                stdio_init_all
 .text.stdio_uart_out_chars
                0x0000000010004ca4       0x4c CMakeFiles/simple_example.dir/home/steve/pico/pico-sdk/src/rp2_common/pico_stdio_uart/stdio_uart.c.obj
 .text.stdio_uart_in_chars
                0x0000000010004cf0       0x3c CMakeFiles/simple_example.dir/home/steve/pico/pico-sdk/src/rp2_common/pico_stdio_uart/stdio_uart.c.obj
                0x0000000010004cf0                stdio_uart_in_chars
 .text.stdio_uart_init
                0x0000000010004d2c       0x48 CMakeFiles/simple_example.dir/home/steve/pico/pico-sdk/src/rp2_common/pico_stdio_uart/stdio_uart.c.obj
                0x0000000010004d2c                stdio_uart_init
 .text.resetd_init
                0x0000000010004d74        0x4 CMakeFiles/simple_example.dir/home/steve/pico/pico-sdk/src/rp2_common/pico_stdio_usb/reset_interface.c.obj
 .text.resetd_reset
                0x0000000010004d78        0xc CMakeFiles/simple_example.dir/home/steve/pico/pico-sdk/src/rp2_common/pico_stdio_usb/reset_interface.c.obj
 .text.resetd_open
                0x0000000010004d84       0x28 CMakeFiles/simple_example.dir/home/steve/pico/pico-sdk/src/rp2_common/pico_stdio_usb/reset_interface.c.obj
 .text.resetd_xfer_cb
                0x0000000010004dac        0x4 CMakeFiles/simple_example.dir/home/steve/pico/pico-sdk/src/rp2_common/pico_stdio_usb/reset_interface.c.obj
 .text.resetd_control_xfer_cb
                0x0000000010004db0       0x64 CMakeFiles/simple_example.dir/home/steve/pico/pico-sdk/src/rp2_common/pico_stdio_usb/reset_interface.c.obj
 .text.usbd_app_driver_get_cb
                0x0000000010004e14        0xc CMakeFiles/simple_example.dir/home/steve/pico/pico-sdk/src/rp2_common/pico_stdio_usb/reset_interface.c.obj
                0x0000000010004e14                usbd_app_driver_get_cb
 .text.tud_cdc_line_coding_cb
                0x0000000010004e20       0x34 CMakeFiles/simple_example.dir/home/steve/pico/pico-sdk/src/rp2_common/pico_stdio_usb/reset_interface.c.obj
                0x0000000010004e20                tud_cdc_line_coding_cb
 .text.stdio_usb_in_chars
                0x0000000010004e54       0x68 CMakeFiles/simple_example.dir/home/steve/pico/pico-sdk/src/rp2_common/pico_stdio_usb/stdio_usb.c.obj
                0x0000000010004e54                stdio_usb_in_chars
 .text.stdio_usb_out_chars
                0x0000000010004ebc       0xf0 CMakeFiles/simple_example.dir/home/steve/pico/pico-sdk/src/rp2_common/pico_stdio_usb/stdio_usb.c.obj
 .text.timer_task
                0x0000000010004fac       0x18 CMakeFiles/simple_example.dir/home/steve/pico/pico-sdk/src/rp2_common/pico_stdio_usb/stdio_usb.c.obj
 .text.usb_irq  0x0000000010004fc4       0x10 CMakeFiles/simple_example.dir/home/steve/pico/pico-sdk/src/rp2_common/pico_stdio_usb/stdio_usb.c.obj
 .text.low_priority_worker_irq
                0x0000000010004fd4       0x24 CMakeFiles/simple_example.dir/home/steve/pico/pico-sdk/src/rp2_common/pico_stdio_usb/stdio_usb.c.obj
 .text.stdio_usb_init
                0x0000000010004ff8       0xac CMakeFiles/simple_example.dir/home/steve/pico/pico-sdk/src/rp2_common/pico_stdio_usb/stdio_usb.c.obj
                0x0000000010004ff8                stdio_usb_init
 .text.tud_descriptor_device_cb
                0x00000000100050a4        0x8 CMakeFiles/simple_example.dir/home/steve/pico/pico-sdk/src/rp2_common/pico_stdio_usb/stdio_usb_descriptors.c.obj
                0x00000000100050a4                tud_descriptor_device_cb
 .text.tud_descriptor_configuration_cb
                0x00000000100050ac        0x8 CMakeFiles/simple_example.dir/home/steve/pico/pico-sdk/src/rp2_common/pico_stdio_usb/stdio_usb_descriptors.c.obj
                0x00000000100050ac                tud_descriptor_configuration_cb
 .text.tud_descriptor_string_cb
                0x00000000100050b4       0x70 CMakeFiles/simple_example.dir/home/steve/pico/pico-sdk/src/rp2_common/pico_stdio_usb/stdio_usb_descriptors.c.obj
                0x00000000100050b4                tud_descriptor_string_cb
 .text.dcd_rp2040_irq
                0x0000000010005124      0x21c CMakeFiles/simple_example.dir/home/steve/pico/pico-sdk/lib/tinyusb/src/portable/raspberrypi/rp2040/dcd_rp2040.c.obj
 .text.dcd_int_enable
                0x0000000010005340        0xc CMakeFiles/simple_example.dir/home/steve/pico/pico-sdk/lib/tinyusb/src/portable/raspberrypi/rp2040/dcd_rp2040.c.obj
                0x0000000010005340                dcd_int_enable
 .text.dcd_set_address
                0x000000001000534c       0x14 CMakeFiles/simple_example.dir/home/steve/pico/pico-sdk/lib/tinyusb/src/portable/raspberrypi/rp2040/dcd_rp2040.c.obj
                0x000000001000534c                dcd_set_address
 .text.dcd_connect
                0x0000000010005360       0x10 CMakeFiles/simple_example.dir/home/steve/pico/pico-sdk/lib/tinyusb/src/portable/raspberrypi/rp2040/dcd_rp2040.c.obj
                0x0000000010005360                dcd_connect
 .text.dcd_init
                0x0000000010005370      0x144 CMakeFiles/simple_example.dir/home/steve/pico/pico-sdk/lib/tinyusb/src/portable/raspberrypi/rp2040/dcd_rp2040.c.obj
                0x0000000010005370                dcd_init
 .text.dcd_edpt0_status_complete
                0x00000000100054b4       0x1c CMakeFiles/simple_example.dir/home/steve/pico/pico-sdk/lib/tinyusb/src/portable/raspberrypi/rp2040/dcd_rp2040.c.obj
                0x00000000100054b4                dcd_edpt0_status_complete
 .text.dcd_edpt_open
                0x00000000100054d0       0xe4 CMakeFiles/simple_example.dir/home/steve/pico/pico-sdk/lib/tinyusb/src/portable/raspberrypi/rp2040/dcd_rp2040.c.obj
                0x00000000100054d0                dcd_edpt_open
 .text.dcd_edpt_close_all
                0x00000000100055b4       0xbc CMakeFiles/simple_example.dir/home/steve/pico/pico-sdk/lib/tinyusb/src/portable/raspberrypi/rp2040/dcd_rp2040.c.obj
                0x00000000100055b4                dcd_edpt_close_all
 .text.dcd_edpt_xfer
                0x0000000010005670       0x24 CMakeFiles/simple_example.dir/home/steve/pico/pico-sdk/lib/tinyusb/src/portable/raspberrypi/rp2040/dcd_rp2040.c.obj
                0x0000000010005670                dcd_edpt_xfer
 .text.dcd_edpt_stall
                0x0000000010005694       0x34 CMakeFiles/simple_example.dir/home/steve/pico/pico-sdk/lib/tinyusb/src/portable/raspberrypi/rp2040/dcd_rp2040.c.obj
                0x0000000010005694                dcd_edpt_stall
 .text.dcd_edpt_clear_stall
                0x00000000100056c8       0x2c CMakeFiles/simple_example.dir/home/steve/pico/pico-sdk/lib/tinyusb/src/portable/raspberrypi/rp2040/dcd_rp2040.c.obj
                0x00000000100056c8                dcd_edpt_clear_stall
 .text._hw_endpoint_buffer_control_update32.part.2
                0x00000000100056f4       0x20 CMakeFiles/simple_example.dir/home/steve/pico/pico-sdk/lib/tinyusb/src/portable/raspberrypi/rp2040/rp2040_usb.c.obj
 .text.rp2040_usb_init
                0x0000000010005714       0x4c CMakeFiles/simple_example.dir/home/steve/pico/pico-sdk/lib/tinyusb/src/portable/raspberrypi/rp2040/rp2040_usb.c.obj
                0x0000000010005714                rp2040_usb_init
 .text.hw_endpoint_reset_transfer
                0x0000000010005760        0xc CMakeFiles/simple_example.dir/home/steve/pico/pico-sdk/lib/tinyusb/src/portable/raspberrypi/rp2040/rp2040_usb.c.obj
                0x0000000010005760                hw_endpoint_reset_transfer
 .text._hw_endpoint_buffer_control_update32
                0x000000001000576c       0x40 CMakeFiles/simple_example.dir/home/steve/pico/pico-sdk/lib/tinyusb/src/portable/raspberrypi/rp2040/rp2040_usb.c.obj
                0x000000001000576c                _hw_endpoint_buffer_control_update32
 .text.hw_endpoint_xfer_start
                0x00000000100057ac      0x138 CMakeFiles/simple_example.dir/home/steve/pico/pico-sdk/lib/tinyusb/src/portable/raspberrypi/rp2040/rp2040_usb.c.obj
                0x00000000100057ac                hw_endpoint_xfer_start
 .text.hw_endpoint_xfer_continue
                0x00000000100058e4      0x1e0 CMakeFiles/simple_example.dir/home/steve/pico/pico-sdk/lib/tinyusb/src/portable/raspberrypi/rp2040/rp2040_usb.c.obj
                0x00000000100058e4                hw_endpoint_xfer_continue
 .text.tud_mounted
                0x0000000010005ac4       0x10 CMakeFiles/simple_example.dir/home/steve/pico/pico-sdk/lib/tinyusb/src/device/usbd.c.obj
                0x0000000010005ac4                tud_mounted
 .text.tud_suspended
                0x0000000010005ad4       0x10 CMakeFiles/simple_example.dir/home/steve/pico/pico-sdk/lib/tinyusb/src/device/usbd.c.obj
                0x0000000010005ad4                tud_suspended
 .text.tud_inited
                0x0000000010005ae4        0xc CMakeFiles/simple_example.dir/home/steve/pico/pico-sdk/lib/tinyusb/src/device/usbd.c.obj
                0x0000000010005ae4                tud_inited
 .text.tud_init
                0x0000000010005af0       0xd4 CMakeFiles/simple_example.dir/home/steve/pico/pico-sdk/lib/tinyusb/src/device/usbd.c.obj
                0x0000000010005af0                tud_init
 .text.tud_task
                0x0000000010005bc4      0x928 CMakeFiles/simple_example.dir/home/steve/pico/pico-sdk/lib/tinyusb/src/device/usbd.c.obj
                0x0000000010005bc4                tud_task
 .text.dcd_event_bus_signal
                0x00000000100064ec      0x124 CMakeFiles/simple_example.dir/home/steve/pico/pico-sdk/lib/tinyusb/src/device/usbd.c.obj
                0x00000000100064ec                dcd_event_bus_signal
 .text.dcd_event_bus_reset
                0x0000000010006610       0x58 CMakeFiles/simple_example.dir/home/steve/pico/pico-sdk/lib/tinyusb/src/device/usbd.c.obj
                0x0000000010006610                dcd_event_bus_reset
 .text.dcd_event_setup_received
                0x0000000010006668       0x50 CMakeFiles/simple_example.dir/home/steve/pico/pico-sdk/lib/tinyusb/src/device/usbd.c.obj
                0x0000000010006668                dcd_event_setup_received
 .text.dcd_event_xfer_complete
                0x00000000100066b8       0x68 CMakeFiles/simple_example.dir/home/steve/pico/pico-sdk/lib/tinyusb/src/device/usbd.c.obj
                0x00000000100066b8                dcd_event_xfer_complete
 .text.usbd_open_edpt_pair
                0x0000000010006720       0x9c CMakeFiles/simple_example.dir/home/steve/pico/pico-sdk/lib/tinyusb/src/device/usbd.c.obj
                0x0000000010006720                usbd_open_edpt_pair
 .text.usbd_edpt_open
                0x00000000100067bc       0x30 CMakeFiles/simple_example.dir/home/steve/pico/pico-sdk/lib/tinyusb/src/device/usbd.c.obj
                0x00000000100067bc                usbd_edpt_open
 .text.usbd_edpt_claim
                0x00000000100067ec       0x60 CMakeFiles/simple_example.dir/home/steve/pico/pico-sdk/lib/tinyusb/src/device/usbd.c.obj
                0x00000000100067ec                usbd_edpt_claim
 .text.usbd_edpt_release
                0x000000001000684c       0x4c CMakeFiles/simple_example.dir/home/steve/pico/pico-sdk/lib/tinyusb/src/device/usbd.c.obj
                0x000000001000684c                usbd_edpt_release
 .text.usbd_edpt_xfer
                0x0000000010006898       0x48 CMakeFiles/simple_example.dir/home/steve/pico/pico-sdk/lib/tinyusb/src/device/usbd.c.obj
                0x0000000010006898                usbd_edpt_xfer
 .text.tud_control_status
                0x00000000100068e0       0x30 CMakeFiles/simple_example.dir/home/steve/pico/pico-sdk/lib/tinyusb/src/device/usbd_control.c.obj
                0x00000000100068e0                tud_control_status
 .text.tud_control_xfer
                0x0000000010006910       0xb4 CMakeFiles/simple_example.dir/home/steve/pico/pico-sdk/lib/tinyusb/src/device/usbd_control.c.obj
                0x0000000010006910                tud_control_xfer
 .text.usbd_control_reset
                0x00000000100069c4       0x14 CMakeFiles/simple_example.dir/home/steve/pico/pico-sdk/lib/tinyusb/src/device/usbd_control.c.obj
                0x00000000100069c4                usbd_control_reset
 .text.usbd_control_set_complete_callback
                0x00000000100069d8        0xc CMakeFiles/simple_example.dir/home/steve/pico/pico-sdk/lib/tinyusb/src/device/usbd_control.c.obj
                0x00000000100069d8                usbd_control_set_complete_callback
 .text.usbd_control_set_request
                0x00000000100069e4       0x1c CMakeFiles/simple_example.dir/home/steve/pico/pico-sdk/lib/tinyusb/src/device/usbd_control.c.obj
                0x00000000100069e4                usbd_control_set_request
 .text.usbd_control_xfer_cb
                0x0000000010006a00       0xfc CMakeFiles/simple_example.dir/home/steve/pico/pico-sdk/lib/tinyusb/src/device/usbd_control.c.obj
                0x0000000010006a00                usbd_control_xfer_cb
 .text.tud_cdc_n_connected
                0x0000000010006afc       0x30 CMakeFiles/simple_example.dir/home/steve/pico/pico-sdk/lib/tinyusb/src/class/cdc/cdc_device.c.obj
                0x0000000010006afc                tud_cdc_n_connected
 .text.tud_cdc_n_available
                0x0000000010006b2c       0x18 CMakeFiles/simple_example.dir/home/steve/pico/pico-sdk/lib/tinyusb/src/class/cdc/cdc_device.c.obj
                0x0000000010006b2c                tud_cdc_n_available
 .text.tud_cdc_n_read
                0x0000000010006b44       0x70 CMakeFiles/simple_example.dir/home/steve/pico/pico-sdk/lib/tinyusb/src/class/cdc/cdc_device.c.obj
                0x0000000010006b44                tud_cdc_n_read
 .text.tud_cdc_n_write_flush
                0x0000000010006bb4       0x78 CMakeFiles/simple_example.dir/home/steve/pico/pico-sdk/lib/tinyusb/src/class/cdc/cdc_device.c.obj
                0x0000000010006bb4                tud_cdc_n_write_flush
 .text.tud_cdc_n_write
                0x0000000010006c2c       0x34 CMakeFiles/simple_example.dir/home/steve/pico/pico-sdk/lib/tinyusb/src/class/cdc/cdc_device.c.obj
                0x0000000010006c2c                tud_cdc_n_write
 .text.tud_cdc_n_write_available
                0x0000000010006c60       0x18 CMakeFiles/simple_example.dir/home/steve/pico/pico-sdk/lib/tinyusb/src/class/cdc/cdc_device.c.obj
                0x0000000010006c60                tud_cdc_n_write_available
 .text.cdcd_init
                0x0000000010006c78       0x7c CMakeFiles/simple_example.dir/home/steve/pico/pico-sdk/lib/tinyusb/src/class/cdc/cdc_device.c.obj
                0x0000000010006c78                cdcd_init
 .text.cdcd_reset
                0x0000000010006cf4       0x2c CMakeFiles/simple_example.dir/home/steve/pico/pico-sdk/lib/tinyusb/src/class/cdc/cdc_device.c.obj
                0x0000000010006cf4                cdcd_reset
 .text.cdcd_open
                0x0000000010006d20       0xe4 CMakeFiles/simple_example.dir/home/steve/pico/pico-sdk/lib/tinyusb/src/class/cdc/cdc_device.c.obj
                0x0000000010006d20                cdcd_open
 .text.cdcd_control_xfer_cb
                0x0000000010006e04       0xdc CMakeFiles/simple_example.dir/home/steve/pico/pico-sdk/lib/tinyusb/src/class/cdc/cdc_device.c.obj
                0x0000000010006e04                cdcd_control_xfer_cb
 .text.cdcd_xfer_cb
                0x0000000010006ee0      0x19c CMakeFiles/simple_example.dir/home/steve/pico/pico-sdk/lib/tinyusb/src/class/cdc/cdc_device.c.obj
                0x0000000010006ee0                cdcd_xfer_cb
 .text.tusb_init
                0x000000001000707c        0xc CMakeFiles/simple_example.dir/home/steve/pico/pico-sdk/lib/tinyusb/src/tusb.c.obj
                0x000000001000707c                tusb_init
 .text.tusb_inited
                0x0000000010007088        0x8 CMakeFiles/simple_example.dir/home/steve/pico/pico-sdk/lib/tinyusb/src/tusb.c.obj
                0x0000000010007088                tusb_inited
 .text.tu_edpt_validate
                0x0000000010007090       0x74 CMakeFiles/simple_example.dir/home/steve/pico/pico-sdk/lib/tinyusb/src/tusb.c.obj
                0x0000000010007090                tu_edpt_validate
 .text.tu_edpt_bind_driver
                0x0000000010007104       0x2c CMakeFiles/simple_example.dir/home/steve/pico/pico-sdk/lib/tinyusb/src/tusb.c.obj
                0x0000000010007104                tu_edpt_bind_driver
 .text.tu_fifo_config
                0x0000000010007130       0x78 CMakeFiles/simple_example.dir/home/steve/pico/pico-sdk/lib/tinyusb/src/common/tusb_fifo.c.obj
                0x0000000010007130                tu_fifo_config
 .text.tu_fifo_count
                0x00000000100071a8       0x24 CMakeFiles/simple_example.dir/home/steve/pico/pico-sdk/lib/tinyusb/src/common/tusb_fifo.c.obj
                0x00000000100071a8                tu_fifo_count
 .text.tu_fifo_empty
                0x00000000100071cc       0x10 CMakeFiles/simple_example.dir/home/steve/pico/pico-sdk/lib/tinyusb/src/common/tusb_fifo.c.obj
                0x00000000100071cc                tu_fifo_empty
 .text.tu_fifo_remaining
                0x00000000100071dc       0x20 CMakeFiles/simple_example.dir/home/steve/pico/pico-sdk/lib/tinyusb/src/common/tusb_fifo.c.obj
                0x00000000100071dc                tu_fifo_remaining
 .text.tu_fifo_read
                0x00000000100071fc       0xa0 CMakeFiles/simple_example.dir/home/steve/pico/pico-sdk/lib/tinyusb/src/common/tusb_fifo.c.obj
                0x00000000100071fc                tu_fifo_read
 .text.tu_fifo_read_n
                0x000000001000729c       0xf8 CMakeFiles/simple_example.dir/home/steve/pico/pico-sdk/lib/tinyusb/src/common/tusb_fifo.c.obj
                0x000000001000729c                tu_fifo_read_n
 .text.tu_fifo_write
                0x0000000010007394       0x80 CMakeFiles/simple_example.dir/home/steve/pico/pico-sdk/lib/tinyusb/src/common/tusb_fifo.c.obj
                0x0000000010007394                tu_fifo_write
 .text.tu_fifo_write_n
                0x0000000010007414       0xfc CMakeFiles/simple_example.dir/home/steve/pico/pico-sdk/lib/tinyusb/src/common/tusb_fifo.c.obj
                0x0000000010007414                tu_fifo_write_n
 .text.tu_fifo_clear
                0x0000000010007510       0x4c CMakeFiles/simple_example.dir/home/steve/pico/pico-sdk/lib/tinyusb/src/common/tusb_fifo.c.obj
                0x0000000010007510                tu_fifo_clear
 .text.tu_fifo_set_overwritable
                0x000000001000755c       0x3c CMakeFiles/simple_example.dir/home/steve/pico/pico-sdk/lib/tinyusb/src/common/tusb_fifo.c.obj
                0x000000001000755c                tu_fifo_set_overwritable
 .text.startup._retrieve_unique_id_on_boot
                0x0000000010007598       0x10 CMakeFiles/simple_example.dir/home/steve/pico/pico-sdk/src/rp2_common/pico_unique_id/unique_id.c.obj
 .text.pico_get_unique_board_id_string
                0x00000000100075a8      0x1cc CMakeFiles/simple_example.dir/home/steve/pico/pico-sdk/src/rp2_common/pico_unique_id/unique_id.c.obj
                0x00000000100075a8                pico_get_unique_board_id_string
 .text.flash_get_unique_id
                0x0000000010007774       0x3c CMakeFiles/simple_example.dir/home/steve/pico/pico-sdk/src/rp2_common/hardware_flash/flash.c.obj
                0x0000000010007774                flash_get_unique_id
 .text.ff_memalloc
                0x00000000100077b0        0x8 CMakeFiles/simple_example.dir/home/steve/apricot-hd/c/no-OS-FatFS/FatFs_SPI/ff15/source/ffsystem.c.obj
                0x00000000100077b0                ff_memalloc
 .text.ff_memfree
                0x00000000100077b8        0x8 CMakeFiles/simple_example.dir/home/steve/apricot-hd/c/no-OS-FatFS/FatFs_SPI/ff15/source/ffsystem.c.obj
                0x00000000100077b8                ff_memfree
 .text.ff_uni2oem
                0x00000000100077c0       0x40 CMakeFiles/simple_example.dir/home/steve/apricot-hd/c/no-OS-FatFS/FatFs_SPI/ff15/source/ffunicode.c.obj
                0x00000000100077c0                ff_uni2oem
 .text.ff_wtoupper
                0x0000000010007800       0xbc CMakeFiles/simple_example.dir/home/steve/apricot-hd/c/no-OS-FatFS/FatFs_SPI/ff15/source/ffunicode.c.obj
                0x0000000010007800                ff_wtoupper
 .text.tchar2uni
                0x00000000100078bc       0xe8 CMakeFiles/simple_example.dir/home/steve/apricot-hd/c/no-OS-FatFS/FatFs_SPI/ff15/source/ff.c.obj
 .text.dir_clear
                0x00000000100079a4      0x1a8 CMakeFiles/simple_example.dir/home/steve/apricot-hd/c/no-OS-FatFS/FatFs_SPI/ff15/source/ff.c.obj
 .text.move_window.part.8
                0x0000000010007b4c       0xb0 CMakeFiles/simple_example.dir/home/steve/apricot-hd/c/no-OS-FatFS/FatFs_SPI/ff15/source/ff.c.obj
 .text.check_fs
                0x0000000010007bfc      0x174 CMakeFiles/simple_example.dir/home/steve/apricot-hd/c/no-OS-FatFS/FatFs_SPI/ff15/source/ff.c.obj
 .text.put_fat.part.9
                0x0000000010007d70      0x1a0 CMakeFiles/simple_example.dir/home/steve/apricot-hd/c/no-OS-FatFS/FatFs_SPI/ff15/source/ff.c.obj
 .text.get_fat  0x0000000010007f10      0x1f0 CMakeFiles/simple_example.dir/home/steve/apricot-hd/c/no-OS-FatFS/FatFs_SPI/ff15/source/ff.c.obj
 .text.dir_sdi  0x0000000010008100       0xdc CMakeFiles/simple_example.dir/home/steve/apricot-hd/c/no-OS-FatFS/FatFs_SPI/ff15/source/ff.c.obj
 .text.dir_next.constprop.16
                0x00000000100081dc       0xc4 CMakeFiles/simple_example.dir/home/steve/apricot-hd/c/no-OS-FatFS/FatFs_SPI/ff15/source/ff.c.obj
 .text.load_xdir
                0x00000000100082a0      0x164 CMakeFiles/simple_example.dir/home/steve/apricot-hd/c/no-OS-FatFS/FatFs_SPI/ff15/source/ff.c.obj
 .text.sync_fs  0x0000000010008404      0x148 CMakeFiles/simple_example.dir/home/steve/apricot-hd/c/no-OS-FatFS/FatFs_SPI/ff15/source/ff.c.obj
 .text.store_xdir
                0x000000001000854c      0x1b4 CMakeFiles/simple_example.dir/home/steve/apricot-hd/c/no-OS-FatFS/FatFs_SPI/ff15/source/ff.c.obj
 .text.dir_read
                0x0000000010008700      0x5dc CMakeFiles/simple_example.dir/home/steve/apricot-hd/c/no-OS-FatFS/FatFs_SPI/ff15/source/ff.c.obj
 .text.dir_find
                0x0000000010008cdc      0x3b8 CMakeFiles/simple_example.dir/home/steve/apricot-hd/c/no-OS-FatFS/FatFs_SPI/ff15/source/ff.c.obj
 .text.mount_volume
                0x0000000010009094      0xbf0 CMakeFiles/simple_example.dir/home/steve/apricot-hd/c/no-OS-FatFS/FatFs_SPI/ff15/source/ff.c.obj
 .text.remove_chain
                0x0000000010009c84      0x1e0 CMakeFiles/simple_example.dir/home/steve/apricot-hd/c/no-OS-FatFS/FatFs_SPI/ff15/source/ff.c.obj
 .text.find_bitmap
                0x0000000010009e64      0x18c CMakeFiles/simple_example.dir/home/steve/apricot-hd/c/no-OS-FatFS/FatFs_SPI/ff15/source/ff.c.obj
 .text.create_chain
                0x0000000010009ff0      0x208 CMakeFiles/simple_example.dir/home/steve/apricot-hd/c/no-OS-FatFS/FatFs_SPI/ff15/source/ff.c.obj
 .text.dir_alloc
                0x000000001000a1f8      0x19c CMakeFiles/simple_example.dir/home/steve/apricot-hd/c/no-OS-FatFS/FatFs_SPI/ff15/source/ff.c.obj
 .text.dir_register
                0x000000001000a394      0xad0 CMakeFiles/simple_example.dir/home/steve/apricot-hd/c/no-OS-FatFS/FatFs_SPI/ff15/source/ff.c.obj
 .text.follow_path
                0x000000001000ae64      0x640 CMakeFiles/simple_example.dir/home/steve/apricot-hd/c/no-OS-FatFS/FatFs_SPI/ff15/source/ff.c.obj
 .text.f_mount  0x000000001000b4a4      0x1cc CMakeFiles/simple_example.dir/home/steve/apricot-hd/c/no-OS-FatFS/FatFs_SPI/ff15/source/ff.c.obj
                0x000000001000b4a4                f_mount
 .text.f_open   0x000000001000b670      0xd1c CMakeFiles/simple_example.dir/home/steve/apricot-hd/c/no-OS-FatFS/FatFs_SPI/ff15/source/ff.c.obj
                0x000000001000b670                f_open
 .text.f_write  0x000000001000c38c      0x2d8 CMakeFiles/simple_example.dir/home/steve/apricot-hd/c/no-OS-FatFS/FatFs_SPI/ff15/source/ff.c.obj
                0x000000001000c38c                f_write
 .text.putc_bfd
                0x000000001000c664      0x17c CMakeFiles/simple_example.dir/home/steve/apricot-hd/c/no-OS-FatFS/FatFs_SPI/ff15/source/ff.c.obj
 .text.putc_bfd.constprop.13
                0x000000001000c7e0      0x128 CMakeFiles/simple_example.dir/home/steve/apricot-hd/c/no-OS-FatFS/FatFs_SPI/ff15/source/ff.c.obj
 .text.f_sync   0x000000001000c908      0x2ec CMakeFiles/simple_example.dir/home/steve/apricot-hd/c/no-OS-FatFS/FatFs_SPI/ff15/source/ff.c.obj
                0x000000001000c908                f_sync
 .text.f_close  0x000000001000cbf4       0x70 CMakeFiles/simple_example.dir/home/steve/apricot-hd/c/no-OS-FatFS/FatFs_SPI/ff15/source/ff.c.obj
                0x000000001000cbf4                f_close
 .text.f_printf
                0x000000001000cc64      0xdd0 CMakeFiles/simple_example.dir/home/steve/apricot-hd/c/no-OS-FatFS/FatFs_SPI/ff15/source/ff.c.obj
                0x000000001000cc64                f_printf
 .text.sd_spi_go_high_frequency
                0x000000001000da34       0x20 CMakeFiles/simple_example.dir/home/steve/apricot-hd/c/no-OS-FatFS/FatFs_SPI/sd_driver/sd_spi.c.obj
                0x000000001000da34                sd_spi_go_high_frequency
 .text.sd_spi_go_low_frequency
                0x000000001000da54       0x24 CMakeFiles/simple_example.dir/home/steve/apricot-hd/c/no-OS-FatFS/FatFs_SPI/sd_driver/sd_spi.c.obj
                0x000000001000da54                sd_spi_go_low_frequency
 .text.sd_spi_deselect_pulse
                0x000000001000da78       0x5c CMakeFiles/simple_example.dir/home/steve/apricot-hd/c/no-OS-FatFS/FatFs_SPI/sd_driver/sd_spi.c.obj
                0x000000001000da78                sd_spi_deselect_pulse
 .text.sd_spi_acquire
                0x000000001000dad4       0x34 CMakeFiles/simple_example.dir/home/steve/apricot-hd/c/no-OS-FatFS/FatFs_SPI/sd_driver/sd_spi.c.obj
                0x000000001000dad4                sd_spi_acquire
 .text.sd_spi_release
                0x000000001000db08       0x34 CMakeFiles/simple_example.dir/home/steve/apricot-hd/c/no-OS-FatFS/FatFs_SPI/sd_driver/sd_spi.c.obj
                0x000000001000db08                sd_spi_release
 .text.sd_spi_transfer
                0x000000001000db3c        0xc CMakeFiles/simple_example.dir/home/steve/apricot-hd/c/no-OS-FatFS/FatFs_SPI/sd_driver/sd_spi.c.obj
                0x000000001000db3c                sd_spi_transfer
 .text.sd_spi_write
                0x000000001000db48       0x44 CMakeFiles/simple_example.dir/home/steve/apricot-hd/c/no-OS-FatFS/FatFs_SPI/sd_driver/sd_spi.c.obj
                0x000000001000db48                sd_spi_write
 .text.sd_spi_send_initializing_sequence
                0x000000001000db8c       0x7c CMakeFiles/simple_example.dir/home/steve/apricot-hd/c/no-OS-FatFS/FatFs_SPI/sd_driver/sd_spi.c.obj
                0x000000001000db8c                sd_spi_send_initializing_sequence
 .text.spi_lock
                0x000000001000dc08       0x30 CMakeFiles/simple_example.dir/home/steve/apricot-hd/c/no-OS-FatFS/FatFs_SPI/sd_driver/spi.c.obj
                0x000000001000dc08                spi_lock
 .text.spi_unlock
                0x000000001000dc38       0x30 CMakeFiles/simple_example.dir/home/steve/apricot-hd/c/no-OS-FatFS/FatFs_SPI/sd_driver/spi.c.obj
                0x000000001000dc38                spi_unlock
 .text.my_spi_init
                0x000000001000dc68      0x1ac CMakeFiles/simple_example.dir/home/steve/apricot-hd/c/no-OS-FatFS/FatFs_SPI/sd_driver/spi.c.obj
                0x000000001000dc68                my_spi_init
 .text.sd_sectors_nolock.part.1
                0x000000001000de14      0x254 CMakeFiles/simple_example.dir/home/steve/apricot-hd/c/no-OS-FatFS/FatFs_SPI/sd_driver/sd_card.c.obj
 .text.sd_write_block.constprop.3
                0x000000001000e068       0xe0 CMakeFiles/simple_example.dir/home/steve/apricot-hd/c/no-OS-FatFS/FatFs_SPI/sd_driver/sd_card.c.obj
 .text.sd_cmd   0x000000001000e148      0x4f4 CMakeFiles/simple_example.dir/home/steve/apricot-hd/c/no-OS-FatFS/FatFs_SPI/sd_driver/sd_card.c.obj
 .text.sd_card_detect
                0x000000001000e63c       0x4c CMakeFiles/simple_example.dir/home/steve/apricot-hd/c/no-OS-FatFS/FatFs_SPI/sd_driver/sd_card.c.obj
                0x000000001000e63c                sd_card_detect
 .text.sd_sectors
                0x000000001000e688       0x98 CMakeFiles/simple_example.dir/home/steve/apricot-hd/c/no-OS-FatFS/FatFs_SPI/sd_driver/sd_card.c.obj
                0x000000001000e688                sd_sectors
 .text.sd_read_blocks
                0x000000001000e720      0x1f8 CMakeFiles/simple_example.dir/home/steve/apricot-hd/c/no-OS-FatFS/FatFs_SPI/sd_driver/sd_card.c.obj
                0x000000001000e720                sd_read_blocks
 .text.sd_write_blocks
                0x000000001000e918      0x164 CMakeFiles/simple_example.dir/home/steve/apricot-hd/c/no-OS-FatFS/FatFs_SPI/sd_driver/sd_card.c.obj
                0x000000001000e918                sd_write_blocks
 .text.sd_init_driver
                0x000000001000ea7c       0xc8 CMakeFiles/simple_example.dir/home/steve/apricot-hd/c/no-OS-FatFS/FatFs_SPI/sd_driver/sd_card.c.obj
                0x000000001000ea7c                sd_init_driver
 .text.sd_init  0x000000001000eb44      0x378 CMakeFiles/simple_example.dir/home/steve/apricot-hd/c/no-OS-FatFS/FatFs_SPI/sd_driver/sd_card.c.obj
                0x000000001000eb44                sd_init
 .text.crc7     0x000000001000eebc       0x28 CMakeFiles/simple_example.dir/home/steve/apricot-hd/c/no-OS-FatFS/FatFs_SPI/sd_driver/crc.c.obj
                0x000000001000eebc                crc7
 .text.crc16    0x000000001000eee4       0x30 CMakeFiles/simple_example.dir/home/steve/apricot-hd/c/no-OS-FatFS/FatFs_SPI/sd_driver/crc.c.obj
                0x000000001000eee4                crc16
 .text.disk_status
                0x000000001000ef14       0x18 CMakeFiles/simple_example.dir/home/steve/apricot-hd/c/no-OS-FatFS/FatFs_SPI/src/glue.c.obj
                0x000000001000ef14                disk_status
 .text.disk_initialize
                0x000000001000ef2c       0x18 CMakeFiles/simple_example.dir/home/steve/apricot-hd/c/no-OS-FatFS/FatFs_SPI/src/glue.c.obj
                0x000000001000ef2c                disk_initialize
 .text.disk_read
                0x000000001000ef44       0x78 CMakeFiles/simple_example.dir/home/steve/apricot-hd/c/no-OS-FatFS/FatFs_SPI/src/glue.c.obj
                0x000000001000ef44                disk_read
 .text.disk_write
                0x000000001000efbc       0x78 CMakeFiles/simple_example.dir/home/steve/apricot-hd/c/no-OS-FatFS/FatFs_SPI/src/glue.c.obj
                0x000000001000efbc                disk_write
 .text.disk_ioctl
                0x000000001000f034       0x3c CMakeFiles/simple_example.dir/home/steve/apricot-hd/c/no-OS-FatFS/FatFs_SPI/src/glue.c.obj
                0x000000001000f034                disk_ioctl
 .text.FRESULT_str
                0x000000001000f070       0x18 CMakeFiles/simple_example.dir/home/steve/apricot-hd/c/no-OS-FatFS/FatFs_SPI/src/f_util.c.obj
                0x000000001000f070                FRESULT_str
 .text.my_printf
                0x000000001000f088       0x4c CMakeFiles/simple_example.dir/home/steve/apricot-hd/c/no-OS-FatFS/FatFs_SPI/src/my_debug.c.obj
                0x000000001000f088                my_printf
 .text.my_assert_func
                0x000000001000f0d4       0x2c CMakeFiles/simple_example.dir/home/steve/apricot-hd/c/no-OS-FatFS/FatFs_SPI/src/my_debug.c.obj
                0x000000001000f0d4                my_assert_func
 .text.time_init
                0x000000001000f100       0x54 CMakeFiles/simple_example.dir/home/steve/apricot-hd/c/no-OS-FatFS/FatFs_SPI/src/rtc.c.obj
                0x000000001000f100                time_init
 .text.get_fattime
                0x000000001000f154       0x6c CMakeFiles/simple_example.dir/home/steve/apricot-hd/c/no-OS-FatFS/FatFs_SPI/src/rtc.c.obj
                0x000000001000f154                get_fattime
 .text.spi_init
                0x000000001000f1c0       0xf4 CMakeFiles/simple_example.dir/home/steve/pico/pico-sdk/src/rp2_common/hardware_spi/spi.c.obj
                0x000000001000f1c0                spi_init
 .text.spi_set_baudrate
                0x000000001000f2b4       0x94 CMakeFiles/simple_example.dir/home/steve/pico/pico-sdk/src/rp2_common/hardware_spi/spi.c.obj
                0x000000001000f2b4                spi_set_baudrate
 .text.dma_claim_unused_channel
                0x000000001000f348       0x20 CMakeFiles/simple_example.dir/home/steve/pico/pico-sdk/src/rp2_common/hardware_dma/dma.c.obj
                0x000000001000f348                dma_claim_unused_channel
 .text.rtc_init
                0x000000001000f368       0x38 CMakeFiles/simple_example.dir/home/steve/pico/pico-sdk/src/rp2_common/hardware_rtc/rtc.c.obj
                0x000000001000f368                rtc_init
 .text.rtc_set_datetime
                0x000000001000f3a0       0xa8 CMakeFiles/simple_example.dir/home/steve/pico/pico-sdk/src/rp2_common/hardware_rtc/rtc.c.obj
                0x000000001000f3a0                rtc_set_datetime
 .text.rtc_get_datetime
                0x000000001000f448       0x44 CMakeFiles/simple_example.dir/home/steve/pico/pico-sdk/src/rp2_common/hardware_rtc/rtc.c.obj
                0x000000001000f448                rtc_get_datetime
 .text          0x000000001000f48c      0x1b4 /usr/lib/gcc/arm-none-eabi/8.3.1/../../../arm-none-eabi/lib/thumb/v6-m/nofp/libc.a(lib_a-fflush.o)
                0x000000001000f48c                __sflush_r
                0x000000001000f5ec                _fflush_r
                0x000000001000f618                fflush
 .text          0x000000001000f640      0x220 /usr/lib/gcc/arm-none-eabi/8.3.1/../../../arm-none-eabi/lib/thumb/v6-m/nofp/libc.a(lib_a-findfp.o)
                0x000000001000f644                _cleanup_r
                0x000000001000f740                __sfmoreglue
                0x000000001000f770                __sfp
                0x000000001000f7f8                _cleanup
                0x000000001000f810                __sinit
                0x000000001000f820                __sfp_lock_acquire
                0x000000001000f824                __sfp_lock_release
                0x000000001000f828                __sinit_lock_acquire
                0x000000001000f82c                __sinit_lock_release
                0x000000001000f830                __fp_lock_all
                0x000000001000f848                __fp_unlock_all
 .text          0x000000001000f860      0x27c /usr/lib/gcc/arm-none-eabi/8.3.1/../../../arm-none-eabi/lib/thumb/v6-m/nofp/libc.a(lib_a-freer.o)
                0x000000001000f860                _malloc_trim_r
                0x000000001000f900                _free_r
 .text          0x000000001000fadc       0x90 /usr/lib/gcc/arm-none-eabi/8.3.1/../../../arm-none-eabi/lib/thumb/v6-m/nofp/libc.a(lib_a-fwalk.o)
                0x000000001000fadc                _fwalk
                0x000000001000fb20                _fwalk_reent
 .text          0x000000001000fb6c       0x28 /usr/lib/gcc/arm-none-eabi/8.3.1/../../../arm-none-eabi/lib/thumb/v6-m/nofp/libc.a(lib_a-malloc.o)
                0x000000001000fb6c                malloc
                0x000000001000fb80                free
 .text          0x000000001000fb94      0x58c /usr/lib/gcc/arm-none-eabi/8.3.1/../../../arm-none-eabi/lib/thumb/v6-m/nofp/libc.a(lib_a-mallocr.o)
                0x000000001000fb94                _malloc_r
 .text          0x0000000010010120        0x8 /usr/lib/gcc/arm-none-eabi/8.3.1/../../../arm-none-eabi/lib/thumb/v6-m/nofp/libc.a(lib_a-mlock.o)
                0x0000000010010120                __malloc_lock
                0x0000000010010124                __malloc_unlock
 .text          0x0000000010010128       0x24 /usr/lib/gcc/arm-none-eabi/8.3.1/../../../arm-none-eabi/lib/thumb/v6-m/nofp/libc.a(lib_a-sbrkr.o)
                0x0000000010010128                _sbrk_r
 .text          0x000000001001014c       0xa4 /usr/lib/gcc/arm-none-eabi/8.3.1/../../../arm-none-eabi/lib/thumb/v6-m/nofp/libc.a(lib_a-stdio.o)
                0x000000001001014c                __sread
                0x0000000010010174                __seofread
                0x0000000010010178                __swrite
                0x00000000100101b8                __sseek
                0x00000000100101e4                __sclose
 .text          0x00000000100101f0       0xd4 /usr/lib/gcc/arm-none-eabi/8.3.1/../../../arm-none-eabi/lib/thumb/v6-m/nofp/libc.a(lib_a-strchr.o)
                0x00000000100101f0                strchr
 .text          0x00000000100102c4       0x68 /usr/lib/gcc/arm-none-eabi/8.3.1/../../../arm-none-eabi/lib/thumb/v6-m/nofp/libc.a(lib_a-strlen-stub.o)
                0x00000000100102c4                strlen
 .text          0x000000001001032c       0x28 /usr/lib/gcc/arm-none-eabi/8.3.1/../../../arm-none-eabi/lib/thumb/v6-m/nofp/libc.a(lib_a-writer.o)
                0x000000001001032c                _write_r
 .text          0x0000000010010354       0x24 /usr/lib/gcc/arm-none-eabi/8.3.1/../../../arm-none-eabi/lib/thumb/v6-m/nofp/libc.a(lib_a-closer.o)
                0x0000000010010354                _close_r
 .text          0x0000000010010378       0xac /usr/lib/gcc/arm-none-eabi/8.3.1/../../../arm-none-eabi/lib/thumb/v6-m/nofp/libc.a(lib_a-fclose.o)
                0x0000000010010378                _fclose_r
                0x0000000010010410                fclose
 .text          0x0000000010010424       0x28 /usr/lib/gcc/arm-none-eabi/8.3.1/../../../arm-none-eabi/lib/thumb/v6-m/nofp/libc.a(lib_a-lseekr.o)
                0x0000000010010424                _lseek_r
 .text          0x000000001001044c       0x28 /usr/lib/gcc/arm-none-eabi/8.3.1/../../../arm-none-eabi/lib/thumb/v6-m/nofp/libc.a(lib_a-readr.o)
                0x000000001001044c                _read_r
 .text          0x0000000010010474       0x10 /usr/lib/gcc/arm-none-eabi/8.3.1/../../../arm-none-eabi/lib/thumb/v6-m/nofp/libnosys.a(close.o)
                0x0000000010010474                _close
 .text          0x0000000010010484       0x10 /usr/lib/gcc/arm-none-eabi/8.3.1/../../../arm-none-eabi/lib/thumb/v6-m/nofp/libnosys.a(lseek.o)
                0x0000000010010484                _lseek
 *(.fini)
 .fini          0x0000000010010494        0x4 /usr/lib/gcc/arm-none-eabi/8.3.1/thumb/v6-m/nofp/crti.o
                0x0000000010010494                _fini
 .fini.__stub   0x0000000010010498       0xb0 linker stubs
 *crtbegin.o(.ctors)
 *crtbegin?.o(.ctors)
 *(EXCLUDE_FILE(*crtend.o *crtend?.o) .ctors)
 *(SORT_BY_NAME(.ctors.*))
 *(.ctors)
 *crtbegin.o(.dtors)
 *crtbegin?.o(.dtors)
 *(EXCLUDE_FILE(*crtend.o *crtend?.o) .dtors)
 *(SORT_BY_NAME(.dtors.*))
 *(.dtors)
 *(.eh_frame*)
 .eh_frame      0x0000000010010548        0x0 /usr/lib/gcc/arm-none-eabi/8.3.1/thumb/v6-m/nofp/crtbegin.o
                0x0000000010010548                . = ALIGN (0x4)

.glue_7         0x0000000010010548        0x0
 .glue_7        0x0000000010010548        0x0 linker stubs

.glue_7t        0x0000000010010548        0x0
 .glue_7t       0x0000000010010548        0x0 linker stubs

.vfp11_veneer   0x0000000010010548        0x0
 .vfp11_veneer  0x0000000010010548        0x0 linker stubs

.v4_bx          0x0000000010010548        0x0
 .v4_bx         0x0000000010010548        0x0 linker stubs

.iplt           0x0000000010010548        0x0
 .iplt          0x0000000010010548        0x0 /usr/lib/gcc/arm-none-eabi/8.3.1/thumb/v6-m/nofp/crtbegin.o

.rodata         0x0000000010010548     0x1d00
 *(EXCLUDE_FILE(*libm.a: *libc.a:*lib_a-mem*.o *libgcc.a:) .rodata*)
 .rodata.main.str1.4
                0x0000000010010548       0x9c CMakeFiles/simple_example.dir/simple_example.cpp.obj
 .rodata.str1.4
                0x00000000100105e4        0x3 CMakeFiles/simple_example.dir/hw_config.c.obj
 *fill*         0x00000000100105e7        0x1 
 .rodata.spin_lock_claim_unused.str1.4
                0x00000000100105e8       0x1b CMakeFiles/simple_example.dir/home/steve/pico/pico-sdk/src/rp2_common/hardware_sync/sync.c.obj
 *fill*         0x0000000010010603        0x1 
 .rodata.user_irq_claim_unused.str1.4
                0x0000000010010604       0x1b CMakeFiles/simple_example.dir/home/steve/pico/pico-sdk/src/rp2_common/hardware_irq/irq.c.obj
 *fill*         0x000000001001061f        0x1 
 .rodata.at_the_end_of_time
                0x0000000010010620        0x8 CMakeFiles/simple_example.dir/home/steve/pico/pico-sdk/src/common/pico_time/time.c.obj
                0x0000000010010620                at_the_end_of_time
 .rodata.hardware_alarm_claim.str1.4
                0x0000000010010628       0x22 CMakeFiles/simple_example.dir/home/steve/pico/pico-sdk/src/rp2_common/hardware_timer/timer.c.obj
 *fill*         0x000000001001064a        0x2 
 .rodata.hard_assertion_failure.str1.4
                0x000000001001064c        0xc CMakeFiles/simple_example.dir/home/steve/pico/pico-sdk/src/rp2_common/pico_runtime/runtime.c.obj
 .rodata.panic.str1.4
                0x0000000010010658       0x10 CMakeFiles/simple_example.dir/home/steve/pico/pico-sdk/src/rp2_common/pico_runtime/runtime.c.obj
                                         0x12 (size before relaxing)
 .rodata._vsnprintf
                0x0000000010010668      0x1e0 CMakeFiles/simple_example.dir/home/steve/pico/pico-sdk/src/rp2_common/pico_printf/printf.c.obj
 .rodata._ftoa.str1.4
                0x0000000010010848       0x15 CMakeFiles/simple_example.dir/home/steve/pico/pico-sdk/src/rp2_common/pico_printf/printf.c.obj
 *fill*         0x000000001001085d        0x3 
 .rodata.pow10.5494
                0x0000000010010860       0x50 CMakeFiles/simple_example.dir/home/steve/pico/pico-sdk/src/rp2_common/pico_printf/printf.c.obj
 .rodata.__wrap_malloc.str1.4
                0x00000000100108b0        0xe CMakeFiles/simple_example.dir/home/steve/pico/pico-sdk/src/rp2_common/pico_malloc/pico_malloc.c.obj
 *fill*         0x00000000100108be        0x2 
 .rodata.__bi_44
                0x00000000100108c0        0xc CMakeFiles/simple_example.dir/home/steve/pico/pico-sdk/src/rp2_common/pico_standard_link/binary_info.c.obj
 .rodata.__bi_56
                0x00000000100108cc        0xc CMakeFiles/simple_example.dir/home/steve/pico/pico-sdk/src/rp2_common/pico_standard_link/binary_info.c.obj
 .rodata.__bi_75
                0x00000000100108d8        0xc CMakeFiles/simple_example.dir/home/steve/pico/pico-sdk/src/rp2_common/pico_standard_link/binary_info.c.obj
 .rodata.__bi_81
                0x00000000100108e4        0xc CMakeFiles/simple_example.dir/home/steve/pico/pico-sdk/src/rp2_common/pico_standard_link/binary_info.c.obj
 .rodata.str1.4
                0x00000000100108f0       0x48 CMakeFiles/simple_example.dir/home/steve/pico/pico-sdk/src/rp2_common/pico_standard_link/binary_info.c.obj
 .rodata.crlf_str.6115
                0x0000000010010938        0x2 CMakeFiles/simple_example.dir/home/steve/pico/pico-sdk/src/rp2_common/pico_stdio/stdio.c.obj
 *fill*         0x000000001001093a        0x2 
 .rodata.__bi_28.4909
                0x000000001001093c        0xc CMakeFiles/simple_example.dir/home/steve/pico/pico-sdk/src/rp2_common/pico_stdio_uart/stdio_uart.c.obj
 .rodata.__bi_29.4913
                0x0000000010010948        0x8 CMakeFiles/simple_example.dir/home/steve/pico/pico-sdk/src/rp2_common/pico_stdio_uart/stdio_uart.c.obj
 .rodata.str1.4
                0x0000000010010950       0x2c CMakeFiles/simple_example.dir/home/steve/pico/pico-sdk/src/rp2_common/pico_stdio_uart/stdio_uart.c.obj
 .rodata._resetd_driver
                0x000000001001097c       0x18 CMakeFiles/simple_example.dir/home/steve/pico/pico-sdk/src/rp2_common/pico_stdio_usb/reset_interface.c.obj
 .rodata.__bi_118.7257
                0x0000000010010994        0xc CMakeFiles/simple_example.dir/home/steve/pico/pico-sdk/src/rp2_common/pico_stdio_usb/stdio_usb.c.obj
 .rodata.str1.4
                0x00000000100109a0       0x13 CMakeFiles/simple_example.dir/home/steve/pico/pico-sdk/src/rp2_common/pico_stdio_usb/stdio_usb.c.obj
 *fill*         0x00000000100109b3        0x1 
 .rodata.str1.4
                0x00000000100109b4       0x2a CMakeFiles/simple_example.dir/home/steve/pico/pico-sdk/src/rp2_common/pico_stdio_usb/stdio_usb_descriptors.c.obj
 *fill*         0x00000000100109de        0x2 
 .rodata.usbd_desc_cfg
                0x00000000100109e0       0x54 CMakeFiles/simple_example.dir/home/steve/pico/pico-sdk/src/rp2_common/pico_stdio_usb/stdio_usb_descriptors.c.obj
 .rodata.usbd_desc_device
                0x0000000010010a34       0x12 CMakeFiles/simple_example.dir/home/steve/pico/pico-sdk/src/rp2_common/pico_stdio_usb/stdio_usb_descriptors.c.obj
 *fill*         0x0000000010010a46        0x2 
 .rodata.usbd_desc_str
                0x0000000010010a48       0x18 CMakeFiles/simple_example.dir/home/steve/pico/pico-sdk/src/rp2_common/pico_stdio_usb/stdio_usb_descriptors.c.obj
 .rodata.dcd_rp2040_irq.str1.4
                0x0000000010010a60       0x14 CMakeFiles/simple_example.dir/home/steve/pico/pico-sdk/lib/tinyusb/src/portable/raspberrypi/rp2040/dcd_rp2040.c.obj
 .rodata._hw_endpoint_buffer_control_update32.part.2.str1.4
                0x0000000010010a74       0x1f CMakeFiles/simple_example.dir/home/steve/pico/pico-sdk/lib/tinyusb/src/portable/raspberrypi/rp2040/rp2040_usb.c.obj
 *fill*         0x0000000010010a93        0x1 
 .rodata.hw_endpoint_xfer_continue.str1.4
                0x0000000010010a94       0x29 CMakeFiles/simple_example.dir/home/steve/pico/pico-sdk/lib/tinyusb/src/portable/raspberrypi/rp2040/rp2040_usb.c.obj
 .rodata.str1.4
                0x0000000010010abd       0x29 CMakeFiles/simple_example.dir/home/steve/pico/pico-sdk/lib/tinyusb/src/portable/raspberrypi/rp2040/rp2040_usb.c.obj
                                          0x7 (size before relaxing)
 *fill*         0x0000000010010abd        0x3 
 .rodata.tud_task
                0x0000000010010ac0       0x8c CMakeFiles/simple_example.dir/home/steve/pico/pico-sdk/lib/tinyusb/src/device/usbd.c.obj
 .rodata._usbd_driver
                0x0000000010010b4c       0x18 CMakeFiles/simple_example.dir/home/steve/pico/pico-sdk/lib/tinyusb/src/device/usbd.c.obj
 .rodata.ff_wtoupper
                0x0000000010010b64       0x24 CMakeFiles/simple_example.dir/home/steve/apricot-hd/c/no-OS-FatFS/FatFs_SPI/ff15/source/ffunicode.c.obj
 .rodata.cvt1.4476
                0x0000000010010b88      0x1f2 CMakeFiles/simple_example.dir/home/steve/apricot-hd/c/no-OS-FatFS/FatFs_SPI/ff15/source/ffunicode.c.obj
 *fill*         0x0000000010010d7a        0x2 
 .rodata.cvt2.4477
                0x0000000010010d7c       0xbc CMakeFiles/simple_example.dir/home/steve/apricot-hd/c/no-OS-FatFS/FatFs_SPI/ff15/source/ffunicode.c.obj
 .rodata.uc437  0x0000000010010e38      0x100 CMakeFiles/simple_example.dir/home/steve/apricot-hd/c/no-OS-FatFS/FatFs_SPI/ff15/source/ffunicode.c.obj
 .rodata.f_printf
                0x0000000010010f38       0xd0 CMakeFiles/simple_example.dir/home/steve/apricot-hd/c/no-OS-FatFS/FatFs_SPI/ff15/source/ff.c.obj
 .rodata        0x0000000010011008       0x1c CMakeFiles/simple_example.dir/home/steve/apricot-hd/c/no-OS-FatFS/FatFs_SPI/ff15/source/ff.c.obj
 .rodata.ExCvt  0x0000000010011024       0x80 CMakeFiles/simple_example.dir/home/steve/apricot-hd/c/no-OS-FatFS/FatFs_SPI/ff15/source/ff.c.obj
 .rodata.GUID_MS_Basic
                0x00000000100110a4       0x10 CMakeFiles/simple_example.dir/home/steve/apricot-hd/c/no-OS-FatFS/FatFs_SPI/ff15/source/ff.c.obj
 .rodata.LfnOfs
                0x00000000100110b4        0xd CMakeFiles/simple_example.dir/home/steve/apricot-hd/c/no-OS-FatFS/FatFs_SPI/ff15/source/ff.c.obj
 *fill*         0x00000000100110c1        0x3 
 .rodata.check_fs.str1.4
                0x00000000100110c4       0x15 CMakeFiles/simple_example.dir/home/steve/apricot-hd/c/no-OS-FatFS/FatFs_SPI/ff15/source/ff.c.obj
 *fill*         0x00000000100110d9        0x3 
 .rodata.f_printf.str1.4
                0x00000000100110dc        0xb CMakeFiles/simple_example.dir/home/steve/apricot-hd/c/no-OS-FatFS/FatFs_SPI/ff15/source/ff.c.obj
 *fill*         0x00000000100110e7        0x1 
 .rodata.follow_path.str1.4
                0x00000000100110e8       0x13 CMakeFiles/simple_example.dir/home/steve/apricot-hd/c/no-OS-FatFS/FatFs_SPI/ff15/source/ff.c.obj
 *fill*         0x00000000100110fb        0x1 
 .rodata.__FUNCTION__.6926
                0x00000000100110fc       0x19 CMakeFiles/simple_example.dir/home/steve/apricot-hd/c/no-OS-FatFS/FatFs_SPI/sd_driver/sd_spi.c.obj
 *fill*         0x0000000010011115        0x3 
 .rodata.__FUNCTION__.6931
                0x0000000010011118       0x18 CMakeFiles/simple_example.dir/home/steve/apricot-hd/c/no-OS-FatFS/FatFs_SPI/sd_driver/sd_spi.c.obj
 .rodata.__func__.6967
                0x0000000010011130        0xd CMakeFiles/simple_example.dir/home/steve/apricot-hd/c/no-OS-FatFS/FatFs_SPI/sd_driver/sd_spi.c.obj
 *fill*         0x000000001001113d        0x3 
 .rodata.sd_spi_go_high_frequency.str1.4
                0x0000000010011140       0x1b CMakeFiles/simple_example.dir/home/steve/apricot-hd/c/no-OS-FatFS/FatFs_SPI/sd_driver/sd_spi.c.obj
 *fill*         0x000000001001115b        0x1 
 .rodata.sd_spi_write.str1.4
                0x000000001001115c       0x4a CMakeFiles/simple_example.dir/home/steve/apricot-hd/c/no-OS-FatFS/FatFs_SPI/sd_driver/sd_spi.c.obj
 *fill*         0x00000000100111a6        0x2 
 .rodata.__FUNCTION__.6648
                0x00000000100111a8        0xd CMakeFiles/simple_example.dir/home/steve/apricot-hd/c/no-OS-FatFS/FatFs_SPI/sd_driver/spi.c.obj
 *fill*         0x00000000100111b5        0x3 
 .rodata.__func__.6632
                0x00000000100111b8       0x10 CMakeFiles/simple_example.dir/home/steve/apricot-hd/c/no-OS-FatFS/FatFs_SPI/sd_driver/spi.c.obj
 .rodata.__func__.6643
                0x00000000100111c8        0xd CMakeFiles/simple_example.dir/home/steve/apricot-hd/c/no-OS-FatFS/FatFs_SPI/sd_driver/spi.c.obj
 *fill*         0x00000000100111d5        0x3 
 .rodata.__func__.6652
                0x00000000100111d8        0x9 CMakeFiles/simple_example.dir/home/steve/apricot-hd/c/no-OS-FatFS/FatFs_SPI/sd_driver/spi.c.obj
 *fill*         0x00000000100111e1        0x3 
 .rodata.__func__.6656
                0x00000000100111e4        0xb CMakeFiles/simple_example.dir/home/steve/apricot-hd/c/no-OS-FatFS/FatFs_SPI/sd_driver/spi.c.obj
 .rodata.dummy.6644
                0x00000000100111ef        0x1 CMakeFiles/simple_example.dir/home/steve/apricot-hd/c/no-OS-FatFS/FatFs_SPI/sd_driver/spi.c.obj
 .rodata.spi_lock.str1.4
                0x00000000100111f0       0x23 CMakeFiles/simple_example.dir/home/steve/apricot-hd/c/no-OS-FatFS/FatFs_SPI/sd_driver/spi.c.obj
 *fill*         0x0000000010011213        0x1 
 .rodata.str1.4
                0x0000000010011214       0xb7 CMakeFiles/simple_example.dir/home/steve/apricot-hd/c/no-OS-FatFS/FatFs_SPI/sd_driver/spi.c.obj
 *fill*         0x00000000100112cb        0x1 
 .rodata.sd_cmd
                0x00000000100112cc       0xcc CMakeFiles/simple_example.dir/home/steve/apricot-hd/c/no-OS-FatFS/FatFs_SPI/sd_driver/sd_card.c.obj
 .rodata.__FUNCTION__.7089
                0x0000000010011398        0xe CMakeFiles/simple_example.dir/home/steve/apricot-hd/c/no-OS-FatFS/FatFs_SPI/sd_driver/sd_card.c.obj
 *fill*         0x00000000100113a6        0x2 
 .rodata.__FUNCTION__.7210
                0x00000000100113a8        0xe CMakeFiles/simple_example.dir/home/steve/apricot-hd/c/no-OS-FatFS/FatFs_SPI/sd_driver/sd_card.c.obj
 *fill*         0x00000000100113b6        0x2 
 .rodata.__func__.7093
                0x00000000100113b8        0x8 CMakeFiles/simple_example.dir/home/steve/apricot-hd/c/no-OS-FatFS/FatFs_SPI/sd_driver/sd_card.c.obj
 .rodata.__func__.7097
                0x00000000100113c0        0xa CMakeFiles/simple_example.dir/home/steve/apricot-hd/c/no-OS-FatFS/FatFs_SPI/sd_driver/sd_card.c.obj
 *fill*         0x00000000100113ca        0x2 
 .rodata.__func__.7179
                0x00000000100113cc       0x12 CMakeFiles/simple_example.dir/home/steve/apricot-hd/c/no-OS-FatFS/FatFs_SPI/sd_driver/sd_card.c.obj
 *fill*         0x00000000100113de        0x2 
 .rodata.__func__.7240
                0x00000000100113e0        0xf CMakeFiles/simple_example.dir/home/steve/apricot-hd/c/no-OS-FatFS/FatFs_SPI/sd_driver/sd_card.c.obj
 *fill*         0x00000000100113ef        0x1 
 .rodata.sd_card_detect.str1.4
                0x00000000100113f0       0x16 CMakeFiles/simple_example.dir/home/steve/apricot-hd/c/no-OS-FatFS/FatFs_SPI/sd_driver/sd_card.c.obj
 *fill*         0x0000000010011406        0x2 
 .rodata.sd_cmd.str1.4
                0x0000000010011408      0x34e CMakeFiles/simple_example.dir/home/steve/apricot-hd/c/no-OS-FatFS/FatFs_SPI/sd_driver/sd_card.c.obj
 *fill*         0x0000000010011756        0x2 
 .rodata.sd_init.str1.4
                0x0000000010011758      0x15b CMakeFiles/simple_example.dir/home/steve/apricot-hd/c/no-OS-FatFS/FatFs_SPI/sd_driver/sd_card.c.obj
 *fill*         0x00000000100118b3        0x1 
 .rodata.sd_read_blocks.str1.4
                0x00000000100118b4       0x3d CMakeFiles/simple_example.dir/home/steve/apricot-hd/c/no-OS-FatFS/FatFs_SPI/sd_driver/sd_card.c.obj
 *fill*         0x00000000100118f1        0x3 
 .rodata.sd_sectors.str1.4
                0x00000000100118f4       0x4a CMakeFiles/simple_example.dir/home/steve/apricot-hd/c/no-OS-FatFS/FatFs_SPI/sd_driver/sd_card.c.obj
 *fill*         0x000000001001193e        0x2 
 .rodata.sd_sectors_nolock.part.1.str1.4
                0x0000000010011940      0x1d2 CMakeFiles/simple_example.dir/home/steve/apricot-hd/c/no-OS-FatFS/FatFs_SPI/sd_driver/sd_card.c.obj
 *fill*         0x0000000010011b12        0x2 
 .rodata.sd_write_block.constprop.3.str1.4
                0x0000000010011b14       0x2c CMakeFiles/simple_example.dir/home/steve/apricot-hd/c/no-OS-FatFS/FatFs_SPI/sd_driver/sd_card.c.obj
 .rodata.sd_write_blocks.str1.4
                0x0000000010011b40       0x48 CMakeFiles/simple_example.dir/home/steve/apricot-hd/c/no-OS-FatFS/FatFs_SPI/sd_driver/sd_card.c.obj
 .rodata.m_Crc16Table
                0x0000000010011b88      0x200 CMakeFiles/simple_example.dir/home/steve/apricot-hd/c/no-OS-FatFS/FatFs_SPI/sd_driver/crc.c.obj
 .rodata.m_Crc7Table
                0x0000000010011d88      0x100 CMakeFiles/simple_example.dir/home/steve/apricot-hd/c/no-OS-FatFS/FatFs_SPI/sd_driver/crc.c.obj
 .rodata.CSWTCH.2
                0x0000000010011e88       0x50 CMakeFiles/simple_example.dir/home/steve/apricot-hd/c/no-OS-FatFS/FatFs_SPI/src/f_util.c.obj
 .rodata.FRESULT_str.str1.4
                0x0000000010011ed8        0x8 CMakeFiles/simple_example.dir/home/steve/apricot-hd/c/no-OS-FatFS/FatFs_SPI/src/f_util.c.obj
 .rodata.str1.4
                0x0000000010011ee0      0x303 CMakeFiles/simple_example.dir/home/steve/apricot-hd/c/no-OS-FatFS/FatFs_SPI/src/f_util.c.obj
 *fill*         0x00000000100121e3        0x1 
 .rodata.my_assert_func.str1.4
                0x00000000100121e4       0x39 CMakeFiles/simple_example.dir/home/steve/apricot-hd/c/no-OS-FatFS/FatFs_SPI/src/my_debug.c.obj
 *fill*         0x000000001001221d        0x3 
 .rodata.my_printf.str1.4
                0x0000000010012220        0x3 CMakeFiles/simple_example.dir/home/steve/apricot-hd/c/no-OS-FatFS/FatFs_SPI/src/my_debug.c.obj
 *fill*         0x0000000010012223        0x1 
 .rodata.dma_claim_unused_channel.str1.4
                0x0000000010012224       0x1e CMakeFiles/simple_example.dir/home/steve/pico/pico-sdk/src/rp2_common/hardware_dma/dma.c.obj
 *fill*         0x0000000010012242        0x2 
 .rodata        0x0000000010012244        0x4 /usr/lib/gcc/arm-none-eabi/8.3.1/../../../arm-none-eabi/lib/thumb/v6-m/nofp/libc.a(lib_a-impure.o)
                0x0000000010012244                _global_impure_ptr
                0x0000000010012248                . = ALIGN (0x4)
 *(SORT_BY_ALIGNMENT(SORT_BY_NAME(.flashdata*)))
                0x0000000010012248                . = ALIGN (0x4)

.rel.dyn        0x0000000010012248        0x0
 .rel.iplt      0x0000000010012248        0x0 /usr/lib/gcc/arm-none-eabi/8.3.1/thumb/v6-m/nofp/crtbegin.o

.ARM.extab
 *(.ARM.extab* .gnu.linkonce.armextab.*)
                0x0000000010012248                __exidx_start = .

.ARM.exidx
 *(.ARM.exidx* .gnu.linkonce.armexidx.*)
                0x0000000010012248                __exidx_end = .
                0x0000000010012248                . = ALIGN (0x4)
                0x0000000010012248                __binary_info_start = .

.binary_info    0x0000000010012248       0x2c
 *(.binary_info.keep.*)
 .binary_info.keep.__bi_ptr22
                0x0000000010012248        0x4 CMakeFiles/simple_example.dir/home/steve/pico/pico-sdk/src/rp2_common/pico_standard_link/binary_info.c.obj
 .binary_info.keep.__bi_ptr30
                0x000000001001224c        0x4 CMakeFiles/simple_example.dir/home/steve/pico/pico-sdk/src/rp2_common/pico_standard_link/binary_info.c.obj
 .binary_info.keep.__bi_ptr38
                0x0000000010012250        0x4 CMakeFiles/simple_example.dir/home/steve/pico/pico-sdk/src/rp2_common/pico_standard_link/binary_info.c.obj
 .binary_info.keep.__bi_ptr44
                0x0000000010012254        0x4 CMakeFiles/simple_example.dir/home/steve/pico/pico-sdk/src/rp2_common/pico_standard_link/binary_info.c.obj
 .binary_info.keep.__bi_ptr50
                0x0000000010012258        0x4 CMakeFiles/simple_example.dir/home/steve/pico/pico-sdk/src/rp2_common/pico_standard_link/binary_info.c.obj
 .binary_info.keep.__bi_ptr56
                0x000000001001225c        0x4 CMakeFiles/simple_example.dir/home/steve/pico/pico-sdk/src/rp2_common/pico_standard_link/binary_info.c.obj
 .binary_info.keep.__bi_ptr75
                0x0000000010012260        0x4 CMakeFiles/simple_example.dir/home/steve/pico/pico-sdk/src/rp2_common/pico_standard_link/binary_info.c.obj
 .binary_info.keep.__bi_ptr81
                0x0000000010012264        0x4 CMakeFiles/simple_example.dir/home/steve/pico/pico-sdk/src/rp2_common/pico_standard_link/binary_info.c.obj
 *(.binary_info.*)
 .binary_info.__bi_ptr28
                0x0000000010012268        0x4 CMakeFiles/simple_example.dir/home/steve/pico/pico-sdk/src/rp2_common/pico_stdio_uart/stdio_uart.c.obj
 .binary_info.__bi_ptr29
                0x000000001001226c        0x4 CMakeFiles/simple_example.dir/home/steve/pico/pico-sdk/src/rp2_common/pico_stdio_uart/stdio_uart.c.obj
 .binary_info.__bi_ptr118
                0x0000000010012270        0x4 CMakeFiles/simple_example.dir/home/steve/pico/pico-sdk/src/rp2_common/pico_stdio_usb/stdio_usb.c.obj
                0x0000000010012274                __binary_info_end = .
                0x0000000010012274                . = ALIGN (0x4)
                0x0000000010012274                __etext = .

.ram_vector_table
                0x0000000020000000       0xc0
 *(.ram_vector_table)
 .ram_vector_table
                0x0000000020000000       0xc0 CMakeFiles/simple_example.dir/home/steve/pico/pico-sdk/src/rp2_common/pico_runtime/runtime.c.obj
                0x0000000020000000                ram_vector_table

.data           0x00000000200000c0     0x1278 load address 0x0000000010012274
                0x00000000200000c0                __data_start__ = .
 *(vtable)
 *(.time_critical*)
 .time_critical.sem_acquire_timeout_ms
                0x00000000200000c0       0x98 CMakeFiles/simple_example.dir/home/steve/pico/pico-sdk/src/common/pico_sync/sem.c.obj
                0x00000000200000c0                sem_acquire_timeout_ms
 .time_critical.sem_release
                0x0000000020000158       0x4c CMakeFiles/simple_example.dir/home/steve/pico/pico-sdk/src/common/pico_sync/sem.c.obj
                0x0000000020000158                sem_release
 .time_critical.mutex_enter_blocking
                0x00000000200001a4       0x48 CMakeFiles/simple_example.dir/home/steve/pico/pico-sdk/src/common/pico_sync/mutex.c.obj
                0x00000000200001a4                mutex_enter_blocking